Archive member included to satisfy reference by file (symbol)

external/rtt/librtt_nrf52840_xxAA.a(SEGGER_RTT.c.obj)
                              examples/light_ctl/ctl_lc_server/CMakeFiles/light_ctl_lc_server_nrf52840_xxAA_s140_7.2.0.dir/__/__/__/mesh/core/src/log.c.obj (SEGGER_RTT_Write)
external/rtt/librtt_nrf52840_xxAA.a(SEGGER_RTT_printf.c.obj)
                              examples/light_ctl/ctl_lc_server/CMakeFiles/light_ctl_lc_server_nrf52840_xxAA_s140_7.2.0.dir/__/__/__/mesh/core/src/log.c.obj (SEGGER_RTT_vprintf)
external/micro-ecc/libuECC_nrf52840_xxAA.a(uECC.c.obj)
                              examples/light_ctl/ctl_lc_server/CMakeFiles/light_ctl_lc_server_nrf52840_xxAA_s140_7.2.0.dir/__/__/__/mesh/prov/src/prov_utils.c.obj (uECC_secp256r1)
c:/mesh/arm_gcc/bin/../lib/gcc/arm-none-eabi/9.2.1/thumb/v7e-m+fp/hard\libgcc.a(_aeabi_ldivmod.o)
                              examples/light_ctl/ctl_lc_server/CMakeFiles/light_ctl_lc_server_nrf52840_xxAA_s140_7.2.0.dir/__/__/common/src/app_light_ctl.c.obj (__aeabi_ldivmod)
c:/mesh/arm_gcc/bin/../lib/gcc/arm-none-eabi/9.2.1/thumb/v7e-m+fp/hard\libgcc.a(_aeabi_uldivmod.o)
                              examples/light_ctl/ctl_lc_server/CMakeFiles/light_ctl_lc_server_nrf52840_xxAA_s140_7.2.0.dir/__/__/common/src/app_transition.c.obj (__aeabi_uldivmod)
c:/mesh/arm_gcc/bin/../lib/gcc/arm-none-eabi/9.2.1/thumb/v7e-m+fp/hard\libgcc.a(_udivmoddi4.o)
                              c:/mesh/arm_gcc/bin/../lib/gcc/arm-none-eabi/9.2.1/thumb/v7e-m+fp/hard\libgcc.a(_aeabi_ldivmod.o) (__udivmoddi4)
c:/mesh/arm_gcc/bin/../lib/gcc/arm-none-eabi/9.2.1/thumb/v7e-m+fp/hard\libgcc.a(_dvmd_tls.o)
                              c:/mesh/arm_gcc/bin/../lib/gcc/arm-none-eabi/9.2.1/thumb/v7e-m+fp/hard\libgcc.a(_aeabi_ldivmod.o) (__aeabi_ldiv0)
c:/mesh/arm_gcc/bin/../lib/gcc/arm-none-eabi/9.2.1/../../../../arm-none-eabi/lib/thumb/v7e-m+fp/hard\libg_nano.a(lib_a-abs.o)
                              examples/light_ctl/ctl_lc_server/CMakeFiles/light_ctl_lc_server_nrf52840_xxAA_s140_7.2.0.dir/__/__/common/src/app_light_ctl.c.obj (abs)
c:/mesh/arm_gcc/bin/../lib/gcc/arm-none-eabi/9.2.1/../../../../arm-none-eabi/lib/thumb/v7e-m+fp/hard\libg_nano.a(lib_a-calloc.o)
                              examples/light_ctl/ctl_lc_server/CMakeFiles/light_ctl_lc_server_nrf52840_xxAA_s140_7.2.0.dir/__/__/__/mesh/core/src/mesh_mem_stdlib.c.obj (calloc)
c:/mesh/arm_gcc/bin/../lib/gcc/arm-none-eabi/9.2.1/../../../../arm-none-eabi/lib/thumb/v7e-m+fp/hard\libg_nano.a(lib_a-exit.o)
                              c:/mesh/arm_gcc/bin/../lib/gcc/arm-none-eabi/9.2.1/../../../../arm-none-eabi/lib/thumb/v7e-m+fp/hard/crt0.o (exit)
c:/mesh/arm_gcc/bin/../lib/gcc/arm-none-eabi/9.2.1/../../../../arm-none-eabi/lib/thumb/v7e-m+fp/hard\libg_nano.a(lib_a-impure.o)
                              c:/mesh/arm_gcc/bin/../lib/gcc/arm-none-eabi/9.2.1/../../../../arm-none-eabi/lib/thumb/v7e-m+fp/hard\libg_nano.a(lib_a-exit.o) (_global_impure_ptr)
c:/mesh/arm_gcc/bin/../lib/gcc/arm-none-eabi/9.2.1/../../../../arm-none-eabi/lib/thumb/v7e-m+fp/hard\libg_nano.a(lib_a-init.o)
                              c:/mesh/arm_gcc/bin/../lib/gcc/arm-none-eabi/9.2.1/../../../../arm-none-eabi/lib/thumb/v7e-m+fp/hard/crt0.o (__libc_init_array)
c:/mesh/arm_gcc/bin/../lib/gcc/arm-none-eabi/9.2.1/../../../../arm-none-eabi/lib/thumb/v7e-m+fp/hard\libg_nano.a(lib_a-malloc.o)
                              examples/light_ctl/ctl_lc_server/CMakeFiles/light_ctl_lc_server_nrf52840_xxAA_s140_7.2.0.dir/__/__/__/mesh/core/src/mesh_mem_stdlib.c.obj (malloc)
c:/mesh/arm_gcc/bin/../lib/gcc/arm-none-eabi/9.2.1/../../../../arm-none-eabi/lib/thumb/v7e-m+fp/hard\libg_nano.a(lib_a-memcmp.o)
                              examples/light_ctl/ctl_lc_server/CMakeFiles/light_ctl_lc_server_nrf52840_xxAA_s140_7.2.0.dir/C_/mesh/deps/nRF5_SDK_17.0.2_d674dde/components/ble/common/ble_advdata.c.obj (memcmp)
c:/mesh/arm_gcc/bin/../lib/gcc/arm-none-eabi/9.2.1/../../../../arm-none-eabi/lib/thumb/v7e-m+fp/hard\libg_nano.a(lib_a-memcpy-stub.o)
                              examples/light_ctl/ctl_lc_server/CMakeFiles/light_ctl_lc_server_nrf52840_xxAA_s140_7.2.0.dir/C_/mesh/deps/nRF5_SDK_17.0.2_d674dde/components/ble/common/ble_advdata.c.obj (memcpy)
c:/mesh/arm_gcc/bin/../lib/gcc/arm-none-eabi/9.2.1/../../../../arm-none-eabi/lib/thumb/v7e-m+fp/hard\libg_nano.a(lib_a-memset.o)
                              c:/mesh/arm_gcc/bin/../lib/gcc/arm-none-eabi/9.2.1/../../../../arm-none-eabi/lib/thumb/v7e-m+fp/hard/crt0.o (memset)
c:/mesh/arm_gcc/bin/../lib/gcc/arm-none-eabi/9.2.1/../../../../arm-none-eabi/lib/thumb/v7e-m+fp/hard\libg_nano.a(lib_a-nano-callocr.o)
                              c:/mesh/arm_gcc/bin/../lib/gcc/arm-none-eabi/9.2.1/../../../../arm-none-eabi/lib/thumb/v7e-m+fp/hard\libg_nano.a(lib_a-calloc.o) (_calloc_r)
c:/mesh/arm_gcc/bin/../lib/gcc/arm-none-eabi/9.2.1/../../../../arm-none-eabi/lib/thumb/v7e-m+fp/hard\libg_nano.a(lib_a-nano-freer.o)
[...]
Memory Configuration

Name             Origin             Length             Attributes
FLASH            0x00027000         0x000d0000         xr
RAM              0x20002e00         0x0003cf00         xrw
*default*        0x00000000         0xffffffff

Linker script and memory map


.text           0x00027000    0x24c30
 *(.isr_vector)
 .isr_vector    0x00027000      0x200 examples/light_ctl/ctl_lc_server/CMakeFiles/light_ctl_lc_server_nrf52840_xxAA_s140_7.2.0.dir/C_/mesh/deps/nRF5_SDK_17.0.2_d674dde/modules/nrfx/mdk/gcc_startup_nrf52840.S.obj
                0x00027000                __isr_vector
 *(.text*)
 .text          0x00027200       0x40 c:/mesh/arm_gcc/bin/../lib/gcc/arm-none-eabi/9.2.1/thumb/v7e-m+fp/hard/crtbegin.o
 .text          0x00027240       0x74 c:/mesh/arm_gcc/bin/../lib/gcc/arm-none-eabi/9.2.1/../../../../arm-none-eabi/lib/thumb/v7e-m+fp/hard/crt0.o
                0x00027240                _start
                0x00027240                _mainCRTStartup
 .text.sd_app_evt_wait
                0x000272b4        0x4 examples/light_ctl/ctl_lc_server/CMakeFiles/light_ctl_lc_server_nrf52840_xxAA_s140_7.2.0.dir/src/main.c.obj
 .text.light_ctl_get_cb
                0x000272b8       0x10 examples/light_ctl/ctl_lc_server/CMakeFiles/light_ctl_lc_server_nrf52840_xxAA_s140_7.2.0.dir/src/main.c.obj
 .text.light_ctl_lightness_get_cb
                0x000272c8        0xc examples/light_ctl/ctl_lc_server/CMakeFiles/light_ctl_lc_server_nrf52840_xxAA_s140_7.2.0.dir/src/main.c.obj
 .text.temperature32_range_listener_cb
                0x000272d4       0x3c examples/light_ctl/ctl_lc_server/CMakeFiles/light_ctl_lc_server_nrf52840_xxAA_s140_7.2.0.dir/src/main.c.obj
 .text.ligth_ctl_transition_cb
                0x00027310       0x84 examples/light_ctl/ctl_lc_server/CMakeFiles/light_ctl_lc_server_nrf52840_xxAA_s140_7.2.0.dir/src/main.c.obj
 .text.models_init_cb
                0x00027394      0x160 examples/light_ctl/ctl_lc_server/CMakeFiles/light_ctl_lc_server_nrf52840_xxAA_s140_7.2.0.dir/src/main.c.obj
 .text.pwm_lightness_ctemp_duv_set
                0x000274f4      0x128 examples/light_ctl/ctl_lc_server/CMakeFiles/light_ctl_lc_server_nrf52840_xxAA_s140_7.2.0.dir/src/main.c.obj
 .text.light_ctl_set_cb
                0x0002761c       0x28 examples/light_ctl/ctl_lc_server/CMakeFiles/light_ctl_lc_server_nrf52840_xxAA_s140_7.2.0.dir/src/main.c.obj
 .text.light_ctl_lightness_set_cb
                0x00027644       0x90 examples/light_ctl/ctl_lc_server/CMakeFiles/light_ctl_lc_server_nrf52840_xxAA_s140_7.2.0.dir/src/main.c.obj
 .text.node_reset
                0x000276d4       0x70 examples/light_ctl/ctl_lc_server/CMakeFiles/light_ctl_lc_server_nrf52840_xxAA_s140_7.2.0.dir/src/main.c.obj
 .text.config_server_evt_cb
                0x00027744        0xc examples/light_ctl/ctl_lc_server/CMakeFiles/light_ctl_lc_server_nrf52840_xxAA_s140_7.2.0.dir/src/main.c.obj
 .text.mesh_events_handle
                0x00027750      0x184 examples/light_ctl/ctl_lc_server/CMakeFiles/light_ctl_lc_server_nrf52840_xxAA_s140_7.2.0.dir/src/main.c.obj
 .text.unicast_address_print
                0x000278d4       0x74 examples/light_ctl/ctl_lc_server/CMakeFiles/light_ctl_lc_server_nrf52840_xxAA_s140_7.2.0.dir/src/main.c.obj
 .text.provisioning_complete_cb
                0x00027948       0x74 examples/light_ctl/ctl_lc_server/CMakeFiles/light_ctl_lc_server_nrf52840_xxAA_s140_7.2.0.dir/src/main.c.obj
 .text.light_ctl_lightness_transition_cb
                0x000279bc       0x70 examples/light_ctl/ctl_lc_server/CMakeFiles/light_ctl_lc_server_nrf52840_xxAA_s140_7.2.0.dir/src/main.c.obj
 .text.fade_value_toggle.constprop.0
                0x00027a2c       0x88 examples/light_ctl/ctl_lc_server/CMakeFiles/light_ctl_lc_server_nrf52840_xxAA_s140_7.2.0.dir/src/main.c.obj
 .text.app_rtt_input_handler
                0x00027ab4      0x260 examples/light_ctl/ctl_lc_server/CMakeFiles/light_ctl_lc_server_nrf52840_xxAA_s140_7.2.0.dir/src/main.c.obj
 .text.startup.main
                0x00027d14      0x238 examples/light_ctl/ctl_lc_server/CMakeFiles/light_ctl_lc_server_nrf52840_xxAA_s140_7.2.0.dir/src/main.c.obj
                0x00027d14                main
 .text.present_ctl_values_set
                0x00027f4c       0x36 examples/light_ctl/ctl_lc_server/CMakeFiles/light_ctl_lc_server_nrf52840_xxAA_s140_7.2.0.dir/__/__/common/src/app_light_ctl.c.obj
 *fill*         0x00027f82        0x2 
 .text.m_transition_abort_flag_cb
                0x00027f84       0x28 examples/light_ctl/ctl_lc_server/CMakeFiles/light_ctl_lc_server_nrf52840_xxAA_s140_7.2.0.dir/__/__/common/src/app_light_ctl.c.obj
 .text.transition_start_cb
                0x00027fac       0xf4 examples/light_ctl/ctl_lc_server/CMakeFiles/light_ctl_lc_server_nrf52840_xxAA_s140_7.2.0.dir/__/__/common/src/app_light_ctl.c.obj
 .text.ctl_state_temperature32_get_cb
                0x000280a0       0xfc examples/light_ctl/ctl_lc_server/CMakeFiles/light_ctl_lc_server_nrf52840_xxAA_s140_7.2.0.dir/__/__/common/src/app_light_ctl.c.obj
 .text.ctl_state_get_cb
                0x0002819c       0xe4 examples/light_ctl/ctl_lc_server/CMakeFiles/light_ctl_lc_server_nrf52840_xxAA_s140_7.2.0.dir/__/__/common/src/app_light_ctl.c.obj
 .text.ctl_publish
                0x00028280       0xa2 examples/light_ctl/ctl_lc_server/CMakeFiles/light_ctl_lc_server_nrf52840_xxAA_s140_7.2.0.dir/__/__/common/src/app_light_ctl.c.obj
 *fill*         0x00028322        0x2 
 .text.transition_complete_cb
                0x00028324      0x17c examples/light_ctl/ctl_lc_server/CMakeFiles/light_ctl_lc_server_nrf52840_xxAA_s140_7.2.0.dir/__/__/common/src/app_light_ctl.c.obj
 .text.transition_tick_cb
                0x000284a0      0x178 examples/light_ctl/ctl_lc_server/CMakeFiles/light_ctl_lc_server_nrf52840_xxAA_s140_7.2.0.dir/__/__/common/src/app_light_ctl.c.obj
 .text.ctl_state_default_get_cb
                0x00028618       0x58 examples/light_ctl/ctl_lc_server/CMakeFiles/light_ctl_lc_server_nrf52840_xxAA_s140_7.2.0.dir/__/__/common/src/app_light_ctl.c.obj
 .text.ctl_state_default_set_cb
                0x00028670       0xb4 examples/light_ctl/ctl_lc_server/CMakeFiles/light_ctl_lc_server_nrf52840_xxAA_s140_7.2.0.dir/__/__/common/src/app_light_ctl.c.obj
 .text.ctl_state_range_set_cb
                0x00028724      0x104 examples/light_ctl/ctl_lc_server/CMakeFiles/light_ctl_lc_server_nrf52840_xxAA_s140_7.2.0.dir/__/__/common/src/app_light_ctl.c.obj
 .text.transition_delay_start_cb
                0x00028828       0x6c examples/light_ctl/ctl_lc_server/CMakeFiles/light_ctl_lc_server_nrf52840_xxAA_s140_7.2.0.dir/__/__/common/src/app_light_ctl.c.obj
 .text.ctl_state_range_get_cb
                0x00028894       0x98 examples/light_ctl/ctl_lc_server/CMakeFiles/light_ctl_lc_server_nrf52840_xxAA_s140_7.2.0.dir/__/__/common/src/app_light_ctl.c.obj
 .text.add_publish
                0x0002892c       0x42 examples/light_ctl/ctl_lc_server/CMakeFiles/light_ctl_lc_server_nrf52840_xxAA_s140_7.2.0.dir/__/__/common/src/app_light_ctl.c.obj
 *fill*         0x0002896e        0x2 
 .text.transition_parameters_set.part.0
                0x00028970       0x30 examples/light_ctl/ctl_lc_server/CMakeFiles/light_ctl_lc_server_nrf52840_xxAA_s140_7.2.0.dir/__/__/common/src/app_light_ctl.c.obj
 .text.ctl_state_set_cb
                0x000289a0      0x1bc examples/light_ctl/ctl_lc_server/CMakeFiles/light_ctl_lc_server_nrf52840_xxAA_s140_7.2.0.dir/__/__/common/src/app_light_ctl.c.obj
 .text.ctl_state_move_set_cb
                0x00028b5c      0x138 examples/light_ctl/ctl_lc_server/CMakeFiles/light_ctl_lc_server_nrf52840_xxAA_s140_7.2.0.dir/__/__/common/src/app_light_ctl.c.obj
 .text.ctl_state_delta_set_cb
                0x00028c94      0x1d8 examples/light_ctl/ctl_lc_server/CMakeFiles/light_ctl_lc_server_nrf52840_xxAA_s140_7.2.0.dir/__/__/common/src/app_light_ctl.c.obj
 .text.ctl_state_temperature32_set_cb
                0x00028e6c      0x194 examples/light_ctl/ctl_lc_server/CMakeFiles/light_ctl_lc_server_nrf52840_xxAA_s140_7.2.0.dir/__/__/common/src/app_light_ctl.c.obj
 .text.app_light_ctl_model_init
                0x00029000       0xc8 examples/light_ctl/ctl_lc_server/CMakeFiles/light_ctl_lc_server_nrf52840_xxAA_s140_7.2.0.dir/__/__/common/src/app_light_ctl.c.obj
                0x00029000                app_light_ctl_model_init
 .text.app_light_ctl_binding_setup
                0x000290c8      0x110 examples/light_ctl/ctl_lc_server/CMakeFiles/light_ctl_lc_server_nrf52840_xxAA_s140_7.2.0.dir/__/__/common/src/app_light_ctl.c.obj
                0x000290c8                app_light_ctl_binding_setup
 .text.app_light_ctl_current_value_publish
                0x000291d8       0xcc examples/light_ctl/ctl_lc_server/CMakeFiles/light_ctl_lc_server_nrf52840_xxAA_s140_7.2.0.dir/__/__/common/src/app_light_ctl.c.obj
                0x000291d8                app_light_ctl_current_value_publish
 .text.app_dtt_server_get_cb
                0x000292a4       0x30 examples/light_ctl/ctl_lc_server/CMakeFiles/light_ctl_lc_server_nrf52840_xxAA_s140_7.2.0.dir/__/__/common/src/app_light_lightness.c.obj
                0x000292a4                app_dtt_server_get_cb
 .text.app_dtt_server_set_cb
                0x000292d4       0x44 examples/light_ctl/ctl_lc_server/CMakeFiles/light_ctl_lc_server_nrf52840_xxAA_s140_7.2.0.dir/__/__/common/src/app_light_lightness.c.obj
                0x000292d4                app_dtt_server_set_cb
 .text.transition_start_cb
                0x00029318       0xc0 examples/light_ctl/ctl_lc_server/CMakeFiles/light_ctl_lc_server_nrf52840_xxAA_s140_7.2.0.dir/__/__/common/src/app_light_lightness.c.obj
 .text.m_transition_abort_flag_cb
                0x000293d8       0x90 examples/light_ctl/ctl_lc_server/CMakeFiles/light_ctl_lc_server_nrf52840_xxAA_s140_7.2.0.dir/__/__/common/src/app_light_lightness.c.obj
 .text.range_get
                0x00029468       0x48 examples/light_ctl/ctl_lc_server/CMakeFiles/light_ctl_lc_server_nrf52840_xxAA_s140_7.2.0.dir/__/__/common/src/app_light_lightness.c.obj
 .text.light_lightness_state_range_get_cb
                0x000294b0       0x2e examples/light_ctl/ctl_lc_server/CMakeFiles/light_ctl_lc_server_nrf52840_xxAA_s140_7.2.0.dir/__/__/common/src/app_light_lightness.c.obj
 .text.publish_lightness
                0x000294de       0x26 examples/light_ctl/ctl_lc_server/CMakeFiles/light_ctl_lc_server_nrf52840_xxAA_s140_7.2.0.dir/__/__/common/src/app_light_lightness.c.obj
 .text.light_lightness_state_get_cb
                0x00029504       0xdc examples/light_ctl/ctl_lc_server/CMakeFiles/light_ctl_lc_server_nrf52840_xxAA_s140_7.2.0.dir/__/__/common/src/app_light_lightness.c.obj
 .text.transition_tick_cb
                0x000295e0       0xe0 examples/light_ctl/ctl_lc_server/CMakeFiles/light_ctl_lc_server_nrf52840_xxAA_s140_7.2.0.dir/__/__/common/src/app_light_lightness.c.obj
 .text.app_onpowerup_server_get_cb
                0x000296c0       0x30 examples/light_ctl/ctl_lc_server/CMakeFiles/light_ctl_lc_server_nrf52840_xxAA_s140_7.2.0.dir/__/__/common/src/app_light_lightness.c.obj
 .text.app_onpowerup_server_set_cb
                0x000296f0       0x34 examples/light_ctl/ctl_lc_server/CMakeFiles/light_ctl_lc_server_nrf52840_xxAA_s140_7.2.0.dir/__/__/common/src/app_light_lightness.c.obj
 .text.light_lightness_state_range_set_cb
                0x00029724       0xa0 examples/light_ctl/ctl_lc_server/CMakeFiles/light_ctl_lc_server_nrf52840_xxAA_s140_7.2.0.dir/__/__/common/src/app_light_lightness.c.obj
 .text.light_lightness_state_default_set_cb
                0x000297c4       0x44 examples/light_ctl/ctl_lc_server/CMakeFiles/light_ctl_lc_server_nrf52840_xxAA_s140_7.2.0.dir/__/__/common/src/app_light_lightness.c.obj
 .text.light_lightness_state_default_get_cb
                0x00029808       0x30 examples/light_ctl/ctl_lc_server/CMakeFiles/light_ctl_lc_server_nrf52840_xxAA_s140_7.2.0.dir/__/__/common/src/app_light_lightness.c.obj
 .text.light_lightness_state_last_get_cb
                0x00029838       0x30 examples/light_ctl/ctl_lc_server/CMakeFiles/light_ctl_lc_server_nrf52840_xxAA_s140_7.2.0.dir/__/__/common/src/app_light_lightness.c.obj
 .text.transition_parameters_set.part.0
                0x00029868       0x2c examples/light_ctl/ctl_lc_server/CMakeFiles/light_ctl_lc_server_nrf52840_xxAA_s140_7.2.0.dir/__/__/common/src/app_light_lightness.c.obj
 .text.light_lightness_state_set_cb
                0x00029894      0x17c examples/light_ctl/ctl_lc_server/CMakeFiles/light_ctl_lc_server_nrf52840_xxAA_s140_7.2.0.dir/__/__/common/src/app_light_lightness.c.obj
 .text.transition_delay_start_cb
                0x00029a10       0x74 examples/light_ctl/ctl_lc_server/CMakeFiles/light_ctl_lc_server_nrf52840_xxAA_s140_7.2.0.dir/__/__/common/src/app_light_lightness.c.obj
 .text.present_lightness_set_with_range_clip
                0x00029a84       0x3a examples/light_ctl/ctl_lc_server/CMakeFiles/light_ctl_lc_server_nrf52840_xxAA_s140_7.2.0.dir/__/__/common/src/app_light_lightness.c.obj
 *fill*         0x00029abe        0x2 
 .text.transition_complete_cb
                0x00029ac0       0xe4 examples/light_ctl/ctl_lc_server/CMakeFiles/light_ctl_lc_server_nrf52840_xxAA_s140_7.2.0.dir/__/__/common/src/app_light_lightness.c.obj
 .text.light_lightness_state_move_set_cb
                0x00029ba4      0x140 examples/light_ctl/ctl_lc_server/CMakeFiles/light_ctl_lc_server_nrf52840_xxAA_s140_7.2.0.dir/__/__/common/src/app_light_lightness.c.obj
 .text.light_lightness_state_delta_set_cb
                0x00029ce4      0x1bc examples/light_ctl/ctl_lc_server/CMakeFiles/light_ctl_lc_server_nrf52840_xxAA_s140_7.2.0.dir/__/__/common/src/app_light_lightness.c.obj
 .text.app_light_lightness_model_init
                0x00029ea0       0xe0 examples/light_ctl/ctl_lc_server/CMakeFiles/light_ctl_lc_server_nrf52840_xxAA_s140_7.2.0.dir/__/__/common/src/app_light_lightness.c.obj
                0x00029ea0                app_light_lightness_model_init
 .text.app_light_lightness_binding_setup
                0x00029f80       0xb4 examples/light_ctl/ctl_lc_server/CMakeFiles/light_ctl_lc_server_nrf52840_xxAA_s140_7.2.0.dir/__/__/common/src/app_light_lightness.c.obj
                0x00029f80                app_light_lightness_binding_setup
 .text.app_light_lightness_direct_actual_set
                0x0002a034       0x6c examples/light_ctl/ctl_lc_server/CMakeFiles/light_ctl_lc_server_nrf52840_xxAA_s140_7.2.0.dir/__/__/common/src/app_light_lightness.c.obj
                0x0002a034                app_light_lightness_direct_actual_set
 .text.app_persist_get_cb
                0x0002a0a0       0x20 examples/light_ctl/ctl_lc_server/CMakeFiles/light_ctl_lc_server_nrf52840_xxAA_s140_7.2.0.dir/__/__/common/src/app_light_lc.c.obj
 .text.app_actual_get_cb
                0x0002a0c0       0x28 examples/light_ctl/ctl_lc_server/CMakeFiles/light_ctl_lc_server_nrf52840_xxAA_s140_7.2.0.dir/__/__/common/src/app_light_lc.c.obj
 .text.app_actual_set_cb
                0x0002a0e8       0x30 examples/light_ctl/ctl_lc_server/CMakeFiles/light_ctl_lc_server_nrf52840_xxAA_s140_7.2.0.dir/__/__/common/src/app_light_lc.c.obj
 .text.add_lightness_set_cb
                0x0002a118       0x94 examples/light_ctl/ctl_lc_server/CMakeFiles/light_ctl_lc_server_nrf52840_xxAA_s140_7.2.0.dir/__/__/common/src/app_light_lc.c.obj
 .text.app_persist_set_cb
                0x0002a1ac       0x70 examples/light_ctl/ctl_lc_server/CMakeFiles/light_ctl_lc_server_nrf52840_xxAA_s140_7.2.0.dir/__/__/common/src/app_light_lc.c.obj
 .text.app_light_lc_model_init
                0x0002a21c       0x48 examples/light_ctl/ctl_lc_server/CMakeFiles/light_ctl_lc_server_nrf52840_xxAA_s140_7.2.0.dir/__/__/common/src/app_light_lc.c.obj
                0x0002a21c                app_light_lc_model_init
 .text.app_light_lc_ponoff_binding
                0x0002a264       0x40 examples/light_ctl/ctl_lc_server/CMakeFiles/light_ctl_lc_server_nrf52840_xxAA_s140_7.2.0.dir/__/__/common/src/app_light_lc.c.obj
                0x0002a264                app_light_lc_ponoff_binding
 .text.app_transition_fsm_action
                0x0002a2a4       0x10 examples/light_ctl/ctl_lc_server/CMakeFiles/light_ctl_lc_server_nrf52840_xxAA_s140_7.2.0.dir/__/__/common/src/app_transition.c.obj
 .text.app_transition_fsm_guard
                0x0002a2b4       0x10 examples/light_ctl/ctl_lc_server/CMakeFiles/light_ctl_lc_server_nrf52840_xxAA_s140_7.2.0.dir/__/__/common/src/app_transition.c.obj
 .text.a_transition_tick
                0x0002a2c4        0x8 examples/light_ctl/ctl_lc_server/CMakeFiles/light_ctl_lc_server_nrf52840_xxAA_s140_7.2.0.dir/__/__/common/src/app_transition.c.obj
 .text.g_set_delay
                0x0002a2cc        0xa examples/light_ctl/ctl_lc_server/CMakeFiles/light_ctl_lc_server_nrf52840_xxAA_s140_7.2.0.dir/__/__/common/src/app_transition.c.obj
 .text.g_set_transition
                0x0002a2d6       0x16 examples/light_ctl/ctl_lc_server/CMakeFiles/light_ctl_lc_server_nrf52840_xxAA_s140_7.2.0.dir/__/__/common/src/app_transition.c.obj
 .text.transition_timer_cb
                0x0002a2ec        0xa examples/light_ctl/ctl_lc_server/CMakeFiles/light_ctl_lc_server_nrf52840_xxAA_s140_7.2.0.dir/__/__/common/src/app_transition.c.obj
 .text.delay_cb
                0x0002a2f6       0x10 examples/light_ctl/ctl_lc_server/CMakeFiles/light_ctl_lc_server_nrf52840_xxAA_s140_7.2.0.dir/__/__/common/src/app_transition.c.obj
 .text.g_transition_complete
                0x0002a306       0x3c examples/light_ctl/ctl_lc_server/CMakeFiles/light_ctl_lc_server_nrf52840_xxAA_s140_7.2.0.dir/__/__/common/src/app_transition.c.obj
 .text.a_abort  0x0002a342       0x1c examples/light_ctl/ctl_lc_server/CMakeFiles/light_ctl_lc_server_nrf52840_xxAA_s140_7.2.0.dir/__/__/common/src/app_transition.c.obj
 .text.transition_complete_common
                0x0002a35e       0x1c examples/light_ctl/ctl_lc_server/CMakeFiles/light_ctl_lc_server_nrf52840_xxAA_s140_7.2.0.dir/__/__/common/src/app_transition.c.obj
 .text.a_transition_complete_with_param_swap
                0x0002a37a       0x1a examples/light_ctl/ctl_lc_server/CMakeFiles/light_ctl_lc_server_nrf52840_xxAA_s140_7.2.0.dir/__/__/common/src/app_transition.c.obj
 .text.a_transition_complete
                0x0002a394        0x4 examples/light_ctl/ctl_lc_server/CMakeFiles/light_ctl_lc_server_nrf52840_xxAA_s140_7.2.0.dir/__/__/common/src/app_transition.c.obj
 .text.a_transition_start
                0x0002a398       0xac examples/light_ctl/ctl_lc_server/CMakeFiles/light_ctl_lc_server_nrf52840_xxAA_s140_7.2.0.dir/__/__/common/src/app_transition.c.obj
 .text.a_delay_start
                0x0002a444       0x28 examples/light_ctl/ctl_lc_server/CMakeFiles/light_ctl_lc_server_nrf52840_xxAA_s140_7.2.0.dir/__/__/common/src/app_transition.c.obj
 .text.app_transition_trigger
                0x0002a46c       0x1c examples/light_ctl/ctl_lc_server/CMakeFiles/light_ctl_lc_server_nrf52840_xxAA_s140_7.2.0.dir/__/__/common/src/app_transition.c.obj
                0x0002a46c                app_transition_trigger
 .text.app_transition_abort
                0x0002a488       0x1c examples/light_ctl/ctl_lc_server/CMakeFiles/light_ctl_lc_server_nrf52840_xxAA_s140_7.2.0.dir/__/__/common/src/app_transition.c.obj
                0x0002a488                app_transition_abort
 .text.app_transition_remaining_time_get
                0x0002a4a4       0x32 examples/light_ctl/ctl_lc_server/CMakeFiles/light_ctl_lc_server_nrf52840_xxAA_s140_7.2.0.dir/__/__/common/src/app_transition.c.obj
                0x0002a4a4                app_transition_remaining_time_get
 .text.app_transition_elapsed_time_get
                0x0002a4d6       0x28 examples/light_ctl/ctl_lc_server/CMakeFiles/light_ctl_lc_server_nrf52840_xxAA_s140_7.2.0.dir/__/__/common/src/app_transition.c.obj
                0x0002a4d6                app_transition_elapsed_time_get
 *fill*         0x0002a4fe        0x2 
 .text.app_transition_init
                0x0002a500       0x40 examples/light_ctl/ctl_lc_server/CMakeFiles/light_ctl_lc_server_nrf52840_xxAA_s140_7.2.0.dir/__/__/common/src/app_transition.c.obj
                0x0002a500                app_transition_init
 .text.load_monitor
                0x0002a540       0x18 examples/light_ctl/ctl_lc_server/CMakeFiles/light_ctl_lc_server_nrf52840_xxAA_s140_7.2.0.dir/__/__/__/mesh/stack/src/mesh_stack.c.obj
 .text.mesh_evt_handler
                0x0002a558       0x1c examples/light_ctl/ctl_lc_server/CMakeFiles/light_ctl_lc_server_nrf52840_xxAA_s140_7.2.0.dir/__/__/__/mesh/stack/src/mesh_stack.c.obj
 .text.mesh_stack_start
                0x0002a574       0x1a examples/light_ctl/ctl_lc_server/CMakeFiles/light_ctl_lc_server_nrf52840_xxAA_s140_7.2.0.dir/__/__/__/mesh/stack/src/mesh_stack.c.obj
                0x0002a574                mesh_stack_start
 *fill*         0x0002a58e        0x2 
 .text.mesh_stack_provisioning_data_store
                0x0002a590      0x100 examples/light_ctl/ctl_lc_server/CMakeFiles/light_ctl_lc_server_nrf52840_xxAA_s140_7.2.0.dir/__/__/__/mesh/stack/src/mesh_stack.c.obj
                0x0002a590                mesh_stack_provisioning_data_store
 .text.mesh_stack_config_clear
                0x0002a690       0x1a examples/light_ctl/ctl_lc_server/CMakeFiles/light_ctl_lc_server_nrf52840_xxAA_s140_7.2.0.dir/__/__/__/mesh/stack/src/mesh_stack.c.obj
                0x0002a690                mesh_stack_config_clear
 *fill*         0x0002a6aa        0x2 
 .text.mesh_stack_init
                0x0002a6ac       0x98 examples/light_ctl/ctl_lc_server/CMakeFiles/light_ctl_lc_server_nrf52840_xxAA_s140_7.2.0.dir/__/__/__/mesh/stack/src/mesh_stack.c.obj
                0x0002a6ac                mesh_stack_init
 .text.mesh_stack_is_device_provisioned
                0x0002a744        0x4 examples/light_ctl/ctl_lc_server/CMakeFiles/light_ctl_lc_server_nrf52840_xxAA_s140_7.2.0.dir/__/__/__/mesh/stack/src/mesh_stack.c.obj
                0x0002a744                mesh_stack_is_device_provisioned
 .text.mesh_stack_device_reset
                0x0002a748       0x20 examples/light_ctl/ctl_lc_server/CMakeFiles/light_ctl_lc_server_nrf52840_xxAA_s140_7.2.0.dir/__/__/__/mesh/stack/src/mesh_stack.c.obj
                0x0002a748                mesh_stack_device_reset
 .text.sd_ble_cfg_set
                0x0002a768        0x4 examples/light_ctl/ctl_lc_server/CMakeFiles/light_ctl_lc_server_nrf52840_xxAA_s140_7.2.0.dir/__/__/common/src/mesh_provisionee.c.obj
 .text.power_down_evt_handle
                0x0002a76c       0x14 examples/light_ctl/ctl_lc_server/CMakeFiles/light_ctl_lc_server_nrf52840_xxAA_s140_7.2.0.dir/__/__/common/src/mesh_provisionee.c.obj
 .text.sd_state_evt_handler
                0x0002a780       0xf4 examples/light_ctl/ctl_lc_server/CMakeFiles/light_ctl_lc_server_nrf52840_xxAA_s140_7.2.0.dir/__/__/common/src/mesh_provisionee.c.obj
 .text.mesh_evt_handler
                0x0002a874       0x2c examples/light_ctl/ctl_lc_server/CMakeFiles/light_ctl_lc_server_nrf52840_xxAA_s140_7.2.0.dir/__/__/common/src/mesh_provisionee.c.obj
 .text.provisionee_start
                0x0002a8a0       0x3c examples/light_ctl/ctl_lc_server/CMakeFiles/light_ctl_lc_server_nrf52840_xxAA_s140_7.2.0.dir/__/__/common/src/mesh_provisionee.c.obj
 .text.prov_evt_handler
                0x0002a8dc       0xbc examples/light_ctl/ctl_lc_server/CMakeFiles/light_ctl_lc_server_nrf52840_xxAA_s140_7.2.0.dir/__/__/common/src/mesh_provisionee.c.obj
 .text.mesh_provisionee_prov_start
                0x0002a998       0x9c examples/light_ctl/ctl_lc_server/CMakeFiles/light_ctl_lc_server_nrf52840_xxAA_s140_7.2.0.dir/__/__/common/src/mesh_provisionee.c.obj
                0x0002a998                mesh_provisionee_prov_start
 .text.timeout_handler
                0x0002aa34       0x1c examples/light_ctl/ctl_lc_server/CMakeFiles/light_ctl_lc_server_nrf52840_xxAA_s140_7.2.0.dir/__/__/common/src/rtt_input.c.obj
                0x0002aa34                timeout_handler
 .text.rtt_input_enable
                0x0002aa50       0x6c examples/light_ctl/ctl_lc_server/CMakeFiles/light_ctl_lc_server_nrf52840_xxAA_s140_7.2.0.dir/__/__/common/src/rtt_input.c.obj
                0x0002aa50                rtt_input_enable
 .text.mesh_app_uuid_print
                0x0002aabc      0x134 examples/light_ctl/ctl_lc_server/CMakeFiles/light_ctl_lc_server_nrf52840_xxAA_s140_7.2.0.dir/__/__/common/src/mesh_app_utils.c.obj
                0x0002aabc                mesh_app_uuid_print
 .text.model_config_file_metadata_getter
                0x0002abf0       0x28 examples/light_ctl/ctl_lc_server/CMakeFiles/light_ctl_lc_server_nrf52840_xxAA_s140_7.2.0.dir/__/__/__/models/model_spec/common/src/model_config_file.c.obj
 .text.model_config_file_metadata_setter
                0x0002ac18       0x4c examples/light_ctl/ctl_lc_server/CMakeFiles/light_ctl_lc_server_nrf52840_xxAA_s140_7.2.0.dir/__/__/__/models/model_spec/common/src/model_config_file.c.obj
 .text.mesh_evt_handler
                0x0002ac64       0x1c examples/light_ctl/ctl_lc_server/CMakeFiles/light_ctl_lc_server_nrf52840_xxAA_s140_7.2.0.dir/__/__/__/models/model_spec/common/src/model_config_file.c.obj
 .text.metadata_store
                0x0002ac80       0x48 examples/light_ctl/ctl_lc_server/CMakeFiles/light_ctl_lc_server_nrf52840_xxAA_s140_7.2.0.dir/__/__/__/models/model_spec/common/src/model_config_file.c.obj
 .text.generic_level_mc_init
                0x0002acc8        0x2 examples/light_ctl/ctl_lc_server/CMakeFiles/light_ctl_lc_server_nrf52840_xxAA_s140_7.2.0.dir/__/__/__/models/model_spec/common/src/model_config_file.c.obj
                0x0002acc8                generic_level_mc_init
 .text.generic_onoff_mc_init
                0x0002acca        0x2 examples/light_ctl/ctl_lc_server/CMakeFiles/light_ctl_lc_server_nrf52840_xxAA_s140_7.2.0.dir/__/__/__/models/model_spec/common/src/model_config_file.c.obj
                0x0002acca                generic_onoff_mc_init
 .text.scene_mc_init
                0x0002accc        0x2 examples/light_ctl/ctl_lc_server/CMakeFiles/light_ctl_lc_server_nrf52840_xxAA_s140_7.2.0.dir/__/__/__/models/model_spec/common/src/model_config_file.c.obj
                0x0002accc                scene_mc_init
 .text.generic_dtt_mc_init
                0x0002acce        0x2 examples/light_ctl/ctl_lc_server/CMakeFiles/light_ctl_lc_server_nrf52840_xxAA_s140_7.2.0.dir/__/__/__/models/model_spec/common/src/model_config_file.c.obj
                0x0002acce                generic_dtt_mc_init
 .text.generic_level_mc_clear
                0x0002acd0        0x2 examples/light_ctl/ctl_lc_server/CMakeFiles/light_ctl_lc_server_nrf52840_xxAA_s140_7.2.0.dir/__/__/__/models/model_spec/common/src/model_config_file.c.obj
                0x0002acd0                generic_level_mc_clear
 .text.generic_onoff_mc_clear
                0x0002acd2        0x2 examples/light_ctl/ctl_lc_server/CMakeFiles/light_ctl_lc_server_nrf52840_xxAA_s140_7.2.0.dir/__/__/__/models/model_spec/common/src/model_config_file.c.obj
                0x0002acd2                generic_onoff_mc_clear
 .text.scene_mc_clear
                0x0002acd4        0x2 examples/light_ctl/ctl_lc_server/CMakeFiles/light_ctl_lc_server_nrf52840_xxAA_s140_7.2.0.dir/__/__/__/models/model_spec/common/src/model_config_file.c.obj
                0x0002acd4                scene_mc_clear
 .text.generic_dtt_mc_clear
                0x0002acd6        0x2 examples/light_ctl/ctl_lc_server/CMakeFiles/light_ctl_lc_server_nrf52840_xxAA_s140_7.2.0.dir/__/__/__/models/model_spec/common/src/model_config_file.c.obj
                0x0002acd6                generic_dtt_mc_clear
 .text.model_config_clear
                0x0002acd8       0x20 examples/light_ctl/ctl_lc_server/CMakeFiles/light_ctl_lc_server_nrf52840_xxAA_s140_7.2.0.dir/__/__/__/models/model_spec/common/src/model_config_file.c.obj
 .text.model_config_file_init
                0x0002acf8       0x40 examples/light_ctl/ctl_lc_server/CMakeFiles/light_ctl_lc_server_nrf52840_xxAA_s140_7.2.0.dir/__/__/__/models/model_spec/common/src/model_config_file.c.obj
                0x0002acf8                model_config_file_init
 .text.model_config_file_config_apply
                0x0002ad38       0x44 examples/light_ctl/ctl_lc_server/CMakeFiles/light_ctl_lc_server_nrf52840_xxAA_s140_7.2.0.dir/__/__/__/models/model_spec/common/src/model_config_file.c.obj
                0x0002ad38                model_config_file_config_apply
 .text.model_config_file_clear
                0x0002ad7c       0x20 examples/light_ctl/ctl_lc_server/CMakeFiles/light_ctl_lc_server_nrf52840_xxAA_s140_7.2.0.dir/__/__/__/models/model_spec/common/src/model_config_file.c.obj
                0x0002ad7c                model_config_file_clear
 .text.pwm_utils_enable
                0x0002ad9c       0xa0 examples/light_ctl/ctl_lc_server/CMakeFiles/light_ctl_lc_server_nrf52840_xxAA_s140_7.2.0.dir/__/__/common/src/pwm_utils.c.obj
                0x0002ad9c                pwm_utils_enable
 .text.pwm_utils_level_set_unsigned
                0x0002ae3c       0x2e examples/light_ctl/ctl_lc_server/CMakeFiles/light_ctl_lc_server_nrf52840_xxAA_s140_7.2.0.dir/__/__/common/src/pwm_utils.c.obj
                0x0002ae3c                pwm_utils_level_set_unsigned
 .text.pwm_dealloc
                0x0002ae6a       0x58 examples/light_ctl/ctl_lc_server/CMakeFiles/light_ctl_lc_server_nrf52840_xxAA_s140_7.2.0.dir/C_/mesh/deps/nRF5_SDK_17.0.2_d674dde/components/libraries/pwm/app_pwm.c.obj
 *fill*         0x0002aec2        0x2 
 .text.pwm_ready_tick
                0x0002aec4       0x5c examples/light_ctl/ctl_lc_server/CMakeFiles/light_ctl_lc_server_nrf52840_xxAA_s140_7.2.0.dir/C_/mesh/deps/nRF5_SDK_17.0.2_d674dde/components/libraries/pwm/app_pwm.c.obj
                0x0002aec4                pwm_ready_tick
 .text.app_pwm_busy_check
                0x0002af20       0x3c examples/light_ctl/ctl_lc_server/CMakeFiles/light_ctl_lc_server_nrf52840_xxAA_s140_7.2.0.dir/C_/mesh/deps/nRF5_SDK_17.0.2_d674dde/components/libraries/pwm/app_pwm.c.obj
                0x0002af20                app_pwm_busy_check
 .text.app_pwm_channel_duty_ticks_set
                0x0002af5c      0x160 examples/light_ctl/ctl_lc_server/CMakeFiles/light_ctl_lc_server_nrf52840_xxAA_s140_7.2.0.dir/C_/mesh/deps/nRF5_SDK_17.0.2_d674dde/components/libraries/pwm/app_pwm.c.obj
                0x0002af5c                app_pwm_channel_duty_ticks_set
 .text.app_pwm_cycle_ticks_get
                0x0002b0bc        0x6 examples/light_ctl/ctl_lc_server/CMakeFiles/light_ctl_lc_server_nrf52840_xxAA_s140_7.2.0.dir/C_/mesh/deps/nRF5_SDK_17.0.2_d674dde/components/libraries/pwm/app_pwm.c.obj
                0x0002b0bc                app_pwm_cycle_ticks_get
 *fill*         0x0002b0c2        0x2 
 .text.app_pwm_init
                0x0002b0c4      0x2cc examples/light_ctl/ctl_lc_server/CMakeFiles/light_ctl_lc_server_nrf52840_xxAA_s140_7.2.0.dir/C_/mesh/deps/nRF5_SDK_17.0.2_d674dde/components/libraries/pwm/app_pwm.c.obj
                0x0002b0c4                app_pwm_init
 .text.app_pwm_enable
                0x0002b390       0x74 examples/light_ctl/ctl_lc_server/CMakeFiles/light_ctl_lc_server_nrf52840_xxAA_s140_7.2.0.dir/C_/mesh/deps/nRF5_SDK_17.0.2_d674dde/components/libraries/pwm/app_pwm.c.obj
                0x0002b390                app_pwm_enable
 .text.nrfx_timer_init
                0x0002b404       0xe0 examples/light_ctl/ctl_lc_server/CMakeFiles/light_ctl_lc_server_nrf52840_xxAA_s140_7.2.0.dir/C_/mesh/deps/nRF5_SDK_17.0.2_d674dde/modules/nrfx/drivers/src/nrfx_timer.c.obj
                0x0002b404                nrfx_timer_init
 .text.nrfx_timer_enable
                0x0002b4e4       0x1c examples/light_ctl/ctl_lc_server/CMakeFiles/light_ctl_lc_server_nrf52840_xxAA_s140_7.2.0.dir/C_/mesh/deps/nRF5_SDK_17.0.2_d674dde/modules/nrfx/drivers/src/nrfx_timer.c.obj
                0x0002b4e4                nrfx_timer_enable
 .text.nrfx_timer_disable
                0x0002b500       0x18 examples/light_ctl/ctl_lc_server/CMakeFiles/light_ctl_lc_server_nrf52840_xxAA_s140_7.2.0.dir/C_/mesh/deps/nRF5_SDK_17.0.2_d674dde/modules/nrfx/drivers/src/nrfx_timer.c.obj
                0x0002b500                nrfx_timer_disable
 .text.nrfx_timer_uninit
                0x0002b518       0x5c examples/light_ctl/ctl_lc_server/CMakeFiles/light_ctl_lc_server_nrf52840_xxAA_s140_7.2.0.dir/C_/mesh/deps/nRF5_SDK_17.0.2_d674dde/modules/nrfx/drivers/src/nrfx_timer.c.obj
                0x0002b518                nrfx_timer_uninit
 .text.nrfx_timer_clear
                0x0002b574        0x8 examples/light_ctl/ctl_lc_server/CMakeFiles/light_ctl_lc_server_nrf52840_xxAA_s140_7.2.0.dir/C_/mesh/deps/nRF5_SDK_17.0.2_d674dde/modules/nrfx/drivers/src/nrfx_timer.c.obj
                0x0002b574                nrfx_timer_clear
 .text.nrfx_timer_compare
                0x0002b57c       0x36 examples/light_ctl/ctl_lc_server/CMakeFiles/light_ctl_lc_server_nrf52840_xxAA_s140_7.2.0.dir/C_/mesh/deps/nRF5_SDK_17.0.2_d674dde/modules/nrfx/drivers/src/nrfx_timer.c.obj
                0x0002b57c                nrfx_timer_compare
 .text.nrfx_timer_extended_compare
                0x0002b5b2       0x2c examples/light_ctl/ctl_lc_server/CMakeFiles/light_ctl_lc_server_nrf52840_xxAA_s140_7.2.0.dir/C_/mesh/deps/nRF5_SDK_17.0.2_d674dde/modules/nrfx/drivers/src/nrfx_timer.c.obj
                0x0002b5b2                nrfx_timer_extended_compare
 .text.nrfx_timer_compare_int_enable
                0x0002b5de       0x28 examples/light_ctl/ctl_lc_server/CMakeFiles/light_ctl_lc_server_nrf52840_xxAA_s140_7.2.0.dir/C_/mesh/deps/nRF5_SDK_17.0.2_d674dde/modules/nrfx/drivers/src/nrfx_timer.c.obj
                0x0002b5de                nrfx_timer_compare_int_enable
 .text.nrfx_timer_compare_int_disable
                0x0002b606       0x10 examples/light_ctl/ctl_lc_server/CMakeFiles/light_ctl_lc_server_nrf52840_xxAA_s140_7.2.0.dir/C_/mesh/deps/nRF5_SDK_17.0.2_d674dde/modules/nrfx/drivers/src/nrfx_timer.c.obj
                0x0002b606                nrfx_timer_compare_int_disable
 *fill*         0x0002b616        0x2 
 .text.TIMER1_IRQHandler
                0x0002b618       0x54 examples/light_ctl/ctl_lc_server/CMakeFiles/light_ctl_lc_server_nrf52840_xxAA_s140_7.2.0.dir/C_/mesh/deps/nRF5_SDK_17.0.2_d674dde/modules/nrfx/drivers/src/nrfx_timer.c.obj
                0x0002b618                TIMER1_IRQHandler
 .text.nrfx_ppi_channel_alloc
                0x0002b66c       0x68 examples/light_ctl/ctl_lc_server/CMakeFiles/light_ctl_lc_server_nrf52840_xxAA_s140_7.2.0.dir/C_/mesh/deps/nRF5_SDK_17.0.2_d674dde/modules/nrfx/drivers/src/nrfx_ppi.c.obj
                0x0002b66c                nrfx_ppi_channel_alloc
 .text.nrfx_ppi_channel_free
                0x0002b6d4       0x48 examples/light_ctl/ctl_lc_server/CMakeFiles/light_ctl_lc_server_nrf52840_xxAA_s140_7.2.0.dir/C_/mesh/deps/nRF5_SDK_17.0.2_d674dde/modules/nrfx/drivers/src/nrfx_ppi.c.obj
                0x0002b6d4                nrfx_ppi_channel_free
 .text.nrfx_ppi_channel_assign
                0x0002b71c       0x40 examples/light_ctl/ctl_lc_server/CMakeFiles/light_ctl_lc_server_nrf52840_xxAA_s140_7.2.0.dir/C_/mesh/deps/nRF5_SDK_17.0.2_d674dde/modules/nrfx/drivers/src/nrfx_ppi.c.obj
                0x0002b71c                nrfx_ppi_channel_assign
 .text.nrfx_ppi_channel_enable
                0x0002b75c       0x30 examples/light_ctl/ctl_lc_server/CMakeFiles/light_ctl_lc_server_nrf52840_xxAA_s140_7.2.0.dir/C_/mesh/deps/nRF5_SDK_17.0.2_d674dde/modules/nrfx/drivers/src/nrfx_ppi.c.obj
                0x0002b75c                nrfx_ppi_channel_enable
 .text.nrfx_ppi_channel_disable
                0x0002b78c       0x30 examples/light_ctl/ctl_lc_server/CMakeFiles/light_ctl_lc_server_nrf52840_xxAA_s140_7.2.0.dir/C_/mesh/deps/nRF5_SDK_17.0.2_d674dde/modules/nrfx/drivers/src/nrfx_ppi.c.obj
                0x0002b78c                nrfx_ppi_channel_disable
 .text.nrf_gpiote_event_clear
                0x0002b7bc       0x18 examples/light_ctl/ctl_lc_server/CMakeFiles/light_ctl_lc_server_nrf52840_xxAA_s140_7.2.0.dir/C_/mesh/deps/nRF5_SDK_17.0.2_d674dde/modules/nrfx/drivers/src/nrfx_gpiote.c.obj
 .text.nrf_gpio_pin_port_decode
                0x0002b7d4       0x18 examples/light_ctl/ctl_lc_server/CMakeFiles/light_ctl_lc_server_nrf52840_xxAA_s140_7.2.0.dir/C_/mesh/deps/nRF5_SDK_17.0.2_d674dde/modules/nrfx/drivers/src/nrfx_gpiote.c.obj
 .text.nrf_gpio_cfg_sense_set
                0x0002b7ec       0x2e examples/light_ctl/ctl_lc_server/CMakeFiles/light_ctl_lc_server_nrf52840_xxAA_s140_7.2.0.dir/C_/mesh/deps/nRF5_SDK_17.0.2_d674dde/modules/nrfx/drivers/src/nrfx_gpiote.c.obj
 *fill*         0x0002b81a        0x2 
 .text.channel_free
                0x0002b81c       0x1c examples/light_ctl/ctl_lc_server/CMakeFiles/light_ctl_lc_server_nrf52840_xxAA_s140_7.2.0.dir/C_/mesh/deps/nRF5_SDK_17.0.2_d674dde/modules/nrfx/drivers/src/nrfx_gpiote.c.obj
 .text.nrfx_gpiote_init
                0x0002b838       0x8c examples/light_ctl/ctl_lc_server/CMakeFiles/light_ctl_lc_server_nrf52840_xxAA_s140_7.2.0.dir/C_/mesh/deps/nRF5_SDK_17.0.2_d674dde/modules/nrfx/drivers/src/nrfx_gpiote.c.obj
                0x0002b838                nrfx_gpiote_init
 .text.nrfx_gpiote_is_init
                0x0002b8c4       0x14 examples/light_ctl/ctl_lc_server/CMakeFiles/light_ctl_lc_server_nrf52840_xxAA_s140_7.2.0.dir/C_/mesh/deps/nRF5_SDK_17.0.2_d674dde/modules/nrfx/drivers/src/nrfx_gpiote.c.obj
                0x0002b8c4                nrfx_gpiote_is_init
 .text.nrfx_gpiote_out_init
                0x0002b8d8       0xe0 examples/light_ctl/ctl_lc_server/CMakeFiles/light_ctl_lc_server_nrf52840_xxAA_s140_7.2.0.dir/C_/mesh/deps/nRF5_SDK_17.0.2_d674dde/modules/nrfx/drivers/src/nrfx_gpiote.c.obj
                0x0002b8d8                nrfx_gpiote_out_init
 .text.nrfx_gpiote_out_uninit
                0x0002b9b8       0x6c examples/light_ctl/ctl_lc_server/CMakeFiles/light_ctl_lc_server_nrf52840_xxAA_s140_7.2.0.dir/C_/mesh/deps/nRF5_SDK_17.0.2_d674dde/modules/nrfx/drivers/src/nrfx_gpiote.c.obj
                0x0002b9b8                nrfx_gpiote_out_uninit
 .text.nrfx_gpiote_out_task_enable
                0x0002ba24       0x24 examples/light_ctl/ctl_lc_server/CMakeFiles/light_ctl_lc_server_nrf52840_xxAA_s140_7.2.0.dir/C_/mesh/deps/nRF5_SDK_17.0.2_d674dde/modules/nrfx/drivers/src/nrfx_gpiote.c.obj
                0x0002ba24                nrfx_gpiote_out_task_enable
 .text.nrfx_gpiote_set_task_addr_get
                0x0002ba48       0x1c examples/light_ctl/ctl_lc_server/CMakeFiles/light_ctl_lc_server_nrf52840_xxAA_s140_7.2.0.dir/C_/mesh/deps/nRF5_SDK_17.0.2_d674dde/modules/nrfx/drivers/src/nrfx_gpiote.c.obj
                0x0002ba48                nrfx_gpiote_set_task_addr_get
 .text.nrfx_gpiote_clr_task_addr_get
                0x0002ba64       0x1c examples/light_ctl/ctl_lc_server/CMakeFiles/light_ctl_lc_server_nrf52840_xxAA_s140_7.2.0.dir/C_/mesh/deps/nRF5_SDK_17.0.2_d674dde/modules/nrfx/drivers/src/nrfx_gpiote.c.obj
                0x0002ba64                nrfx_gpiote_clr_task_addr_get
 .text.nrfx_gpiote_out_task_force
                0x0002ba80       0x30 examples/light_ctl/ctl_lc_server/CMakeFiles/light_ctl_lc_server_nrf52840_xxAA_s140_7.2.0.dir/C_/mesh/deps/nRF5_SDK_17.0.2_d674dde/modules/nrfx/drivers/src/nrfx_gpiote.c.obj
                0x0002ba80                nrfx_gpiote_out_task_force
 .text.GPIOTE_IRQHandler
                0x0002bab0      0x170 examples/light_ctl/ctl_lc_server/CMakeFiles/light_ctl_lc_server_nrf52840_xxAA_s140_7.2.0.dir/C_/mesh/deps/nRF5_SDK_17.0.2_d674dde/modules/nrfx/drivers/src/nrfx_gpiote.c.obj
                0x0002bab0                GPIOTE_IRQHandler
 .text.nrf_drv_ppi_init
                0x0002bc20       0x14 examples/light_ctl/ctl_lc_server/CMakeFiles/light_ctl_lc_server_nrf52840_xxAA_s140_7.2.0.dir/C_/mesh/deps/nRF5_SDK_17.0.2_d674dde/integration/nrfx/legacy/nrf_drv_ppi.c.obj
                0x0002bc20                nrf_drv_ppi_init
 .text.sd_ble_gap_adv_set_configure
                0x0002bc34        0x4 examples/light_ctl/ctl_lc_server/CMakeFiles/light_ctl_lc_server_nrf52840_xxAA_s140_7.2.0.dir/__/__/common/src/mesh_adv.c.obj
 .text.sd_ble_gap_adv_start
                0x0002bc38        0x4 examples/light_ctl/ctl_lc_server/CMakeFiles/light_ctl_lc_server_nrf52840_xxAA_s140_7.2.0.dir/__/__/common/src/mesh_adv.c.obj
 .text.sd_ble_gap_adv_stop
                0x0002bc3c        0x4 examples/light_ctl/ctl_lc_server/CMakeFiles/light_ctl_lc_server_nrf52840_xxAA_s140_7.2.0.dir/__/__/common/src/mesh_adv.c.obj
 .text.mesh_adv_data_set
                0x0002bc40       0xe0 examples/light_ctl/ctl_lc_server/CMakeFiles/light_ctl_lc_server_nrf52840_xxAA_s140_7.2.0.dir/__/__/common/src/mesh_adv.c.obj
                0x0002bc40                mesh_adv_data_set
 .text.mesh_adv_params_set
                0x0002bd20       0x28 examples/light_ctl/ctl_lc_server/CMakeFiles/light_ctl_lc_server_nrf52840_xxAA_s140_7.2.0.dir/__/__/common/src/mesh_adv.c.obj
                0x0002bd20                mesh_adv_params_set
 .text.mesh_adv_start
                0x0002bd48       0x20 examples/light_ctl/ctl_lc_server/CMakeFiles/light_ctl_lc_server_nrf52840_xxAA_s140_7.2.0.dir/__/__/common/src/mesh_adv.c.obj
                0x0002bd48                mesh_adv_start
 .text.mesh_adv_stop
                0x0002bd68       0x1c examples/light_ctl/ctl_lc_server/CMakeFiles/light_ctl_lc_server_nrf52840_xxAA_s140_7.2.0.dir/__/__/common/src/mesh_adv.c.obj
                0x0002bd68                mesh_adv_stop
 .text.sd_ble_gap_disconnect
                0x0002bd84        0x4 examples/light_ctl/ctl_lc_server/CMakeFiles/light_ctl_lc_server_nrf52840_xxAA_s140_7.2.0.dir/__/__/common/src/ble_softdevice_support.c.obj
 .text.sd_ble_gap_ppcp_set
                0x0002bd88        0x4 examples/light_ctl/ctl_lc_server/CMakeFiles/light_ctl_lc_server_nrf52840_xxAA_s140_7.2.0.dir/__/__/common/src/ble_softdevice_support.c.obj
 .text.sd_ble_gap_device_name_set
                0x0002bd8c        0x4 examples/light_ctl/ctl_lc_server/CMakeFiles/light_ctl_lc_server_nrf52840_xxAA_s140_7.2.0.dir/__/__/common/src/ble_softdevice_support.c.obj
 .text.sd_ble_cfg_set
                0x0002bd90        0x4 examples/light_ctl/ctl_lc_server/CMakeFiles/light_ctl_lc_server_nrf52840_xxAA_s140_7.2.0.dir/__/__/common/src/ble_softdevice_support.c.obj
 .text.conn_params_error_handler
                0x0002bd94        0x4 examples/light_ctl/ctl_lc_server/CMakeFiles/light_ctl_lc_server_nrf52840_xxAA_s140_7.2.0.dir/__/__/common/src/ble_softdevice_support.c.obj
 .text.on_sd_evt
                0x0002bd98        0x4 examples/light_ctl/ctl_lc_server/CMakeFiles/light_ctl_lc_server_nrf52840_xxAA_s140_7.2.0.dir/__/__/common/src/ble_softdevice_support.c.obj
 .text.on_conn_params_evt
                0x0002bd9c       0x80 examples/light_ctl/ctl_lc_server/CMakeFiles/light_ctl_lc_server_nrf52840_xxAA_s140_7.2.0.dir/__/__/common/src/ble_softdevice_support.c.obj
 .text.ble_stack_init
                0x0002be1c       0x78 examples/light_ctl/ctl_lc_server/CMakeFiles/light_ctl_lc_server_nrf52840_xxAA_s140_7.2.0.dir/__/__/common/src/ble_softdevice_support.c.obj
                0x0002be1c                ble_stack_init
 .text.gap_params_init
                0x0002be94       0x50 examples/light_ctl/ctl_lc_server/CMakeFiles/light_ctl_lc_server_nrf52840_xxAA_s140_7.2.0.dir/__/__/common/src/ble_softdevice_support.c.obj
                0x0002be94                gap_params_init
 .text.conn_params_init
                0x0002bee4       0x68 examples/light_ctl/ctl_lc_server/CMakeFiles/light_ctl_lc_server_nrf52840_xxAA_s140_7.2.0.dir/__/__/common/src/ble_softdevice_support.c.obj
                0x0002bee4                conn_params_init
 .text.app_util_critical_region_enter
                0x0002bf4c       0x48 examples/light_ctl/ctl_lc_server/CMakeFiles/light_ctl_lc_server_nrf52840_xxAA_s140_7.2.0.dir/C_/mesh/deps/nRF5_SDK_17.0.2_d674dde/components/libraries/util/app_util_platform.c.obj
                0x0002bf4c                app_util_critical_region_enter
 .text.app_util_critical_region_exit
                0x0002bf94       0x2c examples/light_ctl/ctl_lc_server/CMakeFiles/light_ctl_lc_server_nrf52840_xxAA_s140_7.2.0.dir/C_/mesh/deps/nRF5_SDK_17.0.2_d674dde/components/libraries/util/app_util_platform.c.obj
                0x0002bf94                app_util_critical_region_exit
 .text.sd_ble_gap_addr_get
                0x0002bfc0        0x4 examples/light_ctl/ctl_lc_server/CMakeFiles/light_ctl_lc_server_nrf52840_xxAA_s140_7.2.0.dir/C_/mesh/deps/nRF5_SDK_17.0.2_d674dde/components/ble/common/ble_advdata.c.obj
 .text.sd_ble_gap_appearance_get
                0x0002bfc4        0x4 examples/light_ctl/ctl_lc_server/CMakeFiles/light_ctl_lc_server_nrf52840_xxAA_s140_7.2.0.dir/C_/mesh/deps/nRF5_SDK_17.0.2_d674dde/components/ble/common/ble_advdata.c.obj
 .text.sd_ble_gap_device_name_get
                0x0002bfc8        0x4 examples/light_ctl/ctl_lc_server/CMakeFiles/light_ctl_lc_server_nrf52840_xxAA_s140_7.2.0.dir/C_/mesh/deps/nRF5_SDK_17.0.2_d674dde/components/ble/common/ble_advdata.c.obj
 .text.sd_ble_uuid_encode
                0x0002bfcc        0x4 examples/light_ctl/ctl_lc_server/CMakeFiles/light_ctl_lc_server_nrf52840_xxAA_s140_7.2.0.dir/C_/mesh/deps/nRF5_SDK_17.0.2_d674dde/components/ble/common/ble_advdata.c.obj
 .text.uuid_list_sized_encode
                0x0002bfd0       0xac examples/light_ctl/ctl_lc_server/CMakeFiles/light_ctl_lc_server_nrf52840_xxAA_s140_7.2.0.dir/C_/mesh/deps/nRF5_SDK_17.0.2_d674dde/components/ble/common/ble_advdata.c.obj
 .text.uuid_list_encode
                0x0002c07c       0x38 examples/light_ctl/ctl_lc_server/CMakeFiles/light_ctl_lc_server_nrf52840_xxAA_s140_7.2.0.dir/C_/mesh/deps/nRF5_SDK_17.0.2_d674dde/components/ble/common/ble_advdata.c.obj
 .text.ble_advdata_encode
                0x0002c0b4      0x394 examples/light_ctl/ctl_lc_server/CMakeFiles/light_ctl_lc_server_nrf52840_xxAA_s140_7.2.0.dir/C_/mesh/deps/nRF5_SDK_17.0.2_d674dde/components/ble/common/ble_advdata.c.obj
                0x0002c0b4                ble_advdata_encode
 .text.nrf_section_iter_init
                0x0002c448       0x12 examples/light_ctl/ctl_lc_server/CMakeFiles/light_ctl_lc_server_nrf52840_xxAA_s140_7.2.0.dir/C_/mesh/deps/nRF5_SDK_17.0.2_d674dde/components/libraries/experimental_section_vars/nrf_section_iter.c.obj
                0x0002c448                nrf_section_iter_init
 .text.nrf_section_iter_next
                0x0002c45a       0x18 examples/light_ctl/ctl_lc_server/CMakeFiles/light_ctl_lc_server_nrf52840_xxAA_s140_7.2.0.dir/C_/mesh/deps/nRF5_SDK_17.0.2_d674dde/components/libraries/experimental_section_vars/nrf_section_iter.c.obj
                0x0002c45a                nrf_section_iter_next
 .text.sd_evt_get
                0x0002c472        0x4 examples/light_ctl/ctl_lc_server/CMakeFiles/light_ctl_lc_server_nrf52840_xxAA_s140_7.2.0.dir/C_/mesh/deps/nRF5_SDK_17.0.2_d674dde/components/softdevice/common/nrf_sdh_soc.c.obj
 *fill*         0x0002c476        0x2 
 .text.nrf_sdh_soc_evts_poll
                0x0002c478       0x3c examples/light_ctl/ctl_lc_server/CMakeFiles/light_ctl_lc_server_nrf52840_xxAA_s140_7.2.0.dir/C_/mesh/deps/nRF5_SDK_17.0.2_d674dde/components/softdevice/common/nrf_sdh_soc.c.obj
 .text.sd_ble_enable
                0x0002c4b4        0x4 examples/light_ctl/ctl_lc_server/CMakeFiles/light_ctl_lc_server_nrf52840_xxAA_s140_7.2.0.dir/C_/mesh/deps/nRF5_SDK_17.0.2_d674dde/components/softdevice/common/nrf_sdh_ble.c.obj
 .text.sd_ble_cfg_set
                0x0002c4b8        0x4 examples/light_ctl/ctl_lc_server/CMakeFiles/light_ctl_lc_server_nrf52840_xxAA_s140_7.2.0.dir/C_/mesh/deps/nRF5_SDK_17.0.2_d674dde/components/softdevice/common/nrf_sdh_ble.c.obj
 .text.sd_ble_evt_get
                0x0002c4bc        0x4 examples/light_ctl/ctl_lc_server/CMakeFiles/light_ctl_lc_server_nrf52840_xxAA_s140_7.2.0.dir/C_/mesh/deps/nRF5_SDK_17.0.2_d674dde/components/softdevice/common/nrf_sdh_ble.c.obj
 .text.nrf_sdh_ble_evts_poll
                0x0002c4c0       0x50 examples/light_ctl/ctl_lc_server/CMakeFiles/light_ctl_lc_server_nrf52840_xxAA_s140_7.2.0.dir/C_/mesh/deps/nRF5_SDK_17.0.2_d674dde/components/softdevice/common/nrf_sdh_ble.c.obj
 .text.nrf_sdh_ble_default_cfg_set
                0x0002c510       0xd0 examples/light_ctl/ctl_lc_server/CMakeFiles/light_ctl_lc_server_nrf52840_xxAA_s140_7.2.0.dir/C_/mesh/deps/nRF5_SDK_17.0.2_d674dde/components/softdevice/common/nrf_sdh_ble.c.obj
                0x0002c510                nrf_sdh_ble_default_cfg_set
 .text.nrf_sdh_ble_enable
                0x0002c5e0       0x14 examples/light_ctl/ctl_lc_server/CMakeFiles/light_ctl_lc_server_nrf52840_xxAA_s140_7.2.0.dir/C_/mesh/deps/nRF5_SDK_17.0.2_d674dde/components/softdevice/common/nrf_sdh_ble.c.obj
                0x0002c5e0                nrf_sdh_ble_enable
 .text.sd_softdevice_enable
                0x0002c5f4        0x4 examples/light_ctl/ctl_lc_server/CMakeFiles/light_ctl_lc_server_nrf52840_xxAA_s140_7.2.0.dir/C_/mesh/deps/nRF5_SDK_17.0.2_d674dde/components/softdevice/common/nrf_sdh.c.obj
 .text.sd_softdevice_disable
                0x0002c5f8        0x4 examples/light_ctl/ctl_lc_server/CMakeFiles/light_ctl_lc_server_nrf52840_xxAA_s140_7.2.0.dir/C_/mesh/deps/nRF5_SDK_17.0.2_d674dde/components/softdevice/common/nrf_sdh.c.obj
 .text.sdh_request_observer_notify
                0x0002c5fc       0x30 examples/light_ctl/ctl_lc_server/CMakeFiles/light_ctl_lc_server_nrf52840_xxAA_s140_7.2.0.dir/C_/mesh/deps/nRF5_SDK_17.0.2_d674dde/components/softdevice/common/nrf_sdh.c.obj
 .text.sdh_state_observer_notify
                0x0002c62c       0x28 examples/light_ctl/ctl_lc_server/CMakeFiles/light_ctl_lc_server_nrf52840_xxAA_s140_7.2.0.dir/C_/mesh/deps/nRF5_SDK_17.0.2_d674dde/components/softdevice/common/nrf_sdh.c.obj
 .text.softdevice_evt_irq_disable
                0x0002c654       0x2c examples/light_ctl/ctl_lc_server/CMakeFiles/light_ctl_lc_server_nrf52840_xxAA_s140_7.2.0.dir/C_/mesh/deps/nRF5_SDK_17.0.2_d674dde/components/softdevice/common/nrf_sdh.c.obj
 .text.softdevices_evt_irq_enable
                0x0002c680       0x38 examples/light_ctl/ctl_lc_server/CMakeFiles/light_ctl_lc_server_nrf52840_xxAA_s140_7.2.0.dir/C_/mesh/deps/nRF5_SDK_17.0.2_d674dde/components/softdevice/common/nrf_sdh.c.obj
 .text.nrf_sdh_enable_request
                0x0002c6b8       0x7c examples/light_ctl/ctl_lc_server/CMakeFiles/light_ctl_lc_server_nrf52840_xxAA_s140_7.2.0.dir/C_/mesh/deps/nRF5_SDK_17.0.2_d674dde/components/softdevice/common/nrf_sdh.c.obj
                0x0002c6b8                nrf_sdh_enable_request
 .text.nrf_sdh_disable_request
                0x0002c734       0x60 examples/light_ctl/ctl_lc_server/CMakeFiles/light_ctl_lc_server_nrf52840_xxAA_s140_7.2.0.dir/C_/mesh/deps/nRF5_SDK_17.0.2_d674dde/components/softdevice/common/nrf_sdh.c.obj
                0x0002c734                nrf_sdh_disable_request
 .text.nrf_sdh_evts_poll
                0x0002c794       0x28 examples/light_ctl/ctl_lc_server/CMakeFiles/light_ctl_lc_server_nrf52840_xxAA_s140_7.2.0.dir/C_/mesh/deps/nRF5_SDK_17.0.2_d674dde/components/softdevice/common/nrf_sdh.c.obj
                0x0002c794                nrf_sdh_evts_poll
 .text.SWI2_EGU2_IRQHandler
                0x0002c7bc        0x4 examples/light_ctl/ctl_lc_server/CMakeFiles/light_ctl_lc_server_nrf52840_xxAA_s140_7.2.0.dir/C_/mesh/deps/nRF5_SDK_17.0.2_d674dde/components/softdevice/common/nrf_sdh.c.obj
                0x0002c7bc                SWI2_EGU2_IRQHandler
 .text.sd_ble_gap_conn_param_update
                0x0002c7c0        0x4 examples/light_ctl/ctl_lc_server/CMakeFiles/light_ctl_lc_server_nrf52840_xxAA_s140_7.2.0.dir/C_/mesh/deps/nRF5_SDK_17.0.2_d674dde/components/ble/common/ble_conn_params.c.obj
 .text.sd_ble_gap_disconnect
                0x0002c7c4        0x4 examples/light_ctl/ctl_lc_server/CMakeFiles/light_ctl_lc_server_nrf52840_xxAA_s140_7.2.0.dir/C_/mesh/deps/nRF5_SDK_17.0.2_d674dde/components/ble/common/ble_conn_params.c.obj
 .text.sd_ble_gap_ppcp_set
                0x0002c7c8        0x4 examples/light_ctl/ctl_lc_server/CMakeFiles/light_ctl_lc_server_nrf52840_xxAA_s140_7.2.0.dir/C_/mesh/deps/nRF5_SDK_17.0.2_d674dde/components/ble/common/ble_conn_params.c.obj
 .text.sd_ble_gap_ppcp_get
                0x0002c7cc        0x4 examples/light_ctl/ctl_lc_server/CMakeFiles/light_ctl_lc_server_nrf52840_xxAA_s140_7.2.0.dir/C_/mesh/deps/nRF5_SDK_17.0.2_d674dde/components/ble/common/ble_conn_params.c.obj
 .text.instance_get
                0x0002c7d0       0x14 examples/light_ctl/ctl_lc_server/CMakeFiles/light_ctl_lc_server_nrf52840_xxAA_s140_7.2.0.dir/C_/mesh/deps/nRF5_SDK_17.0.2_d674dde/components/ble/common/ble_conn_params.c.obj
 .text.send_error_evt
                0x0002c7e4       0x10 examples/light_ctl/ctl_lc_server/CMakeFiles/light_ctl_lc_server_nrf52840_xxAA_s140_7.2.0.dir/C_/mesh/deps/nRF5_SDK_17.0.2_d674dde/components/ble/common/ble_conn_params.c.obj
 .text.update_timeout_handler
                0x0002c7f4       0x6c examples/light_ctl/ctl_lc_server/CMakeFiles/light_ctl_lc_server_nrf52840_xxAA_s140_7.2.0.dir/C_/mesh/deps/nRF5_SDK_17.0.2_d674dde/components/ble/common/ble_conn_params.c.obj
 .text.conn_params_negotiation
                0x0002c860       0x48 examples/light_ctl/ctl_lc_server/CMakeFiles/light_ctl_lc_server_nrf52840_xxAA_s140_7.2.0.dir/C_/mesh/deps/nRF5_SDK_17.0.2_d674dde/components/ble/common/ble_conn_params.c.obj
 .text.is_conn_params_ok.constprop.0
                0x0002c8a8       0x34 examples/light_ctl/ctl_lc_server/CMakeFiles/light_ctl_lc_server_nrf52840_xxAA_s140_7.2.0.dir/C_/mesh/deps/nRF5_SDK_17.0.2_d674dde/components/ble/common/ble_conn_params.c.obj
 .text.ble_evt_handler
                0x0002c8dc       0xe0 examples/light_ctl/ctl_lc_server/CMakeFiles/light_ctl_lc_server_nrf52840_xxAA_s140_7.2.0.dir/C_/mesh/deps/nRF5_SDK_17.0.2_d674dde/components/ble/common/ble_conn_params.c.obj
 .text.ble_conn_params_init
                0x0002c9bc       0x74 examples/light_ctl/ctl_lc_server/CMakeFiles/light_ctl_lc_server_nrf52840_xxAA_s140_7.2.0.dir/C_/mesh/deps/nRF5_SDK_17.0.2_d674dde/components/ble/common/ble_conn_params.c.obj
                0x0002c9bc                ble_conn_params_init
 .text.ble_srv_is_notification_enabled
                0x0002ca30        0x8 examples/light_ctl/ctl_lc_server/CMakeFiles/light_ctl_lc_server_nrf52840_xxAA_s140_7.2.0.dir/C_/mesh/deps/nRF5_SDK_17.0.2_d674dde/components/ble/common/ble_srv_common.c.obj
                0x0002ca30                ble_srv_is_notification_enabled
 .text._weak_handler
                0x0002ca38        0x4 examples/light_ctl/ctl_lc_server/CMakeFiles/light_ctl_lc_server_nrf52840_xxAA_s140_7.2.0.dir/__/__/common/src/nrf_mesh_weak.c.obj
                0x0002ca38                nrf_mesh_dfu_init
                0x0002ca38                nrf_mesh_dfu_jump_to_bootloader
                0x0002ca38                nrf_mesh_dfu_rx
                0x0002ca38                prov_provisioner_provision
                0x0002ca38                nrf_mesh_dfu_bank_info_get
                0x0002ca38                prov_provisioner_oob_pubkey
                0x0002ca38                nrf_mesh_dfu_request
                0x0002ca38                nrf_mesh_dfu_bank_flash
                0x0002ca38                nrf_mesh_dfu_enable
                0x0002ca38                _weak_handler
                0x0002ca38                nrf_mesh_dfu_relay
                0x0002ca38                nrf_mesh_dfu_abort
                0x0002ca38                mesh_flash_op_execute
                0x0002ca38                prov_provisionee_init
                0x0002ca38                nrf_mesh_dfu_state_get
                0x0002ca38                prov_provisioner_shared_secret
                0x0002ca38                prov_provisioner_auth_data
                0x0002ca38                prov_bearer_adv_packet_in
                0x0002ca38                prov_provisioner_oob_use
 .text.app_error_fault_handler
                0x0002ca3c      0x200 examples/light_ctl/ctl_lc_server/CMakeFiles/light_ctl_lc_server_nrf52840_xxAA_s140_7.2.0.dir/__/__/common/src/app_error_weak.c.obj
                0x0002ca3c                app_error_fault_handler
 .text.mesh_assertion_handler
                0x0002cc3c       0x20 examples/light_ctl/ctl_lc_server/CMakeFiles/light_ctl_lc_server_nrf52840_xxAA_s140_7.2.0.dir/__/__/common/src/assertion_handler_weak.c.obj
                0x0002cc3c                mesh_assertion_handler
 .text.nrf_mesh_configure_device_uuid_set
                0x0002cc5c       0x10 examples/light_ctl/ctl_lc_server/CMakeFiles/light_ctl_lc_server_nrf52840_xxAA_s140_7.2.0.dir/__/__/__/mesh/core/src/nrf_mesh_configure.c.obj
                0x0002cc5c                nrf_mesh_configure_device_uuid_set
 .text.nrf_mesh_configure_device_uuid_reset
                0x0002cc6c       0x40 examples/light_ctl/ctl_lc_server/CMakeFiles/light_ctl_lc_server_nrf52840_xxAA_s140_7.2.0.dir/__/__/__/mesh/core/src/nrf_mesh_configure.c.obj
                0x0002cc6c                nrf_mesh_configure_device_uuid_reset
 .text.nrf_mesh_configure_device_uuid_get
                0x0002ccac        0x8 examples/light_ctl/ctl_lc_server/CMakeFiles/light_ctl_lc_server_nrf52840_xxAA_s140_7.2.0.dir/__/__/__/mesh/core/src/nrf_mesh_configure.c.obj
                0x0002ccac                nrf_mesh_configure_device_uuid_get
 .text.msg_cache_init
                0x0002ccb4       0x24 examples/light_ctl/ctl_lc_server/CMakeFiles/light_ctl_lc_server_nrf52840_xxAA_s140_7.2.0.dir/__/__/__/mesh/core/src/msg_cache.c.obj
                0x0002ccb4                msg_cache_init
 .text.msg_cache_entry_exists
                0x0002ccd8       0x3c examples/light_ctl/ctl_lc_server/CMakeFiles/light_ctl_lc_server_nrf52840_xxAA_s140_7.2.0.dir/__/__/__/mesh/core/src/msg_cache.c.obj
                0x0002ccd8                msg_cache_entry_exists
 .text.msg_cache_entry_add
                0x0002cd14       0x30 examples/light_ctl/ctl_lc_server/CMakeFiles/light_ctl_lc_server_nrf52840_xxAA_s140_7.2.0.dir/__/__/__/mesh/core/src/msg_cache.c.obj
                0x0002cd14                msg_cache_entry_add
 .text.transport_sar_first_seq_num_get
                0x0002cd44       0x12 examples/light_ctl/ctl_lc_server/CMakeFiles/light_ctl_lc_server_nrf52840_xxAA_s140_7.2.0.dir/__/__/__/mesh/core/src/transport.c.obj
 *fill*         0x0002cd56        0x2 
 .text.control_packet_callback_get
                0x0002cd58       0x40 examples/light_ctl/ctl_lc_server/CMakeFiles/light_ctl_lc_server_nrf52840_xxAA_s140_7.2.0.dir/__/__/__/mesh/core/src/transport.c.obj
 .text.tx_complete
                0x0002cd98       0x2c examples/light_ctl/ctl_lc_server/CMakeFiles/light_ctl_lc_server_nrf52840_xxAA_s140_7.2.0.dir/__/__/__/mesh/core/src/transport.c.obj
 .text.block_ack_full
                0x0002cdc4       0x1a examples/light_ctl/ctl_lc_server/CMakeFiles/light_ctl_lc_server_nrf52840_xxAA_s140_7.2.0.dir/__/__/__/mesh/core/src/transport.c.obj
 .text.upper_trs_packet_encrypt
                0x0002cdde       0x86 examples/light_ctl/ctl_lc_server/CMakeFiles/light_ctl_lc_server_nrf52840_xxAA_s140_7.2.0.dir/__/__/__/mesh/core/src/transport.c.obj
 .text.sar_ctx_alloc
                0x0002ce64       0xbc examples/light_ctl/ctl_lc_server/CMakeFiles/light_ctl_lc_server_nrf52840_xxAA_s140_7.2.0.dir/__/__/__/mesh/core/src/transport.c.obj
 .text.sar_ctx_free
                0x0002cf20       0x3a examples/light_ctl/ctl_lc_server/CMakeFiles/light_ctl_lc_server_nrf52840_xxAA_s140_7.2.0.dir/__/__/__/mesh/core/src/transport.c.obj
 .text.sar_ctx_tx_complete
                0x0002cf5a       0x34 examples/light_ctl/ctl_lc_server/CMakeFiles/light_ctl_lc_server_nrf52840_xxAA_s140_7.2.0.dir/__/__/__/mesh/core/src/transport.c.obj
 .text.transport_metadata_validate
                0x0002cf8e       0x54 examples/light_ctl/ctl_lc_server/CMakeFiles/light_ctl_lc_server_nrf52840_xxAA_s140_7.2.0.dir/__/__/__/mesh/core/src/transport.c.obj
 *fill*         0x0002cfe2        0x2 
 .text.test_transport_decrypt
                0x0002cfe4       0x88 examples/light_ctl/ctl_lc_server/CMakeFiles/light_ctl_lc_server_nrf52840_xxAA_s140_7.2.0.dir/__/__/__/mesh/core/src/transport.c.obj
 .text.replay_list_add
                0x0002d06c       0x4c examples/light_ctl/ctl_lc_server/CMakeFiles/light_ctl_lc_server_nrf52840_xxAA_s140_7.2.0.dir/__/__/__/mesh/core/src/transport.c.obj
 .text.upper_transport_access_packet_in
                0x0002d0b8      0x1c0 examples/light_ctl/ctl_lc_server/CMakeFiles/light_ctl_lc_server_nrf52840_xxAA_s140_7.2.0.dir/__/__/__/mesh/core/src/transport.c.obj
 .text.trs_packet_header_build
                0x0002d278       0xa4 examples/light_ctl/ctl_lc_server/CMakeFiles/light_ctl_lc_server_nrf52840_xxAA_s140_7.2.0.dir/__/__/__/mesh/core/src/transport.c.obj
 .text.trs_sar_packet_out
                0x0002d31c      0x10c examples/light_ctl/ctl_lc_server/CMakeFiles/light_ctl_lc_server_nrf52840_xxAA_s140_7.2.0.dir/__/__/__/mesh/core/src/transport.c.obj
 .text.tx_retry_timer_reset
                0x0002d428       0x3c examples/light_ctl/ctl_lc_server/CMakeFiles/light_ctl_lc_server_nrf52840_xxAA_s140_7.2.0.dir/__/__/__/mesh/core/src/transport.c.obj
 .text.segmented_packet_tx
                0x0002d464      0x148 examples/light_ctl/ctl_lc_server/CMakeFiles/light_ctl_lc_server_nrf52840_xxAA_s140_7.2.0.dir/__/__/__/mesh/core/src/transport.c.obj
 .text.sar_ctx_cancel
                0x0002d5ac       0xe0 examples/light_ctl/ctl_lc_server/CMakeFiles/light_ctl_lc_server_nrf52840_xxAA_s140_7.2.0.dir/__/__/__/mesh/core/src/transport.c.obj
 .text.abort_timeout
                0x0002d68c        0x8 examples/light_ctl/ctl_lc_server/CMakeFiles/light_ctl_lc_server_nrf52840_xxAA_s140_7.2.0.dir/__/__/__/mesh/core/src/transport.c.obj
 .text.retry_timeout
                0x0002d694       0x4c examples/light_ctl/ctl_lc_server/CMakeFiles/light_ctl_lc_server_nrf52840_xxAA_s140_7.2.0.dir/__/__/__/mesh/core/src/transport.c.obj
 .text.transport_control_packet_in
                0x0002d6e0      0x1d8 examples/light_ctl/ctl_lc_server/CMakeFiles/light_ctl_lc_server_nrf52840_xxAA_s140_7.2.0.dir/__/__/__/mesh/core/src/transport.c.obj
 .text.upper_transport_tx
                0x0002d8b8       0x8e examples/light_ctl/ctl_lc_server/CMakeFiles/light_ctl_lc_server_nrf52840_xxAA_s140_7.2.0.dir/__/__/__/mesh/core/src/transport.c.obj
 *fill*         0x0002d946        0x2 
 .text.transport_init
                0x0002d948       0x84 examples/light_ctl/ctl_lc_server/CMakeFiles/light_ctl_lc_server_nrf52840_xxAA_s140_7.2.0.dir/__/__/__/mesh/core/src/transport.c.obj
                0x0002d948                transport_init
 .text.transport_enable
                0x0002d9cc        0x4 examples/light_ctl/ctl_lc_server/CMakeFiles/light_ctl_lc_server_nrf52840_xxAA_s140_7.2.0.dir/__/__/__/mesh/core/src/transport.c.obj
                0x0002d9cc                transport_enable
 .text.transport_tx
                0x0002d9d0       0xd4 examples/light_ctl/ctl_lc_server/CMakeFiles/light_ctl_lc_server_nrf52840_xxAA_s140_7.2.0.dir/__/__/__/mesh/core/src/transport.c.obj
                0x0002d9d0                transport_tx
 .text.transport_control_tx
                0x0002daa4       0xe8 examples/light_ctl/ctl_lc_server/CMakeFiles/light_ctl_lc_server_nrf52840_xxAA_s140_7.2.0.dir/__/__/__/mesh/core/src/transport.c.obj
                0x0002daa4                transport_control_tx
 .text.sar_ack_send
                0x0002db8c      0x11c examples/light_ctl/ctl_lc_server/CMakeFiles/light_ctl_lc_server_nrf52840_xxAA_s140_7.2.0.dir/__/__/__/mesh/core/src/transport.c.obj
 .text.ack_timeout
                0x0002dca8       0x30 examples/light_ctl/ctl_lc_server/CMakeFiles/light_ctl_lc_server_nrf52840_xxAA_s140_7.2.0.dir/__/__/__/mesh/core/src/transport.c.obj
 .text.transport_packet_in
                0x0002dcd8      0x4cc examples/light_ctl/ctl_lc_server/CMakeFiles/light_ctl_lc_server_nrf52840_xxAA_s140_7.2.0.dir/__/__/__/mesh/core/src/transport.c.obj
                0x0002dcd8                transport_packet_in
 .text.transport_sar_process
                0x0002e1a4       0x68 examples/light_ctl/ctl_lc_server/CMakeFiles/light_ctl_lc_server_nrf52840_xxAA_s140_7.2.0.dir/__/__/__/mesh/core/src/transport.c.obj
 .text.transport_control_packet_consumer_add
                0x0002e20c       0x64 examples/light_ctl/ctl_lc_server/CMakeFiles/light_ctl_lc_server_nrf52840_xxAA_s140_7.2.0.dir/__/__/__/mesh/core/src/transport.c.obj
                0x0002e20c                transport_control_packet_consumer_add
 .text.event_handle
                0x0002e270       0x58 examples/light_ctl/ctl_lc_server/CMakeFiles/light_ctl_lc_server_nrf52840_xxAA_s140_7.2.0.dir/__/__/__/mesh/core/src/event.c.obj
                0x0002e270                event_handle
 .text.event_handler_add
                0x0002e2c8       0x20 examples/light_ctl/ctl_lc_server/CMakeFiles/light_ctl_lc_server_nrf52840_xxAA_s140_7.2.0.dir/__/__/__/mesh/core/src/event.c.obj
                0x0002e2c8                event_handler_add
 .text.event_handler_remove
                0x0002e2e8       0x34 examples/light_ctl/ctl_lc_server/CMakeFiles/light_ctl_lc_server_nrf52840_xxAA_s140_7.2.0.dir/__/__/__/mesh/core/src/event.c.obj
                0x0002e2e8                event_handler_remove
 .text.m_index_increment
                0x0002e31c       0x1e examples/light_ctl/ctl_lc_server/CMakeFiles/light_ctl_lc_server_nrf52840_xxAA_s140_7.2.0.dir/__/__/__/mesh/core/src/packet_buffer.c.obj
 .text.m_get_next_packet
                0x0002e33a       0x1e examples/light_ctl/ctl_lc_server/CMakeFiles/light_ctl_lc_server_nrf52840_xxAA_s140_7.2.0.dir/__/__/__/mesh/core/src/packet_buffer.c.obj
 .text.packet_buffer_init
                0x0002e358       0xa8 examples/light_ctl/ctl_lc_server/CMakeFiles/light_ctl_lc_server_nrf52840_xxAA_s140_7.2.0.dir/__/__/__/mesh/core/src/packet_buffer.c.obj
                0x0002e358                packet_buffer_init
 .text.packet_buffer_flush
                0x0002e400       0x50 examples/light_ctl/ctl_lc_server/CMakeFiles/light_ctl_lc_server_nrf52840_xxAA_s140_7.2.0.dir/__/__/__/mesh/core/src/packet_buffer.c.obj
                0x0002e400                packet_buffer_flush
 .text.packet_buffer_reserve
                0x0002e450       0xa2 examples/light_ctl/ctl_lc_server/CMakeFiles/light_ctl_lc_server_nrf52840_xxAA_s140_7.2.0.dir/__/__/__/mesh/core/src/packet_buffer.c.obj
                0x0002e450                packet_buffer_reserve
 .text.packet_buffer_commit
                0x0002e4f2       0x62 examples/light_ctl/ctl_lc_server/CMakeFiles/light_ctl_lc_server_nrf52840_xxAA_s140_7.2.0.dir/__/__/__/mesh/core/src/packet_buffer.c.obj
                0x0002e4f2                packet_buffer_commit
 .text.packet_buffer_pop
                0x0002e554       0x5a examples/light_ctl/ctl_lc_server/CMakeFiles/light_ctl_lc_server_nrf52840_xxAA_s140_7.2.0.dir/__/__/__/mesh/core/src/packet_buffer.c.obj
                0x0002e554                packet_buffer_pop
 .text.packet_buffer_can_pop
                0x0002e5ae       0x34 examples/light_ctl/ctl_lc_server/CMakeFiles/light_ctl_lc_server_nrf52840_xxAA_s140_7.2.0.dir/__/__/__/mesh/core/src/packet_buffer.c.obj
                0x0002e5ae                packet_buffer_can_pop
 .text.packet_buffer_packets_ready_to_pop
                0x0002e5e2       0x36 examples/light_ctl/ctl_lc_server/CMakeFiles/light_ctl_lc_server_nrf52840_xxAA_s140_7.2.0.dir/__/__/__/mesh/core/src/packet_buffer.c.obj
                0x0002e5e2                packet_buffer_packets_ready_to_pop
 .text.packet_buffer_free
                0x0002e618       0x74 examples/light_ctl/ctl_lc_server/CMakeFiles/light_ctl_lc_server_nrf52840_xxAA_s140_7.2.0.dir/__/__/__/mesh/core/src/packet_buffer.c.obj
                0x0002e618                packet_buffer_free
 .text.packet_buffer_is_empty
                0x0002e68c       0x28 examples/light_ctl/ctl_lc_server/CMakeFiles/light_ctl_lc_server_nrf52840_xxAA_s140_7.2.0.dir/__/__/__/mesh/core/src/packet_buffer.c.obj
                0x0002e68c                packet_buffer_is_empty
 .text.get_last_page
                0x0002e6b4       0x14 examples/light_ctl/ctl_lc_server/CMakeFiles/light_ctl_lc_server_nrf52840_xxAA_s140_7.2.0.dir/__/__/__/mesh/core/src/flash_manager_defrag.c.obj
 .text.freezing
                0x0002e6c8       0x10 examples/light_ctl/ctl_lc_server/CMakeFiles/light_ctl_lc_server_nrf52840_xxAA_s140_7.2.0.dir/__/__/__/mesh/core/src/flash_manager_defrag.c.obj
 .text.defrag_on_end
                0x0002e6d8       0x1c examples/light_ctl/ctl_lc_server/CMakeFiles/light_ctl_lc_server_nrf52840_xxAA_s140_7.2.0.dir/__/__/__/mesh/core/src/flash_manager_defrag.c.obj
 .text.execute_procedure_step
                0x0002e6f4       0x70 examples/light_ctl/ctl_lc_server/CMakeFiles/light_ctl_lc_server_nrf52840_xxAA_s140_7.2.0.dir/__/__/__/mesh/core/src/flash_manager_defrag.c.obj
 .text.jump_to_step
                0x0002e764       0x28 examples/light_ctl/ctl_lc_server/CMakeFiles/light_ctl_lc_server_nrf52840_xxAA_s140_7.2.0.dir/__/__/__/mesh/core/src/flash_manager_defrag.c.obj
 .text.get_next_entry
                0x0002e78c       0x38 examples/light_ctl/ctl_lc_server/CMakeFiles/light_ctl_lc_server_nrf52840_xxAA_s140_7.2.0.dir/__/__/__/mesh/core/src/flash_manager_defrag.c.obj
 .text.get_next_data_entry
                0x0002e7c4       0x26 examples/light_ctl/ctl_lc_server/CMakeFiles/light_ctl_lc_server_nrf52840_xxAA_s140_7.2.0.dir/__/__/__/mesh/core/src/flash_manager_defrag.c.obj
 *fill*         0x0002e7ea        0x2 
 .text.on_flash_op_end
                0x0002e7ec       0x30 examples/light_ctl/ctl_lc_server/CMakeFiles/light_ctl_lc_server_nrf52840_xxAA_s140_7.2.0.dir/__/__/__/mesh/core/src/flash_manager_defrag.c.obj
 .text.check_for_invalid_entries
                0x0002e81c       0x38 examples/light_ctl/ctl_lc_server/CMakeFiles/light_ctl_lc_server_nrf52840_xxAA_s140_7.2.0.dir/__/__/__/mesh/core/src/flash_manager_defrag.c.obj
 .text.erase_recovery_area
                0x0002e854       0x34 examples/light_ctl/ctl_lc_server/CMakeFiles/light_ctl_lc_server_nrf52840_xxAA_s140_7.2.0.dir/__/__/__/mesh/core/src/flash_manager_defrag.c.obj
 .text.flash.constprop.0
                0x0002e888       0x24 examples/light_ctl/ctl_lc_server/CMakeFiles/light_ctl_lc_server_nrf52840_xxAA_s140_7.2.0.dir/__/__/__/mesh/core/src/flash_manager_defrag.c.obj
 .text.invalidate_duplicate_entries
                0x0002e8ac       0xa8 examples/light_ctl/ctl_lc_server/CMakeFiles/light_ctl_lc_server_nrf52840_xxAA_s140_7.2.0.dir/__/__/__/mesh/core/src/flash_manager_defrag.c.obj
 .text.seal_storage_page
                0x0002e954       0x50 examples/light_ctl/ctl_lc_server/CMakeFiles/light_ctl_lc_server_nrf52840_xxAA_s140_7.2.0.dir/__/__/__/mesh/core/src/flash_manager_defrag.c.obj
 .text.copy_metadata
                0x0002e9a4       0x3c examples/light_ctl/ctl_lc_server/CMakeFiles/light_ctl_lc_server_nrf52840_xxAA_s140_7.2.0.dir/__/__/__/mesh/core/src/flash_manager_defrag.c.obj
 .text.write_defrag_start_pointer
                0x0002e9e0       0x20 examples/light_ctl/ctl_lc_server/CMakeFiles/light_ctl_lc_server_nrf52840_xxAA_s140_7.2.0.dir/__/__/__/mesh/core/src/flash_manager_defrag.c.obj
 .text.write_back
                0x0002ea00       0x28 examples/light_ctl/ctl_lc_server/CMakeFiles/light_ctl_lc_server_nrf52840_xxAA_s140_7.2.0.dir/__/__/__/mesh/core/src/flash_manager_defrag.c.obj
 .text.post_process
                0x0002ea28       0x40 examples/light_ctl/ctl_lc_server/CMakeFiles/light_ctl_lc_server_nrf52840_xxAA_s140_7.2.0.dir/__/__/__/mesh/core/src/flash_manager_defrag.c.obj
 .text.backup_entries
                0x0002ea68       0xd8 examples/light_ctl/ctl_lc_server/CMakeFiles/light_ctl_lc_server_nrf52840_xxAA_s140_7.2.0.dir/__/__/__/mesh/core/src/flash_manager_defrag.c.obj
 .text.erase_source
                0x0002eb40       0x34 examples/light_ctl/ctl_lc_server/CMakeFiles/light_ctl_lc_server_nrf52840_xxAA_s140_7.2.0.dir/__/__/__/mesh/core/src/flash_manager_defrag.c.obj
 .text.flash_manager_defrag_init
                0x0002eb74      0x108 examples/light_ctl/ctl_lc_server/CMakeFiles/light_ctl_lc_server_nrf52840_xxAA_s140_7.2.0.dir/__/__/__/mesh/core/src/flash_manager_defrag.c.obj
                0x0002eb74                flash_manager_defrag_init
 .text.flash_manager_defragging
                0x0002ec7c       0x38 examples/light_ctl/ctl_lc_server/CMakeFiles/light_ctl_lc_server_nrf52840_xxAA_s140_7.2.0.dir/__/__/__/mesh/core/src/flash_manager_defrag.c.obj
                0x0002ec7c                flash_manager_defragging
 .text.flash_manager_defrag_is_running
                0x0002ecb4       0x10 examples/light_ctl/ctl_lc_server/CMakeFiles/light_ctl_lc_server_nrf52840_xxAA_s140_7.2.0.dir/__/__/__/mesh/core/src/flash_manager_defrag.c.obj
                0x0002ecb4                flash_manager_defrag_is_running
 .text.flash_manager_defrag
                0x0002ecc4       0x54 examples/light_ctl/ctl_lc_server/CMakeFiles/light_ctl_lc_server_nrf52840_xxAA_s140_7.2.0.dir/__/__/__/mesh/core/src/flash_manager_defrag.c.obj
                0x0002ecc4                flash_manager_defrag
 .text.flash_manager_defrag_recovery_page_get
                0x0002ed18        0xc examples/light_ctl/ctl_lc_server/CMakeFiles/light_ctl_lc_server_nrf52840_xxAA_s140_7.2.0.dir/__/__/__/mesh/core/src/flash_manager_defrag.c.obj
                0x0002ed18                flash_manager_defrag_recovery_page_get
 .text.fifo_init
                0x0002ed24       0x34 examples/light_ctl/ctl_lc_server/CMakeFiles/light_ctl_lc_server_nrf52840_xxAA_s140_7.2.0.dir/__/__/__/mesh/core/src/fifo.c.obj
                0x0002ed24                fifo_init
 .text.fifo_pop
                0x0002ed58       0x52 examples/light_ctl/ctl_lc_server/CMakeFiles/light_ctl_lc_server_nrf52840_xxAA_s140_7.2.0.dir/__/__/__/mesh/core/src/fifo.c.obj
                0x0002ed58                fifo_pop
 *fill*         0x0002edaa        0x2 
 .text.wait_for_ready
                0x0002edac       0x10 examples/light_ctl/ctl_lc_server/CMakeFiles/light_ctl_lc_server_nrf52840_xxAA_s140_7.2.0.dir/__/__/__/mesh/core/src/nrf_flash.c.obj
 .text.nrf_flash_erase
                0x0002edbc       0x50 examples/light_ctl/ctl_lc_server/CMakeFiles/light_ctl_lc_server_nrf52840_xxAA_s140_7.2.0.dir/__/__/__/mesh/core/src/nrf_flash.c.obj
                0x0002edbc                nrf_flash_erase
 .text.nrf_flash_write
                0x0002ee0c       0x58 examples/light_ctl/ctl_lc_server/CMakeFiles/light_ctl_lc_server_nrf52840_xxAA_s140_7.2.0.dir/__/__/__/mesh/core/src/nrf_flash.c.obj
                0x0002ee0c                nrf_flash_write
 .text.iv_timeout_limit_passed
                0x0002ee64       0x18 examples/light_ctl/ctl_lc_server/CMakeFiles/light_ctl_lc_server_nrf52840_xxAA_s140_7.2.0.dir/__/__/__/mesh/core/src/net_state.c.obj
 .text.seqnum_block_legacy_setter
                0x0002ee7c       0x3c examples/light_ctl/ctl_lc_server/CMakeFiles/light_ctl_lc_server_nrf52840_xxAA_s140_7.2.0.dir/__/__/__/mesh/core/src/net_state.c.obj
 .text.iv_index_legacy_setter
                0x0002eeb8       0x3c examples/light_ctl/ctl_lc_server/CMakeFiles/light_ctl_lc_server_nrf52840_xxAA_s140_7.2.0.dir/__/__/__/mesh/core/src/net_state.c.obj
 .text.seqnum_block_deleter
                0x0002eef4       0x24 examples/light_ctl/ctl_lc_server/CMakeFiles/light_ctl_lc_server_nrf52840_xxAA_s140_7.2.0.dir/__/__/__/mesh/core/src/net_state.c.obj
 .text.iv_index_deleter
                0x0002ef18       0x24 examples/light_ctl/ctl_lc_server/CMakeFiles/light_ctl_lc_server_nrf52840_xxAA_s140_7.2.0.dir/__/__/__/mesh/core/src/net_state.c.obj
 .text.seqnum_block_getter
                0x0002ef3c       0x28 examples/light_ctl/ctl_lc_server/CMakeFiles/light_ctl_lc_server_nrf52840_xxAA_s140_7.2.0.dir/__/__/__/mesh/core/src/net_state.c.obj
 .text.seqnum_block_setter
                0x0002ef64       0x38 examples/light_ctl/ctl_lc_server/CMakeFiles/light_ctl_lc_server_nrf52840_xxAA_s140_7.2.0.dir/__/__/__/mesh/core/src/net_state.c.obj
 .text.iv_index_getter
                0x0002ef9c       0x28 examples/light_ctl/ctl_lc_server/CMakeFiles/light_ctl_lc_server_nrf52840_xxAA_s140_7.2.0.dir/__/__/__/mesh/core/src/net_state.c.obj
 .text.iv_index_setter
                0x0002efc4       0x38 examples/light_ctl/ctl_lc_server/CMakeFiles/light_ctl_lc_server_nrf52840_xxAA_s140_7.2.0.dir/__/__/__/mesh/core/src/net_state.c.obj
 .text.iv_index_notify
                0x0002effc       0x30 examples/light_ctl/ctl_lc_server/CMakeFiles/light_ctl_lc_server_nrf52840_xxAA_s140_7.2.0.dir/__/__/__/mesh/core/src/net_state.c.obj
 .text.persist_completed_notify
                0x0002f02c       0x2c examples/light_ctl/ctl_lc_server/CMakeFiles/light_ctl_lc_server_nrf52840_xxAA_s140_7.2.0.dir/__/__/__/mesh/core/src/net_state.c.obj
 .text.seqnum_block_allocate
                0x0002f058       0x58 examples/light_ctl/ctl_lc_server/CMakeFiles/light_ctl_lc_server_nrf52840_xxAA_s140_7.2.0.dir/__/__/__/mesh/core/src/net_state.c.obj
 .text.iv_index_store
                0x0002f0b0       0x44 examples/light_ctl/ctl_lc_server/CMakeFiles/light_ctl_lc_server_nrf52840_xxAA_s140_7.2.0.dir/__/__/__/mesh/core/src/net_state.c.obj
 .text.net_state_reset
                0x0002f0f4       0x30 examples/light_ctl/ctl_lc_server/CMakeFiles/light_ctl_lc_server_nrf52840_xxAA_s140_7.2.0.dir/__/__/__/mesh/core/src/net_state.c.obj
                0x0002f0f4                net_state_reset
 .text.net_state_init
                0x0002f124       0x48 examples/light_ctl/ctl_lc_server/CMakeFiles/light_ctl_lc_server_nrf52840_xxAA_s140_7.2.0.dir/__/__/__/mesh/core/src/net_state.c.obj
                0x0002f124                net_state_init
 .text.net_state_enable
                0x0002f16c       0xc4 examples/light_ctl/ctl_lc_server/CMakeFiles/light_ctl_lc_server_nrf52840_xxAA_s140_7.2.0.dir/__/__/__/mesh/core/src/net_state.c.obj
                0x0002f16c                net_state_enable
 .text.net_state_is_seqnum_block_ready
                0x0002f230       0x14 examples/light_ctl/ctl_lc_server/CMakeFiles/light_ctl_lc_server_nrf52840_xxAA_s140_7.2.0.dir/__/__/__/mesh/core/src/net_state.c.obj
                0x0002f230                net_state_is_seqnum_block_ready
 .text.net_state_iv_update_start
                0x0002f244       0x40 examples/light_ctl/ctl_lc_server/CMakeFiles/light_ctl_lc_server_nrf52840_xxAA_s140_7.2.0.dir/__/__/__/mesh/core/src/net_state.c.obj
                0x0002f244                net_state_iv_update_start
 .text.iv_update_trigger_if_pending
                0x0002f284       0x5c examples/light_ctl/ctl_lc_server/CMakeFiles/light_ctl_lc_server_nrf52840_xxAA_s140_7.2.0.dir/__/__/__/mesh/core/src/net_state.c.obj
 .text.iv_update_timer_handler
                0x0002f2e0       0x9c examples/light_ctl/ctl_lc_server/CMakeFiles/light_ctl_lc_server_nrf52840_xxAA_s140_7.2.0.dir/__/__/__/mesh/core/src/net_state.c.obj
 .text.mesh_evt_handler
                0x0002f37c       0x88 examples/light_ctl/ctl_lc_server/CMakeFiles/light_ctl_lc_server_nrf52840_xxAA_s140_7.2.0.dir/__/__/__/mesh/core/src/net_state.c.obj
 .text.net_state_iv_index_lock
                0x0002f404       0x3c examples/light_ctl/ctl_lc_server/CMakeFiles/light_ctl_lc_server_nrf52840_xxAA_s140_7.2.0.dir/__/__/__/mesh/core/src/net_state.c.obj
                0x0002f404                net_state_iv_index_lock
 .text.net_state_key_refresh_phase_changed
                0x0002f440       0x20 examples/light_ctl/ctl_lc_server/CMakeFiles/light_ctl_lc_server_nrf52840_xxAA_s140_7.2.0.dir/__/__/__/mesh/core/src/net_state.c.obj
                0x0002f440                net_state_key_refresh_phase_changed
 .text.net_state_beacon_iv_index_get
                0x0002f460        0xc examples/light_ctl/ctl_lc_server/CMakeFiles/light_ctl_lc_server_nrf52840_xxAA_s140_7.2.0.dir/__/__/__/mesh/core/src/net_state.c.obj
                0x0002f460                net_state_beacon_iv_index_get
 .text.net_state_tx_iv_index_get
                0x0002f46c       0x14 examples/light_ctl/ctl_lc_server/CMakeFiles/light_ctl_lc_server_nrf52840_xxAA_s140_7.2.0.dir/__/__/__/mesh/core/src/net_state.c.obj
                0x0002f46c                net_state_tx_iv_index_get
 .text.net_state_iv_index_and_seqnum_alloc
                0x0002f480       0x7c examples/light_ctl/ctl_lc_server/CMakeFiles/light_ctl_lc_server_nrf52840_xxAA_s140_7.2.0.dir/__/__/__/mesh/core/src/net_state.c.obj
                0x0002f480                net_state_iv_index_and_seqnum_alloc
 .text.net_state_rx_iv_index_get
                0x0002f4fc       0x18 examples/light_ctl/ctl_lc_server/CMakeFiles/light_ctl_lc_server_nrf52840_xxAA_s140_7.2.0.dir/__/__/__/mesh/core/src/net_state.c.obj
                0x0002f4fc                net_state_rx_iv_index_get
 .text.net_state_iv_update_get
                0x0002f514        0xc examples/light_ctl/ctl_lc_server/CMakeFiles/light_ctl_lc_server_nrf52840_xxAA_s140_7.2.0.dir/__/__/__/mesh/core/src/net_state.c.obj
                0x0002f514                net_state_iv_update_get
 .text.net_state_iv_index_and_seqnum_block_set
                0x0002f520       0x48 examples/light_ctl/ctl_lc_server/CMakeFiles/light_ctl_lc_server_nrf52840_xxAA_s140_7.2.0.dir/__/__/__/mesh/core/src/net_state.c.obj
                0x0002f520                net_state_iv_index_and_seqnum_block_set
 .text.net_state_iv_index_set
                0x0002f568        0x6 examples/light_ctl/ctl_lc_server/CMakeFiles/light_ctl_lc_server_nrf52840_xxAA_s140_7.2.0.dir/__/__/__/mesh/core/src/net_state.c.obj
                0x0002f568                net_state_iv_index_set
 *fill*         0x0002f56e        0x2 
 .text.send_end_events
                0x0002f570       0x84 examples/light_ctl/ctl_lc_server/CMakeFiles/light_ctl_lc_server_nrf52840_xxAA_s140_7.2.0.dir/__/__/__/mesh/core/src/mesh_flash.c.obj
 .text.flash_op_action_prepare
                0x0002f5f4       0x78 examples/light_ctl/ctl_lc_server/CMakeFiles/light_ctl_lc_server_nrf52840_xxAA_s140_7.2.0.dir/__/__/__/mesh/core/src/mesh_flash.c.obj
 .text.flash_op_schedule
                0x0002f66c       0x20 examples/light_ctl/ctl_lc_server/CMakeFiles/light_ctl_lc_server_nrf52840_xxAA_s140_7.2.0.dir/__/__/__/mesh/core/src/mesh_flash.c.obj
 .text.flash_op_start
                0x0002f68c      0x138 examples/light_ctl/ctl_lc_server/CMakeFiles/light_ctl_lc_server_nrf52840_xxAA_s140_7.2.0.dir/__/__/__/mesh/core/src/mesh_flash.c.obj
 .text.mesh_flash_init
                0x0002f7c4       0x7c examples/light_ctl/ctl_lc_server/CMakeFiles/light_ctl_lc_server_nrf52840_xxAA_s140_7.2.0.dir/__/__/__/mesh/core/src/mesh_flash.c.obj
                0x0002f7c4                mesh_flash_init
 .text.mesh_flash_user_callback_set
                0x0002f840       0x20 examples/light_ctl/ctl_lc_server/CMakeFiles/light_ctl_lc_server_nrf52840_xxAA_s140_7.2.0.dir/__/__/__/mesh/core/src/mesh_flash.c.obj
                0x0002f840                mesh_flash_user_callback_set
 .text.mesh_flash_op_push
                0x0002f860      0x10c examples/light_ctl/ctl_lc_server/CMakeFiles/light_ctl_lc_server_nrf52840_xxAA_s140_7.2.0.dir/__/__/__/mesh/core/src/mesh_flash.c.obj
                0x0002f860                mesh_flash_op_push
 .text.mesh_flash_set_suspended
                0x0002f96c       0x70 examples/light_ctl/ctl_lc_server/CMakeFiles/light_ctl_lc_server_nrf52840_xxAA_s140_7.2.0.dir/__/__/__/mesh/core/src/mesh_flash.c.obj
                0x0002f96c                mesh_flash_set_suspended
 .text.nrf_mesh_address_type_get
                0x0002f9dc       0x10 examples/light_ctl/ctl_lc_server/CMakeFiles/light_ctl_lc_server_nrf52840_xxAA_s140_7.2.0.dir/__/__/__/mesh/core/src/nrf_mesh_utils.c.obj
                0x0002f9dc                nrf_mesh_address_type_get
 .text.sd_softdevice_is_enabled
                0x0002f9ec        0x4 examples/light_ctl/ctl_lc_server/CMakeFiles/light_ctl_lc_server_nrf52840_xxAA_s140_7.2.0.dir/__/__/__/mesh/core/src/nrf_mesh.c.obj
 .text.packet_in
                0x0002f9f0       0x6c examples/light_ctl/ctl_lc_server/CMakeFiles/light_ctl_lc_server_nrf52840_xxAA_s140_7.2.0.dir/__/__/__/mesh/core/src/nrf_mesh.c.obj
 .text.scanner_packet_process_cb
                0x0002fa5c       0x8c examples/light_ctl/ctl_lc_server/CMakeFiles/light_ctl_lc_server_nrf52840_xxAA_s140_7.2.0.dir/__/__/__/mesh/core/src/nrf_mesh.c.obj
 .text.nrf_mesh_enabled_be_cb
                0x0002fae8       0x50 examples/light_ctl/ctl_lc_server/CMakeFiles/light_ctl_lc_server_nrf52840_xxAA_s140_7.2.0.dir/__/__/__/mesh/core/src/nrf_mesh.c.obj
 .text.bearer_stopped_cb
                0x0002fb38       0x30 examples/light_ctl/ctl_lc_server/CMakeFiles/light_ctl_lc_server_nrf52840_xxAA_s140_7.2.0.dir/__/__/__/mesh/core/src/nrf_mesh.c.obj
 .text.config_stable_catch
                0x0002fb68       0x24 examples/light_ctl/ctl_lc_server/CMakeFiles/light_ctl_lc_server_nrf52840_xxAA_s140_7.2.0.dir/__/__/__/mesh/core/src/nrf_mesh.c.obj
 .text.nrf_mesh_init
                0x0002fb8c       0xdc examples/light_ctl/ctl_lc_server/CMakeFiles/light_ctl_lc_server_nrf52840_xxAA_s140_7.2.0.dir/__/__/__/mesh/core/src/nrf_mesh.c.obj
                0x0002fb8c                nrf_mesh_init
 .text.nrf_mesh_enable
                0x0002fc68       0xb4 examples/light_ctl/ctl_lc_server/CMakeFiles/light_ctl_lc_server_nrf52840_xxAA_s140_7.2.0.dir/__/__/__/mesh/core/src/nrf_mesh.c.obj
                0x0002fc68                nrf_mesh_enable
 .text.nrf_mesh_disable
                0x0002fd1c       0x2c examples/light_ctl/ctl_lc_server/CMakeFiles/light_ctl_lc_server_nrf52840_xxAA_s140_7.2.0.dir/__/__/__/mesh/core/src/nrf_mesh.c.obj
                0x0002fd1c                nrf_mesh_disable
 .text.nrf_mesh_packet_send
                0x0002fd48        0x4 examples/light_ctl/ctl_lc_server/CMakeFiles/light_ctl_lc_server_nrf52840_xxAA_s140_7.2.0.dir/__/__/__/mesh/core/src/nrf_mesh.c.obj
                0x0002fd48                nrf_mesh_packet_send
 .text.nrf_mesh_evt_handler_add
                0x0002fd4c        0x4 examples/light_ctl/ctl_lc_server/CMakeFiles/light_ctl_lc_server_nrf52840_xxAA_s140_7.2.0.dir/__/__/__/mesh/core/src/nrf_mesh.c.obj
                0x0002fd4c                nrf_mesh_evt_handler_add
 .text.nrf_mesh_evt_handler_remove
                0x0002fd50        0x4 examples/light_ctl/ctl_lc_server/CMakeFiles/light_ctl_lc_server_nrf52840_xxAA_s140_7.2.0.dir/__/__/__/mesh/core/src/nrf_mesh.c.obj
                0x0002fd50                nrf_mesh_evt_handler_remove
 .text.nrf_mesh_on_sd_evt
                0x0002fd54        0xa examples/light_ctl/ctl_lc_server/CMakeFiles/light_ctl_lc_server_nrf52840_xxAA_s140_7.2.0.dir/__/__/__/mesh/core/src/nrf_mesh.c.obj
                0x0002fd54                nrf_mesh_on_sd_evt
 .text.nrf_mesh_subnet_added
                0x0002fd5e        0x4 examples/light_ctl/ctl_lc_server/CMakeFiles/light_ctl_lc_server_nrf52840_xxAA_s140_7.2.0.dir/__/__/__/mesh/core/src/nrf_mesh.c.obj
                0x0002fd5e                nrf_mesh_subnet_added
 *fill*         0x0002fd62        0x2 
 .text.nrf_mesh_unique_token_get
                0x0002fd64       0x18 examples/light_ctl/ctl_lc_server/CMakeFiles/light_ctl_lc_server_nrf52840_xxAA_s140_7.2.0.dir/__/__/__/mesh/core/src/nrf_mesh.c.obj
                0x0002fd64                nrf_mesh_unique_token_get
 .text.queue_init
                0x0002fd7c       0x14 examples/light_ctl/ctl_lc_server/CMakeFiles/light_ctl_lc_server_nrf52840_xxAA_s140_7.2.0.dir/__/__/__/mesh/core/src/queue.c.obj
                0x0002fd7c                queue_init
 .text.queue_push
                0x0002fd90       0x34 examples/light_ctl/ctl_lc_server/CMakeFiles/light_ctl_lc_server_nrf52840_xxAA_s140_7.2.0.dir/__/__/__/mesh/core/src/queue.c.obj
                0x0002fd90                queue_push
 .text.queue_pop
                0x0002fdc4       0x2a examples/light_ctl/ctl_lc_server/CMakeFiles/light_ctl_lc_server_nrf52840_xxAA_s140_7.2.0.dir/__/__/__/mesh/core/src/queue.c.obj
                0x0002fdc4                queue_pop
 .text.queue_peek
                0x0002fdee       0x10 examples/light_ctl/ctl_lc_server/CMakeFiles/light_ctl_lc_server_nrf52840_xxAA_s140_7.2.0.dir/__/__/__/mesh/core/src/queue.c.obj
                0x0002fdee                queue_peek
 .text.sd_power_reset_reason_clr
                0x0002fdfe        0x4 examples/light_ctl/ctl_lc_server/CMakeFiles/light_ctl_lc_server_nrf52840_xxAA_s140_7.2.0.dir/__/__/__/mesh/core/src/hal.c.obj
 *fill*         0x0002fe02        0x2 
 .text.hal_device_reset
                0x0002fe04       0x2c examples/light_ctl/ctl_lc_server/CMakeFiles/light_ctl_lc_server_nrf52840_xxAA_s140_7.2.0.dir/__/__/__/mesh/core/src/hal.c.obj
                0x0002fe04                hal_device_reset
 .text.hal_lfclk_ppm_get
                0x0002fe30       0x14 examples/light_ctl/ctl_lc_server/CMakeFiles/light_ctl_lc_server_nrf52840_xxAA_s140_7.2.0.dir/__/__/__/mesh/core/src/hal.c.obj
                0x0002fe30                hal_lfclk_ppm_get
 .text.hal_irq_active_get
                0x0002fe44       0x10 examples/light_ctl/ctl_lc_server/CMakeFiles/light_ctl_lc_server_nrf52840_xxAA_s140_7.2.0.dir/__/__/__/mesh/core/src/hal.c.obj
                0x0002fe44                hal_irq_active_get
 .text.hal_irq_is_enabled
                0x0002fe54       0x30 examples/light_ctl/ctl_lc_server/CMakeFiles/light_ctl_lc_server_nrf52840_xxAA_s140_7.2.0.dir/__/__/__/mesh/core/src/hal.c.obj
                0x0002fe54                hal_irq_is_enabled
 .text.sd_ecb_block_encrypt
                0x0002fe84        0x4 examples/light_ctl/ctl_lc_server/CMakeFiles/light_ctl_lc_server_nrf52840_xxAA_s140_7.2.0.dir/__/__/__/mesh/core/src/aes_cmac.c.obj
 .text.utils_xor.constprop.0
                0x0002fe88       0x20 examples/light_ctl/ctl_lc_server/CMakeFiles/light_ctl_lc_server_nrf52840_xxAA_s140_7.2.0.dir/__/__/__/mesh/core/src/aes_cmac.c.obj
 .text.aes_cmac
                0x0002fea8      0x108 examples/light_ctl/ctl_lc_server/CMakeFiles/light_ctl_lc_server_nrf52840_xxAA_s140_7.2.0.dir/__/__/__/mesh/core/src/aes_cmac.c.obj
                0x0002fea8                aes_cmac
 .text.add_evt  0x0002ffb0       0x4c examples/light_ctl/ctl_lc_server/CMakeFiles/light_ctl_lc_server_nrf52840_xxAA_s140_7.2.0.dir/__/__/__/mesh/core/src/timer_scheduler.c.obj
 .text.remove_evt
                0x0002fffc       0x50 examples/light_ctl/ctl_lc_server/CMakeFiles/light_ctl_lc_server_nrf52840_xxAA_s140_7.2.0.dir/__/__/__/mesh/core/src/timer_scheduler.c.obj
 .text.timer_cb
                0x0003004c        0xc examples/light_ctl/ctl_lc_server/CMakeFiles/light_ctl_lc_server_nrf52840_xxAA_s140_7.2.0.dir/__/__/__/mesh/core/src/timer_scheduler.c.obj
 .text.setup_timeout.isra.0
                0x00030058       0x1c examples/light_ctl/ctl_lc_server/CMakeFiles/light_ctl_lc_server_nrf52840_xxAA_s140_7.2.0.dir/__/__/__/mesh/core/src/timer_scheduler.c.obj
 .text.flag_event_cb
                0x00030074       0x98 examples/light_ctl/ctl_lc_server/CMakeFiles/light_ctl_lc_server_nrf52840_xxAA_s140_7.2.0.dir/__/__/__/mesh/core/src/timer_scheduler.c.obj
 .text.timer_sch_init
                0x0003010c       0x34 examples/light_ctl/ctl_lc_server/CMakeFiles/light_ctl_lc_server_nrf52840_xxAA_s140_7.2.0.dir/__/__/__/mesh/core/src/timer_scheduler.c.obj
                0x0003010c                timer_sch_init
 .text.timer_sch_schedule
                0x00030140       0x54 examples/light_ctl/ctl_lc_server/CMakeFiles/light_ctl_lc_server_nrf52840_xxAA_s140_7.2.0.dir/__/__/__/mesh/core/src/timer_scheduler.c.obj
                0x00030140                timer_sch_schedule
 .text.timer_sch_abort
                0x00030194       0x2e examples/light_ctl/ctl_lc_server/CMakeFiles/light_ctl_lc_server_nrf52840_xxAA_s140_7.2.0.dir/__/__/__/mesh/core/src/timer_scheduler.c.obj
                0x00030194                timer_sch_abort
 *fill*         0x000301c2        0x2 
 .text.timer_sch_reschedule
                0x000301c4       0x48 examples/light_ctl/ctl_lc_server/CMakeFiles/light_ctl_lc_server_nrf52840_xxAA_s140_7.2.0.dir/__/__/__/mesh/core/src/timer_scheduler.c.obj
                0x000301c4                timer_sch_reschedule
 .text.timer_init
                0x0003020c       0x1a examples/light_ctl/ctl_lc_server/CMakeFiles/light_ctl_lc_server_nrf52840_xxAA_s140_7.2.0.dir/__/__/__/mesh/core/src/timer.c.obj
                0x0003020c                timer_init
 *fill*         0x00030226        0x2 
 .text.timer_now
                0x00030228       0x48 examples/light_ctl/ctl_lc_server/CMakeFiles/light_ctl_lc_server_nrf52840_xxAA_s140_7.2.0.dir/__/__/__/mesh/core/src/timer.c.obj
                0x00030228                timer_now
 .text.nrf_mesh_timer_tail_handle
                0x00030270       0x34 examples/light_ctl/ctl_lc_server/CMakeFiles/light_ctl_lc_server_nrf52840_xxAA_s140_7.2.0.dir/__/__/__/mesh/core/src/timer.c.obj
                0x00030270                nrf_mesh_timer_tail_handle
 .text.nrf_mesh_timer_ovfw_handle
                0x000302a4       0x94 examples/light_ctl/ctl_lc_server/CMakeFiles/light_ctl_lc_server_nrf52840_xxAA_s140_7.2.0.dir/__/__/__/mesh/core/src/timer.c.obj
                0x000302a4                nrf_mesh_timer_ovfw_handle
 .text.timer_start
                0x00030338       0xac examples/light_ctl/ctl_lc_server/CMakeFiles/light_ctl_lc_server_nrf52840_xxAA_s140_7.2.0.dir/__/__/__/mesh/core/src/timer.c.obj
                0x00030338                timer_start
 .text.timer_stop
                0x000303e4       0x30 examples/light_ctl/ctl_lc_server/CMakeFiles/light_ctl_lc_server_nrf52840_xxAA_s140_7.2.0.dir/__/__/__/mesh/core/src/timer.c.obj
                0x000303e4                timer_stop
 .text.sd_rand_application_bytes_available_get
                0x00030414        0x4 examples/light_ctl/ctl_lc_server/CMakeFiles/light_ctl_lc_server_nrf52840_xxAA_s140_7.2.0.dir/__/__/__/mesh/core/src/rand.c.obj
 .text.sd_rand_application_vector_get
                0x00030418        0x4 examples/light_ctl/ctl_lc_server/CMakeFiles/light_ctl_lc_server_nrf52840_xxAA_s140_7.2.0.dir/__/__/__/mesh/core/src/rand.c.obj
 .text.rand_prng_get
                0x0003041c       0x24 examples/light_ctl/ctl_lc_server/CMakeFiles/light_ctl_lc_server_nrf52840_xxAA_s140_7.2.0.dir/__/__/__/mesh/core/src/rand.c.obj
                0x0003041c                rand_prng_get
 .text.rand_hw_rng_get
                0x00030440       0x44 examples/light_ctl/ctl_lc_server/CMakeFiles/light_ctl_lc_server_nrf52840_xxAA_s140_7.2.0.dir/__/__/__/mesh/core/src/rand.c.obj
                0x00030440                rand_hw_rng_get
 .text.rand_prng_seed
                0x00030484       0x34 examples/light_ctl/ctl_lc_server/CMakeFiles/light_ctl_lc_server_nrf52840_xxAA_s140_7.2.0.dir/__/__/__/mesh/core/src/rand.c.obj
                0x00030484                rand_prng_seed
 .text.mesh_opt_init