Archive member included to satisfy reference by file (symbol)

external/rtt/librtt_nrf52833_xxAA.a(SEGGER_RTT.c.obj)
                              examples/pb_remote/server/CMakeFiles/pb_remote_server_nrf52833_xxAA_s113_7.2.0.dir/__/__/__/mesh/core/src/log.c.obj (SEGGER_RTT_Write)
external/rtt/librtt_nrf52833_xxAA.a(SEGGER_RTT_printf.c.obj)
                              examples/pb_remote/server/CMakeFiles/pb_remote_server_nrf52833_xxAA_s113_7.2.0.dir/__/__/__/mesh/core/src/log.c.obj (SEGGER_RTT_vprintf)
external/micro-ecc/libuECC_nrf52833_xxAA.a(uECC.c.obj)
                              examples/pb_remote/server/CMakeFiles/pb_remote_server_nrf52833_xxAA_s113_7.2.0.dir/__/__/__/mesh/prov/src/prov_utils.c.obj (uECC_secp256r1)
c:/mesh/arm_gcc/bin/../lib/gcc/arm-none-eabi/9.2.1/thumb/v7e-m+fp/hard\libgcc.a(_aeabi_ldivmod.o)
                              examples/pb_remote/server/CMakeFiles/pb_remote_server_nrf52833_xxAA_s113_7.2.0.dir/__/__/common/src/simple_hal.c.obj (__aeabi_ldivmod)
c:/mesh/arm_gcc/bin/../lib/gcc/arm-none-eabi/9.2.1/thumb/v7e-m+fp/hard\libgcc.a(_aeabi_uldivmod.o)
                              examples/pb_remote/server/CMakeFiles/pb_remote_server_nrf52833_xxAA_s113_7.2.0.dir/__/__/common/src/simple_hal.c.obj (__aeabi_uldivmod)
c:/mesh/arm_gcc/bin/../lib/gcc/arm-none-eabi/9.2.1/thumb/v7e-m+fp/hard\libgcc.a(_udivmoddi4.o)
                              c:/mesh/arm_gcc/bin/../lib/gcc/arm-none-eabi/9.2.1/thumb/v7e-m+fp/hard\libgcc.a(_aeabi_ldivmod.o) (__udivmoddi4)
c:/mesh/arm_gcc/bin/../lib/gcc/arm-none-eabi/9.2.1/thumb/v7e-m+fp/hard\libgcc.a(_dvmd_tls.o)
                              c:/mesh/arm_gcc/bin/../lib/gcc/arm-none-eabi/9.2.1/thumb/v7e-m+fp/hard\libgcc.a(_aeabi_ldivmod.o) (__aeabi_ldiv0)
c:/mesh/arm_gcc/bin/../lib/gcc/arm-none-eabi/9.2.1/../../../../arm-none-eabi/lib/thumb/v7e-m+fp/hard\libg_nano.a(lib_a-calloc.o)
                              examples/pb_remote/server/CMakeFiles/pb_remote_server_nrf52833_xxAA_s113_7.2.0.dir/__/__/__/mesh/core/src/mesh_mem_stdlib.c.obj (calloc)
c:/mesh/arm_gcc/bin/../lib/gcc/arm-none-eabi/9.2.1/../../../../arm-none-eabi/lib/thumb/v7e-m+fp/hard\libg_nano.a(lib_a-exit.o)
                              c:/mesh/arm_gcc/bin/../lib/gcc/arm-none-eabi/9.2.1/../../../../arm-none-eabi/lib/thumb/v7e-m+fp/hard/crt0.o (exit)
c:/mesh/arm_gcc/bin/../lib/gcc/arm-none-eabi/9.2.1/../../../../arm-none-eabi/lib/thumb/v7e-m+fp/hard\libg_nano.a(lib_a-impure.o)
                              c:/mesh/arm_gcc/bin/../lib/gcc/arm-none-eabi/9.2.1/../../../../arm-none-eabi/lib/thumb/v7e-m+fp/hard\libg_nano.a(lib_a-exit.o) (_global_impure_ptr)
c:/mesh/arm_gcc/bin/../lib/gcc/arm-none-eabi/9.2.1/../../../../arm-none-eabi/lib/thumb/v7e-m+fp/hard\libg_nano.a(lib_a-init.o)
                              c:/mesh/arm_gcc/bin/../lib/gcc/arm-none-eabi/9.2.1/../../../../arm-none-eabi/lib/thumb/v7e-m+fp/hard/crt0.o (__libc_init_array)
c:/mesh/arm_gcc/bin/../lib/gcc/arm-none-eabi/9.2.1/../../../../arm-none-eabi/lib/thumb/v7e-m+fp/hard\libg_nano.a(lib_a-malloc.o)
                              examples/pb_remote/server/CMakeFiles/pb_remote_server_nrf52833_xxAA_s113_7.2.0.dir/__/__/__/mesh/core/src/mesh_mem_stdlib.c.obj (malloc)
c:/mesh/arm_gcc/bin/../lib/gcc/arm-none-eabi/9.2.1/../../../../arm-none-eabi/lib/thumb/v7e-m+fp/hard\libg_nano.a(lib_a-memcmp.o)
                              examples/pb_remote/server/CMakeFiles/pb_remote_server_nrf52833_xxAA_s113_7.2.0.dir/C_/mesh/deps/nRF5_SDK_17.0.2_d674dde/components/ble/common/ble_advdata.c.obj (memcmp)
c:/mesh/arm_gcc/bin/../lib/gcc/arm-none-eabi/9.2.1/../../../../arm-none-eabi/lib/thumb/v7e-m+fp/hard\libg_nano.a(lib_a-memcpy-stub.o)
                              examples/pb_remote/server/CMakeFiles/pb_remote_server_nrf52833_xxAA_s113_7.2.0.dir/C_/mesh/deps/nRF5_SDK_17.0.2_d674dde/components/ble/common/ble_advdata.c.obj (memcpy)
c:/mesh/arm_gcc/bin/../lib/gcc/arm-none-eabi/9.2.1/../../../../arm-none-eabi/lib/thumb/v7e-m+fp/hard\libg_nano.a(lib_a-memset.o)
                              c:/mesh/arm_gcc/bin/../lib/gcc/arm-none-eabi/9.2.1/../../../../arm-none-eabi/lib/thumb/v7e-m+fp/hard/crt0.o (memset)
c:/mesh/arm_gcc/bin/../lib/gcc/arm-none-eabi/9.2.1/../../../../arm-none-eabi/lib/thumb/v7e-m+fp/hard\libg_nano.a(lib_a-nano-callocr.o)
                              c:/mesh/arm_gcc/bin/../lib/gcc/arm-none-eabi/9.2.1/../../../../arm-none-eabi/lib/thumb/v7e-m+fp/hard\libg_nano.a(lib_a-calloc.o) (_calloc_r)
c:/mesh/arm_gcc/bin/../lib/gcc/arm-none-eabi/9.2.1/../../../../arm-none-eabi/lib/thumb/v7e-m+fp/hard\libg_nano.a(lib_a-nano-freer.o)
                              c:/mesh/arm_gcc/bin/../lib/gcc/arm-none-eabi/9.2.1/../../../../arm-none-eabi/lib/thumb/v7e-m+fp/hard\libg_nano.a(lib_a-malloc.o) (_free_r)
c:/mesh/arm_gcc/bin/../lib/gcc/arm-none-eabi/9.2.1/../../../../arm-none-eabi/lib/thumb/v7e-m+fp/hard\libg_nano.a(lib_a-nano-mallocr.o)
[...]
Memory Configuration

Name             Origin             Length             Attributes
FLASH            0x0001c000         0x0005b000         xr
RAM              0x20001f60         0x0001dda0         xrw
*default*        0x00000000         0xffffffff

Linker script and memory map


.text           0x0001c000    0x18b4c
 *(.isr_vector)
 .isr_vector    0x0001c000      0x200 examples/pb_remote/server/CMakeFiles/pb_remote_server_nrf52833_xxAA_s113_7.2.0.dir/C_/mesh/deps/nRF5_SDK_17.0.2_d674dde/modules/nrfx/mdk/gcc_startup_nrf52833.S.obj
                0x0001c000                __isr_vector
 *(.text*)
 .text          0x0001c200       0x40 c:/mesh/arm_gcc/bin/../lib/gcc/arm-none-eabi/9.2.1/thumb/v7e-m+fp/hard/crtbegin.o
 .text          0x0001c240       0x74 c:/mesh/arm_gcc/bin/../lib/gcc/arm-none-eabi/9.2.1/../../../../arm-none-eabi/lib/thumb/v7e-m+fp/hard/crt0.o
                0x0001c240                _start
                0x0001c240                _mainCRTStartup
 .text.sd_app_evt_wait
                0x0001c2b4        0x4 examples/pb_remote/server/CMakeFiles/pb_remote_server_nrf52833_xxAA_s113_7.2.0.dir/src/main.c.obj
 .text.models_init_cb
                0x0001c2b8       0x80 examples/pb_remote/server/CMakeFiles/pb_remote_server_nrf52833_xxAA_s113_7.2.0.dir/src/main.c.obj
 .text.device_identification_start_cb
                0x0001c338       0x1e examples/pb_remote/server/CMakeFiles/pb_remote_server_nrf52833_xxAA_s113_7.2.0.dir/src/main.c.obj
 .text.provisioning_aborted_cb
                0x0001c356        0x4 examples/pb_remote/server/CMakeFiles/pb_remote_server_nrf52833_xxAA_s113_7.2.0.dir/src/main.c.obj
 *fill*         0x0001c35a        0x2 
 .text.unicast_address_print
                0x0001c35c       0x70 examples/pb_remote/server/CMakeFiles/pb_remote_server_nrf52833_xxAA_s113_7.2.0.dir/src/main.c.obj
 .text.provisioning_complete_cb
                0x0001c3cc      0x158 examples/pb_remote/server/CMakeFiles/pb_remote_server_nrf52833_xxAA_s113_7.2.0.dir/src/main.c.obj
 .text.startup.main
                0x0001c524      0x208 examples/pb_remote/server/CMakeFiles/pb_remote_server_nrf52833_xxAA_s113_7.2.0.dir/src/main.c.obj
                0x0001c524                main
 .text.load_monitor
                0x0001c72c       0x18 examples/pb_remote/server/CMakeFiles/pb_remote_server_nrf52833_xxAA_s113_7.2.0.dir/__/__/__/mesh/stack/src/mesh_stack.c.obj
 .text.mesh_stack_start
                0x0001c744        0x4 examples/pb_remote/server/CMakeFiles/pb_remote_server_nrf52833_xxAA_s113_7.2.0.dir/__/__/__/mesh/stack/src/mesh_stack.c.obj
                0x0001c744                mesh_stack_start
 .text.mesh_stack_provisioning_data_store
                0x0001c748      0x100 examples/pb_remote/server/CMakeFiles/pb_remote_server_nrf52833_xxAA_s113_7.2.0.dir/__/__/__/mesh/stack/src/mesh_stack.c.obj
                0x0001c748                mesh_stack_provisioning_data_store
 .text.mesh_stack_config_clear
                0x0001c848       0x1a examples/pb_remote/server/CMakeFiles/pb_remote_server_nrf52833_xxAA_s113_7.2.0.dir/__/__/__/mesh/stack/src/mesh_stack.c.obj
                0x0001c848                mesh_stack_config_clear
 *fill*         0x0001c862        0x2 
 .text.mesh_stack_init
                0x0001c864       0x94 examples/pb_remote/server/CMakeFiles/pb_remote_server_nrf52833_xxAA_s113_7.2.0.dir/__/__/__/mesh/stack/src/mesh_stack.c.obj
                0x0001c864                mesh_stack_init
 .text.power_down_evt_handle
                0x0001c8f8       0x14 examples/pb_remote/server/CMakeFiles/pb_remote_server_nrf52833_xxAA_s113_7.2.0.dir/__/__/common/src/mesh_provisionee.c.obj
 .text.provisionee_start
                0x0001c90c       0x3c examples/pb_remote/server/CMakeFiles/pb_remote_server_nrf52833_xxAA_s113_7.2.0.dir/__/__/common/src/mesh_provisionee.c.obj
 .text.prov_evt_handler
                0x0001c948       0xa4 examples/pb_remote/server/CMakeFiles/pb_remote_server_nrf52833_xxAA_s113_7.2.0.dir/__/__/common/src/mesh_provisionee.c.obj
 .text.mesh_provisionee_prov_start
                0x0001c9ec       0x80 examples/pb_remote/server/CMakeFiles/pb_remote_server_nrf52833_xxAA_s113_7.2.0.dir/__/__/common/src/mesh_provisionee.c.obj
                0x0001c9ec                mesh_provisionee_prov_start
 .text.hal_led_pin_get
                0x0001ca6c       0x24 examples/pb_remote/server/CMakeFiles/pb_remote_server_nrf52833_xxAA_s113_7.2.0.dir/__/__/common/src/simple_hal.c.obj
                0x0001ca6c                hal_led_pin_get
 .text.hal_led_pin_set
                0x0001ca90        0xa examples/pb_remote/server/CMakeFiles/pb_remote_server_nrf52833_xxAA_s113_7.2.0.dir/__/__/common/src/simple_hal.c.obj
                0x0001ca90                hal_led_pin_set
 *fill*         0x0001ca9a        0x2 
 .text.led_timeout_handler
                0x0001ca9c       0x90 examples/pb_remote/server/CMakeFiles/pb_remote_server_nrf52833_xxAA_s113_7.2.0.dir/__/__/common/src/simple_hal.c.obj
 .text.hal_led_mask_set
                0x0001cb2c       0x2c examples/pb_remote/server/CMakeFiles/pb_remote_server_nrf52833_xxAA_s113_7.2.0.dir/__/__/common/src/simple_hal.c.obj
                0x0001cb2c                hal_led_mask_set
 .text.hal_led_blink_ms
                0x0001cb58       0x8c examples/pb_remote/server/CMakeFiles/pb_remote_server_nrf52833_xxAA_s113_7.2.0.dir/__/__/common/src/simple_hal.c.obj
                0x0001cb58                hal_led_blink_ms
 .text.hal_led_blink_stop
                0x0001cbe4       0x20 examples/pb_remote/server/CMakeFiles/pb_remote_server_nrf52833_xxAA_s113_7.2.0.dir/__/__/common/src/simple_hal.c.obj
                0x0001cbe4                hal_led_blink_stop
 .text.hal_leds_init
                0x0001cc04       0x5c examples/pb_remote/server/CMakeFiles/pb_remote_server_nrf52833_xxAA_s113_7.2.0.dir/__/__/common/src/simple_hal.c.obj
                0x0001cc04                hal_leds_init
 .text.nrf_gpiote_event_clear
                0x0001cc60       0x18 examples/pb_remote/server/CMakeFiles/pb_remote_server_nrf52833_xxAA_s113_7.2.0.dir/C_/mesh/deps/nRF5_SDK_17.0.2_d674dde/modules/nrfx/drivers/src/nrfx_gpiote.c.obj
 .text.nrf_gpio_pin_port_decode
                0x0001cc78       0x18 examples/pb_remote/server/CMakeFiles/pb_remote_server_nrf52833_xxAA_s113_7.2.0.dir/C_/mesh/deps/nRF5_SDK_17.0.2_d674dde/modules/nrfx/drivers/src/nrfx_gpiote.c.obj
 .text.nrf_gpio_cfg_sense_set
                0x0001cc90       0x2e examples/pb_remote/server/CMakeFiles/pb_remote_server_nrf52833_xxAA_s113_7.2.0.dir/C_/mesh/deps/nRF5_SDK_17.0.2_d674dde/modules/nrfx/drivers/src/nrfx_gpiote.c.obj
 *fill*         0x0001ccbe        0x2 
 .text.channel_free
                0x0001ccc0       0x1c examples/pb_remote/server/CMakeFiles/pb_remote_server_nrf52833_xxAA_s113_7.2.0.dir/C_/mesh/deps/nRF5_SDK_17.0.2_d674dde/modules/nrfx/drivers/src/nrfx_gpiote.c.obj
 .text.nrfx_gpiote_init
                0x0001ccdc       0x8c examples/pb_remote/server/CMakeFiles/pb_remote_server_nrf52833_xxAA_s113_7.2.0.dir/C_/mesh/deps/nRF5_SDK_17.0.2_d674dde/modules/nrfx/drivers/src/nrfx_gpiote.c.obj
                0x0001ccdc                nrfx_gpiote_init
 .text.nrfx_gpiote_is_init
                0x0001cd68       0x14 examples/pb_remote/server/CMakeFiles/pb_remote_server_nrf52833_xxAA_s113_7.2.0.dir/C_/mesh/deps/nRF5_SDK_17.0.2_d674dde/modules/nrfx/drivers/src/nrfx_gpiote.c.obj
                0x0001cd68                nrfx_gpiote_is_init
 .text.nrfx_gpiote_out_init
                0x0001cd7c       0xe0 examples/pb_remote/server/CMakeFiles/pb_remote_server_nrf52833_xxAA_s113_7.2.0.dir/C_/mesh/deps/nRF5_SDK_17.0.2_d674dde/modules/nrfx/drivers/src/nrfx_gpiote.c.obj
                0x0001cd7c                nrfx_gpiote_out_init
 .text.nrfx_gpiote_out_set
                0x0001ce5c       0x1a examples/pb_remote/server/CMakeFiles/pb_remote_server_nrf52833_xxAA_s113_7.2.0.dir/C_/mesh/deps/nRF5_SDK_17.0.2_d674dde/modules/nrfx/drivers/src/nrfx_gpiote.c.obj
                0x0001ce5c                nrfx_gpiote_out_set
 .text.nrfx_gpiote_out_clear
                0x0001ce76       0x1a examples/pb_remote/server/CMakeFiles/pb_remote_server_nrf52833_xxAA_s113_7.2.0.dir/C_/mesh/deps/nRF5_SDK_17.0.2_d674dde/modules/nrfx/drivers/src/nrfx_gpiote.c.obj
                0x0001ce76                nrfx_gpiote_out_clear
 .text.GPIOTE_IRQHandler
                0x0001ce90      0x180 examples/pb_remote/server/CMakeFiles/pb_remote_server_nrf52833_xxAA_s113_7.2.0.dir/C_/mesh/deps/nRF5_SDK_17.0.2_d674dde/modules/nrfx/drivers/src/nrfx_gpiote.c.obj
                0x0001ce90                GPIOTE_IRQHandler
 .text.mesh_app_uuid_print
                0x0001d010      0x134 examples/pb_remote/server/CMakeFiles/pb_remote_server_nrf52833_xxAA_s113_7.2.0.dir/__/__/common/src/mesh_app_utils.c.obj
                0x0001d010                mesh_app_uuid_print
 .text.sd_ble_enable
                0x0001d144        0x4 examples/pb_remote/server/CMakeFiles/pb_remote_server_nrf52833_xxAA_s113_7.2.0.dir/__/__/common/src/ble_softdevice_support.c.obj
 .text.sd_ble_cfg_set
                0x0001d148        0x4 examples/pb_remote/server/CMakeFiles/pb_remote_server_nrf52833_xxAA_s113_7.2.0.dir/__/__/common/src/ble_softdevice_support.c.obj
 .text.on_sd_evt
                0x0001d14c        0x4 examples/pb_remote/server/CMakeFiles/pb_remote_server_nrf52833_xxAA_s113_7.2.0.dir/__/__/common/src/ble_softdevice_support.c.obj
 .text.ble_stack_init
                0x0001d150       0xd4 examples/pb_remote/server/CMakeFiles/pb_remote_server_nrf52833_xxAA_s113_7.2.0.dir/__/__/common/src/ble_softdevice_support.c.obj
                0x0001d150                ble_stack_init
 .text.app_util_critical_region_enter
                0x0001d224       0x48 examples/pb_remote/server/CMakeFiles/pb_remote_server_nrf52833_xxAA_s113_7.2.0.dir/C_/mesh/deps/nRF5_SDK_17.0.2_d674dde/components/libraries/util/app_util_platform.c.obj
                0x0001d224                app_util_critical_region_enter
 .text.app_util_critical_region_exit
                0x0001d26c       0x2c examples/pb_remote/server/CMakeFiles/pb_remote_server_nrf52833_xxAA_s113_7.2.0.dir/C_/mesh/deps/nRF5_SDK_17.0.2_d674dde/components/libraries/util/app_util_platform.c.obj
                0x0001d26c                app_util_critical_region_exit
 .text.nrf_section_iter_init
                0x0001d298       0x12 examples/pb_remote/server/CMakeFiles/pb_remote_server_nrf52833_xxAA_s113_7.2.0.dir/C_/mesh/deps/nRF5_SDK_17.0.2_d674dde/components/libraries/experimental_section_vars/nrf_section_iter.c.obj
                0x0001d298                nrf_section_iter_init
 .text.nrf_section_iter_next
                0x0001d2aa       0x18 examples/pb_remote/server/CMakeFiles/pb_remote_server_nrf52833_xxAA_s113_7.2.0.dir/C_/mesh/deps/nRF5_SDK_17.0.2_d674dde/components/libraries/experimental_section_vars/nrf_section_iter.c.obj
                0x0001d2aa                nrf_section_iter_next
 .text.sd_evt_get
                0x0001d2c2        0x4 examples/pb_remote/server/CMakeFiles/pb_remote_server_nrf52833_xxAA_s113_7.2.0.dir/C_/mesh/deps/nRF5_SDK_17.0.2_d674dde/components/softdevice/common/nrf_sdh_soc.c.obj
 *fill*         0x0001d2c6        0x2 
 .text.nrf_sdh_soc_evts_poll
                0x0001d2c8       0x3c examples/pb_remote/server/CMakeFiles/pb_remote_server_nrf52833_xxAA_s113_7.2.0.dir/C_/mesh/deps/nRF5_SDK_17.0.2_d674dde/components/softdevice/common/nrf_sdh_soc.c.obj
 .text.sd_ble_evt_get
                0x0001d304        0x4 examples/pb_remote/server/CMakeFiles/pb_remote_server_nrf52833_xxAA_s113_7.2.0.dir/C_/mesh/deps/nRF5_SDK_17.0.2_d674dde/components/softdevice/common/nrf_sdh_ble.c.obj
 .text.nrf_sdh_ble_evts_poll
                0x0001d308       0x50 examples/pb_remote/server/CMakeFiles/pb_remote_server_nrf52833_xxAA_s113_7.2.0.dir/C_/mesh/deps/nRF5_SDK_17.0.2_d674dde/components/softdevice/common/nrf_sdh_ble.c.obj
 .text.sd_softdevice_enable
                0x0001d358        0x4 examples/pb_remote/server/CMakeFiles/pb_remote_server_nrf52833_xxAA_s113_7.2.0.dir/C_/mesh/deps/nRF5_SDK_17.0.2_d674dde/components/softdevice/common/nrf_sdh.c.obj
 .text.sdh_request_observer_notify
                0x0001d35c       0x30 examples/pb_remote/server/CMakeFiles/pb_remote_server_nrf52833_xxAA_s113_7.2.0.dir/C_/mesh/deps/nRF5_SDK_17.0.2_d674dde/components/softdevice/common/nrf_sdh.c.obj
 .text.sdh_state_observer_notify
                0x0001d38c       0x28 examples/pb_remote/server/CMakeFiles/pb_remote_server_nrf52833_xxAA_s113_7.2.0.dir/C_/mesh/deps/nRF5_SDK_17.0.2_d674dde/components/softdevice/common/nrf_sdh.c.obj
 .text.softdevices_evt_irq_enable
                0x0001d3b4       0x38 examples/pb_remote/server/CMakeFiles/pb_remote_server_nrf52833_xxAA_s113_7.2.0.dir/C_/mesh/deps/nRF5_SDK_17.0.2_d674dde/components/softdevice/common/nrf_sdh.c.obj
 .text.nrf_sdh_enable_request
                0x0001d3ec       0x7c examples/pb_remote/server/CMakeFiles/pb_remote_server_nrf52833_xxAA_s113_7.2.0.dir/C_/mesh/deps/nRF5_SDK_17.0.2_d674dde/components/softdevice/common/nrf_sdh.c.obj
                0x0001d3ec                nrf_sdh_enable_request
 .text.nrf_sdh_evts_poll
                0x0001d468       0x28 examples/pb_remote/server/CMakeFiles/pb_remote_server_nrf52833_xxAA_s113_7.2.0.dir/C_/mesh/deps/nRF5_SDK_17.0.2_d674dde/components/softdevice/common/nrf_sdh.c.obj
                0x0001d468                nrf_sdh_evts_poll
 .text.SWI2_EGU2_IRQHandler
                0x0001d490        0x4 examples/pb_remote/server/CMakeFiles/pb_remote_server_nrf52833_xxAA_s113_7.2.0.dir/C_/mesh/deps/nRF5_SDK_17.0.2_d674dde/components/softdevice/common/nrf_sdh.c.obj
                0x0001d490                SWI2_EGU2_IRQHandler
 .text._weak_handler
                0x0001d494        0x4 examples/pb_remote/server/CMakeFiles/pb_remote_server_nrf52833_xxAA_s113_7.2.0.dir/__/__/common/src/nrf_mesh_weak.c.obj
                0x0001d494                nrf_mesh_dfu_init
                0x0001d494                nrf_mesh_dfu_jump_to_bootloader
                0x0001d494                nrf_mesh_dfu_rx
                0x0001d494                prov_provisioner_provision
                0x0001d494                nrf_mesh_dfu_bank_info_get
                0x0001d494                prov_provisioner_oob_pubkey
                0x0001d494                nrf_mesh_dfu_request
                0x0001d494                nrf_mesh_dfu_bank_flash
                0x0001d494                nrf_mesh_dfu_enable
                0x0001d494                _weak_handler
                0x0001d494                nrf_mesh_dfu_relay
                0x0001d494                nrf_mesh_dfu_abort
                0x0001d494                mesh_flash_op_execute
                0x0001d494                prov_provisionee_init
                0x0001d494                nrf_mesh_dfu_state_get
                0x0001d494                prov_provisioner_shared_secret
                0x0001d494                prov_provisioner_auth_data
                0x0001d494                prov_bearer_adv_packet_in
                0x0001d494                prov_provisioner_oob_use
 .text.app_error_fault_handler
                0x0001d498      0x200 examples/pb_remote/server/CMakeFiles/pb_remote_server_nrf52833_xxAA_s113_7.2.0.dir/__/__/common/src/app_error_weak.c.obj
                0x0001d498                app_error_fault_handler
 .text.mesh_assertion_handler
                0x0001d698       0x20 examples/pb_remote/server/CMakeFiles/pb_remote_server_nrf52833_xxAA_s113_7.2.0.dir/__/__/common/src/assertion_handler_weak.c.obj
                0x0001d698                mesh_assertion_handler
 .text.nrf_mesh_configure_device_uuid_set
                0x0001d6b8       0x10 examples/pb_remote/server/CMakeFiles/pb_remote_server_nrf52833_xxAA_s113_7.2.0.dir/__/__/__/mesh/core/src/nrf_mesh_configure.c.obj
                0x0001d6b8                nrf_mesh_configure_device_uuid_set
 .text.nrf_mesh_configure_device_uuid_reset
                0x0001d6c8       0x40 examples/pb_remote/server/CMakeFiles/pb_remote_server_nrf52833_xxAA_s113_7.2.0.dir/__/__/__/mesh/core/src/nrf_mesh_configure.c.obj
                0x0001d6c8                nrf_mesh_configure_device_uuid_reset
 .text.nrf_mesh_configure_device_uuid_get
                0x0001d708        0x8 examples/pb_remote/server/CMakeFiles/pb_remote_server_nrf52833_xxAA_s113_7.2.0.dir/__/__/__/mesh/core/src/nrf_mesh_configure.c.obj
                0x0001d708                nrf_mesh_configure_device_uuid_get
 .text.msg_cache_init
                0x0001d710       0x24 examples/pb_remote/server/CMakeFiles/pb_remote_server_nrf52833_xxAA_s113_7.2.0.dir/__/__/__/mesh/core/src/msg_cache.c.obj
                0x0001d710                msg_cache_init
 .text.msg_cache_entry_exists
                0x0001d734       0x3c examples/pb_remote/server/CMakeFiles/pb_remote_server_nrf52833_xxAA_s113_7.2.0.dir/__/__/__/mesh/core/src/msg_cache.c.obj
                0x0001d734                msg_cache_entry_exists
 .text.msg_cache_entry_add
                0x0001d770       0x30 examples/pb_remote/server/CMakeFiles/pb_remote_server_nrf52833_xxAA_s113_7.2.0.dir/__/__/__/mesh/core/src/msg_cache.c.obj
                0x0001d770                msg_cache_entry_add
 .text.transport_sar_first_seq_num_get
                0x0001d7a0       0x12 examples/pb_remote/server/CMakeFiles/pb_remote_server_nrf52833_xxAA_s113_7.2.0.dir/__/__/__/mesh/core/src/transport.c.obj
 *fill*         0x0001d7b2        0x2 
 .text.control_packet_callback_get
                0x0001d7b4       0x40 examples/pb_remote/server/CMakeFiles/pb_remote_server_nrf52833_xxAA_s113_7.2.0.dir/__/__/__/mesh/core/src/transport.c.obj
 .text.tx_complete
                0x0001d7f4       0x2c examples/pb_remote/server/CMakeFiles/pb_remote_server_nrf52833_xxAA_s113_7.2.0.dir/__/__/__/mesh/core/src/transport.c.obj
 .text.block_ack_full
                0x0001d820       0x1a examples/pb_remote/server/CMakeFiles/pb_remote_server_nrf52833_xxAA_s113_7.2.0.dir/__/__/__/mesh/core/src/transport.c.obj
 .text.upper_trs_packet_encrypt
                0x0001d83a       0x86 examples/pb_remote/server/CMakeFiles/pb_remote_server_nrf52833_xxAA_s113_7.2.0.dir/__/__/__/mesh/core/src/transport.c.obj
 .text.sar_ctx_alloc
                0x0001d8c0       0xbc examples/pb_remote/server/CMakeFiles/pb_remote_server_nrf52833_xxAA_s113_7.2.0.dir/__/__/__/mesh/core/src/transport.c.obj
 .text.sar_ctx_free
                0x0001d97c       0x3a examples/pb_remote/server/CMakeFiles/pb_remote_server_nrf52833_xxAA_s113_7.2.0.dir/__/__/__/mesh/core/src/transport.c.obj
 .text.sar_ctx_tx_complete
                0x0001d9b6       0x34 examples/pb_remote/server/CMakeFiles/pb_remote_server_nrf52833_xxAA_s113_7.2.0.dir/__/__/__/mesh/core/src/transport.c.obj
 .text.transport_metadata_validate
                0x0001d9ea       0x54 examples/pb_remote/server/CMakeFiles/pb_remote_server_nrf52833_xxAA_s113_7.2.0.dir/__/__/__/mesh/core/src/transport.c.obj
 *fill*         0x0001da3e        0x2 
 .text.test_transport_decrypt
                0x0001da40       0x88 examples/pb_remote/server/CMakeFiles/pb_remote_server_nrf52833_xxAA_s113_7.2.0.dir/__/__/__/mesh/core/src/transport.c.obj
 .text.replay_list_add
                0x0001dac8       0x4c examples/pb_remote/server/CMakeFiles/pb_remote_server_nrf52833_xxAA_s113_7.2.0.dir/__/__/__/mesh/core/src/transport.c.obj
 .text.upper_transport_access_packet_in
                0x0001db14      0x1c0 examples/pb_remote/server/CMakeFiles/pb_remote_server_nrf52833_xxAA_s113_7.2.0.dir/__/__/__/mesh/core/src/transport.c.obj
 .text.trs_packet_header_build
                0x0001dcd4       0xa4 examples/pb_remote/server/CMakeFiles/pb_remote_server_nrf52833_xxAA_s113_7.2.0.dir/__/__/__/mesh/core/src/transport.c.obj
 .text.trs_sar_packet_out
                0x0001dd78      0x10c examples/pb_remote/server/CMakeFiles/pb_remote_server_nrf52833_xxAA_s113_7.2.0.dir/__/__/__/mesh/core/src/transport.c.obj
 .text.tx_retry_timer_reset
                0x0001de84       0x3c examples/pb_remote/server/CMakeFiles/pb_remote_server_nrf52833_xxAA_s113_7.2.0.dir/__/__/__/mesh/core/src/transport.c.obj
 .text.segmented_packet_tx
                0x0001dec0      0x148 examples/pb_remote/server/CMakeFiles/pb_remote_server_nrf52833_xxAA_s113_7.2.0.dir/__/__/__/mesh/core/src/transport.c.obj
 .text.sar_ctx_cancel
                0x0001e008       0xe0 examples/pb_remote/server/CMakeFiles/pb_remote_server_nrf52833_xxAA_s113_7.2.0.dir/__/__/__/mesh/core/src/transport.c.obj
 .text.abort_timeout
                0x0001e0e8        0x8 examples/pb_remote/server/CMakeFiles/pb_remote_server_nrf52833_xxAA_s113_7.2.0.dir/__/__/__/mesh/core/src/transport.c.obj
 .text.retry_timeout
                0x0001e0f0       0x4c examples/pb_remote/server/CMakeFiles/pb_remote_server_nrf52833_xxAA_s113_7.2.0.dir/__/__/__/mesh/core/src/transport.c.obj
 .text.transport_control_packet_in
                0x0001e13c      0x1d8 examples/pb_remote/server/CMakeFiles/pb_remote_server_nrf52833_xxAA_s113_7.2.0.dir/__/__/__/mesh/core/src/transport.c.obj
 .text.upper_transport_tx
                0x0001e314       0x8e examples/pb_remote/server/CMakeFiles/pb_remote_server_nrf52833_xxAA_s113_7.2.0.dir/__/__/__/mesh/core/src/transport.c.obj
 *fill*         0x0001e3a2        0x2 
 .text.transport_init
                0x0001e3a4       0x84 examples/pb_remote/server/CMakeFiles/pb_remote_server_nrf52833_xxAA_s113_7.2.0.dir/__/__/__/mesh/core/src/transport.c.obj
                0x0001e3a4                transport_init
 .text.transport_enable
                0x0001e428        0x4 examples/pb_remote/server/CMakeFiles/pb_remote_server_nrf52833_xxAA_s113_7.2.0.dir/__/__/__/mesh/core/src/transport.c.obj
                0x0001e428                transport_enable
 .text.transport_tx
                0x0001e42c       0xd4 examples/pb_remote/server/CMakeFiles/pb_remote_server_nrf52833_xxAA_s113_7.2.0.dir/__/__/__/mesh/core/src/transport.c.obj
                0x0001e42c                transport_tx
 .text.transport_control_tx
                0x0001e500       0xe8 examples/pb_remote/server/CMakeFiles/pb_remote_server_nrf52833_xxAA_s113_7.2.0.dir/__/__/__/mesh/core/src/transport.c.obj
                0x0001e500                transport_control_tx
 .text.sar_ack_send
                0x0001e5e8      0x11c examples/pb_remote/server/CMakeFiles/pb_remote_server_nrf52833_xxAA_s113_7.2.0.dir/__/__/__/mesh/core/src/transport.c.obj
 .text.ack_timeout
                0x0001e704       0x30 examples/pb_remote/server/CMakeFiles/pb_remote_server_nrf52833_xxAA_s113_7.2.0.dir/__/__/__/mesh/core/src/transport.c.obj
 .text.transport_packet_in
                0x0001e734      0x4cc examples/pb_remote/server/CMakeFiles/pb_remote_server_nrf52833_xxAA_s113_7.2.0.dir/__/__/__/mesh/core/src/transport.c.obj
                0x0001e734                transport_packet_in
 .text.transport_sar_process
                0x0001ec00       0x68 examples/pb_remote/server/CMakeFiles/pb_remote_server_nrf52833_xxAA_s113_7.2.0.dir/__/__/__/mesh/core/src/transport.c.obj
 .text.transport_control_packet_consumer_add
                0x0001ec68       0x64 examples/pb_remote/server/CMakeFiles/pb_remote_server_nrf52833_xxAA_s113_7.2.0.dir/__/__/__/mesh/core/src/transport.c.obj
                0x0001ec68                transport_control_packet_consumer_add
 .text.event_handle
                0x0001eccc       0x58 examples/pb_remote/server/CMakeFiles/pb_remote_server_nrf52833_xxAA_s113_7.2.0.dir/__/__/__/mesh/core/src/event.c.obj
                0x0001eccc                event_handle
 .text.event_handler_add
                0x0001ed24       0x20 examples/pb_remote/server/CMakeFiles/pb_remote_server_nrf52833_xxAA_s113_7.2.0.dir/__/__/__/mesh/core/src/event.c.obj
                0x0001ed24                event_handler_add
 .text.event_handler_remove
                0x0001ed44       0x34 examples/pb_remote/server/CMakeFiles/pb_remote_server_nrf52833_xxAA_s113_7.2.0.dir/__/__/__/mesh/core/src/event.c.obj
                0x0001ed44                event_handler_remove
 .text.m_index_increment
                0x0001ed78       0x1e examples/pb_remote/server/CMakeFiles/pb_remote_server_nrf52833_xxAA_s113_7.2.0.dir/__/__/__/mesh/core/src/packet_buffer.c.obj
 .text.m_get_next_packet
                0x0001ed96       0x1e examples/pb_remote/server/CMakeFiles/pb_remote_server_nrf52833_xxAA_s113_7.2.0.dir/__/__/__/mesh/core/src/packet_buffer.c.obj
 .text.packet_buffer_init
                0x0001edb4       0xa8 examples/pb_remote/server/CMakeFiles/pb_remote_server_nrf52833_xxAA_s113_7.2.0.dir/__/__/__/mesh/core/src/packet_buffer.c.obj
                0x0001edb4                packet_buffer_init
 .text.packet_buffer_flush
                0x0001ee5c       0x50 examples/pb_remote/server/CMakeFiles/pb_remote_server_nrf52833_xxAA_s113_7.2.0.dir/__/__/__/mesh/core/src/packet_buffer.c.obj
                0x0001ee5c                packet_buffer_flush
 .text.packet_buffer_reserve
                0x0001eeac       0xa2 examples/pb_remote/server/CMakeFiles/pb_remote_server_nrf52833_xxAA_s113_7.2.0.dir/__/__/__/mesh/core/src/packet_buffer.c.obj
                0x0001eeac                packet_buffer_reserve
 .text.packet_buffer_commit
                0x0001ef4e       0x62 examples/pb_remote/server/CMakeFiles/pb_remote_server_nrf52833_xxAA_s113_7.2.0.dir/__/__/__/mesh/core/src/packet_buffer.c.obj
                0x0001ef4e                packet_buffer_commit
 .text.packet_buffer_pop
                0x0001efb0       0x5a examples/pb_remote/server/CMakeFiles/pb_remote_server_nrf52833_xxAA_s113_7.2.0.dir/__/__/__/mesh/core/src/packet_buffer.c.obj
                0x0001efb0                packet_buffer_pop
 .text.packet_buffer_can_pop
                0x0001f00a       0x34 examples/pb_remote/server/CMakeFiles/pb_remote_server_nrf52833_xxAA_s113_7.2.0.dir/__/__/__/mesh/core/src/packet_buffer.c.obj
                0x0001f00a                packet_buffer_can_pop
 .text.packet_buffer_packets_ready_to_pop
                0x0001f03e       0x36 examples/pb_remote/server/CMakeFiles/pb_remote_server_nrf52833_xxAA_s113_7.2.0.dir/__/__/__/mesh/core/src/packet_buffer.c.obj
                0x0001f03e                packet_buffer_packets_ready_to_pop
 .text.packet_buffer_free
                0x0001f074       0x74 examples/pb_remote/server/CMakeFiles/pb_remote_server_nrf52833_xxAA_s113_7.2.0.dir/__/__/__/mesh/core/src/packet_buffer.c.obj
                0x0001f074                packet_buffer_free
 .text.packet_buffer_is_empty
                0x0001f0e8       0x28 examples/pb_remote/server/CMakeFiles/pb_remote_server_nrf52833_xxAA_s113_7.2.0.dir/__/__/__/mesh/core/src/packet_buffer.c.obj
                0x0001f0e8                packet_buffer_is_empty
 .text.get_last_page
                0x0001f110       0x14 examples/pb_remote/server/CMakeFiles/pb_remote_server_nrf52833_xxAA_s113_7.2.0.dir/__/__/__/mesh/core/src/flash_manager_defrag.c.obj
 .text.freezing
                0x0001f124       0x10 examples/pb_remote/server/CMakeFiles/pb_remote_server_nrf52833_xxAA_s113_7.2.0.dir/__/__/__/mesh/core/src/flash_manager_defrag.c.obj
 .text.defrag_on_end
                0x0001f134       0x1c examples/pb_remote/server/CMakeFiles/pb_remote_server_nrf52833_xxAA_s113_7.2.0.dir/__/__/__/mesh/core/src/flash_manager_defrag.c.obj
 .text.execute_procedure_step
                0x0001f150       0x70 examples/pb_remote/server/CMakeFiles/pb_remote_server_nrf52833_xxAA_s113_7.2.0.dir/__/__/__/mesh/core/src/flash_manager_defrag.c.obj
 .text.jump_to_step
                0x0001f1c0       0x28 examples/pb_remote/server/CMakeFiles/pb_remote_server_nrf52833_xxAA_s113_7.2.0.dir/__/__/__/mesh/core/src/flash_manager_defrag.c.obj
 .text.get_next_entry
                0x0001f1e8       0x38 examples/pb_remote/server/CMakeFiles/pb_remote_server_nrf52833_xxAA_s113_7.2.0.dir/__/__/__/mesh/core/src/flash_manager_defrag.c.obj
 .text.get_next_data_entry
                0x0001f220       0x26 examples/pb_remote/server/CMakeFiles/pb_remote_server_nrf52833_xxAA_s113_7.2.0.dir/__/__/__/mesh/core/src/flash_manager_defrag.c.obj
 *fill*         0x0001f246        0x2 
 .text.on_flash_op_end
                0x0001f248       0x30 examples/pb_remote/server/CMakeFiles/pb_remote_server_nrf52833_xxAA_s113_7.2.0.dir/__/__/__/mesh/core/src/flash_manager_defrag.c.obj
 .text.check_for_invalid_entries
                0x0001f278       0x38 examples/pb_remote/server/CMakeFiles/pb_remote_server_nrf52833_xxAA_s113_7.2.0.dir/__/__/__/mesh/core/src/flash_manager_defrag.c.obj
 .text.erase_recovery_area
                0x0001f2b0       0x34 examples/pb_remote/server/CMakeFiles/pb_remote_server_nrf52833_xxAA_s113_7.2.0.dir/__/__/__/mesh/core/src/flash_manager_defrag.c.obj
 .text.flash.constprop.0
                0x0001f2e4       0x24 examples/pb_remote/server/CMakeFiles/pb_remote_server_nrf52833_xxAA_s113_7.2.0.dir/__/__/__/mesh/core/src/flash_manager_defrag.c.obj
 .text.invalidate_duplicate_entries
                0x0001f308       0xa8 examples/pb_remote/server/CMakeFiles/pb_remote_server_nrf52833_xxAA_s113_7.2.0.dir/__/__/__/mesh/core/src/flash_manager_defrag.c.obj
 .text.seal_storage_page
                0x0001f3b0       0x50 examples/pb_remote/server/CMakeFiles/pb_remote_server_nrf52833_xxAA_s113_7.2.0.dir/__/__/__/mesh/core/src/flash_manager_defrag.c.obj
 .text.copy_metadata
                0x0001f400       0x3c examples/pb_remote/server/CMakeFiles/pb_remote_server_nrf52833_xxAA_s113_7.2.0.dir/__/__/__/mesh/core/src/flash_manager_defrag.c.obj
 .text.write_defrag_start_pointer
                0x0001f43c       0x20 examples/pb_remote/server/CMakeFiles/pb_remote_server_nrf52833_xxAA_s113_7.2.0.dir/__/__/__/mesh/core/src/flash_manager_defrag.c.obj
 .text.write_back
                0x0001f45c       0x28 examples/pb_remote/server/CMakeFiles/pb_remote_server_nrf52833_xxAA_s113_7.2.0.dir/__/__/__/mesh/core/src/flash_manager_defrag.c.obj
 .text.post_process
                0x0001f484       0x40 examples/pb_remote/server/CMakeFiles/pb_remote_server_nrf52833_xxAA_s113_7.2.0.dir/__/__/__/mesh/core/src/flash_manager_defrag.c.obj
 .text.backup_entries
                0x0001f4c4       0xd8 examples/pb_remote/server/CMakeFiles/pb_remote_server_nrf52833_xxAA_s113_7.2.0.dir/__/__/__/mesh/core/src/flash_manager_defrag.c.obj
 .text.erase_source
                0x0001f59c       0x34 examples/pb_remote/server/CMakeFiles/pb_remote_server_nrf52833_xxAA_s113_7.2.0.dir/__/__/__/mesh/core/src/flash_manager_defrag.c.obj
 .text.flash_manager_defrag_init
                0x0001f5d0      0x108 examples/pb_remote/server/CMakeFiles/pb_remote_server_nrf52833_xxAA_s113_7.2.0.dir/__/__/__/mesh/core/src/flash_manager_defrag.c.obj
                0x0001f5d0                flash_manager_defrag_init
 .text.flash_manager_defragging
                0x0001f6d8       0x38 examples/pb_remote/server/CMakeFiles/pb_remote_server_nrf52833_xxAA_s113_7.2.0.dir/__/__/__/mesh/core/src/flash_manager_defrag.c.obj
                0x0001f6d8                flash_manager_defragging
 .text.flash_manager_defrag_is_running
                0x0001f710       0x10 examples/pb_remote/server/CMakeFiles/pb_remote_server_nrf52833_xxAA_s113_7.2.0.dir/__/__/__/mesh/core/src/flash_manager_defrag.c.obj
                0x0001f710                flash_manager_defrag_is_running
 .text.flash_manager_defrag
                0x0001f720       0x54 examples/pb_remote/server/CMakeFiles/pb_remote_server_nrf52833_xxAA_s113_7.2.0.dir/__/__/__/mesh/core/src/flash_manager_defrag.c.obj
                0x0001f720                flash_manager_defrag
 .text.flash_manager_defrag_recovery_page_get
                0x0001f774        0xc examples/pb_remote/server/CMakeFiles/pb_remote_server_nrf52833_xxAA_s113_7.2.0.dir/__/__/__/mesh/core/src/flash_manager_defrag.c.obj
                0x0001f774                flash_manager_defrag_recovery_page_get
 .text.fifo_init
                0x0001f780       0x34 examples/pb_remote/server/CMakeFiles/pb_remote_server_nrf52833_xxAA_s113_7.2.0.dir/__/__/__/mesh/core/src/fifo.c.obj
                0x0001f780                fifo_init
 .text.fifo_push
                0x0001f7b4       0x50 examples/pb_remote/server/CMakeFiles/pb_remote_server_nrf52833_xxAA_s113_7.2.0.dir/__/__/__/mesh/core/src/fifo.c.obj
                0x0001f7b4                fifo_push
 .text.fifo_pop
                0x0001f804       0x52 examples/pb_remote/server/CMakeFiles/pb_remote_server_nrf52833_xxAA_s113_7.2.0.dir/__/__/__/mesh/core/src/fifo.c.obj
                0x0001f804                fifo_pop
 .text.fifo_flush
                0x0001f856        0x6 examples/pb_remote/server/CMakeFiles/pb_remote_server_nrf52833_xxAA_s113_7.2.0.dir/__/__/__/mesh/core/src/fifo.c.obj
                0x0001f856                fifo_flush
 .text.fifo_get_len
                0x0001f85c        0x8 examples/pb_remote/server/CMakeFiles/pb_remote_server_nrf52833_xxAA_s113_7.2.0.dir/__/__/__/mesh/core/src/fifo.c.obj
                0x0001f85c                fifo_get_len
 .text.wait_for_ready
                0x0001f864       0x10 examples/pb_remote/server/CMakeFiles/pb_remote_server_nrf52833_xxAA_s113_7.2.0.dir/__/__/__/mesh/core/src/nrf_flash.c.obj
 .text.nrf_flash_erase
                0x0001f874       0x50 examples/pb_remote/server/CMakeFiles/pb_remote_server_nrf52833_xxAA_s113_7.2.0.dir/__/__/__/mesh/core/src/nrf_flash.c.obj
                0x0001f874                nrf_flash_erase
 .text.nrf_flash_write
                0x0001f8c4       0x58 examples/pb_remote/server/CMakeFiles/pb_remote_server_nrf52833_xxAA_s113_7.2.0.dir/__/__/__/mesh/core/src/nrf_flash.c.obj
                0x0001f8c4                nrf_flash_write
 .text.iv_timeout_limit_passed
                0x0001f91c       0x18 examples/pb_remote/server/CMakeFiles/pb_remote_server_nrf52833_xxAA_s113_7.2.0.dir/__/__/__/mesh/core/src/net_state.c.obj
 .text.seqnum_block_legacy_setter
                0x0001f934       0x3c examples/pb_remote/server/CMakeFiles/pb_remote_server_nrf52833_xxAA_s113_7.2.0.dir/__/__/__/mesh/core/src/net_state.c.obj
 .text.iv_index_legacy_setter
                0x0001f970       0x3c examples/pb_remote/server/CMakeFiles/pb_remote_server_nrf52833_xxAA_s113_7.2.0.dir/__/__/__/mesh/core/src/net_state.c.obj
 .text.seqnum_block_deleter
                0x0001f9ac       0x24 examples/pb_remote/server/CMakeFiles/pb_remote_server_nrf52833_xxAA_s113_7.2.0.dir/__/__/__/mesh/core/src/net_state.c.obj
 .text.iv_index_deleter
                0x0001f9d0       0x24 examples/pb_remote/server/CMakeFiles/pb_remote_server_nrf52833_xxAA_s113_7.2.0.dir/__/__/__/mesh/core/src/net_state.c.obj
 .text.seqnum_block_getter
                0x0001f9f4       0x28 examples/pb_remote/server/CMakeFiles/pb_remote_server_nrf52833_xxAA_s113_7.2.0.dir/__/__/__/mesh/core/src/net_state.c.obj
 .text.seqnum_block_setter
                0x0001fa1c       0x38 examples/pb_remote/server/CMakeFiles/pb_remote_server_nrf52833_xxAA_s113_7.2.0.dir/__/__/__/mesh/core/src/net_state.c.obj
 .text.iv_index_getter
                0x0001fa54       0x28 examples/pb_remote/server/CMakeFiles/pb_remote_server_nrf52833_xxAA_s113_7.2.0.dir/__/__/__/mesh/core/src/net_state.c.obj
 .text.iv_index_setter
                0x0001fa7c       0x38 examples/pb_remote/server/CMakeFiles/pb_remote_server_nrf52833_xxAA_s113_7.2.0.dir/__/__/__/mesh/core/src/net_state.c.obj
 .text.iv_index_notify
                0x0001fab4       0x30 examples/pb_remote/server/CMakeFiles/pb_remote_server_nrf52833_xxAA_s113_7.2.0.dir/__/__/__/mesh/core/src/net_state.c.obj
 .text.persist_completed_notify
                0x0001fae4       0x2c examples/pb_remote/server/CMakeFiles/pb_remote_server_nrf52833_xxAA_s113_7.2.0.dir/__/__/__/mesh/core/src/net_state.c.obj
 .text.seqnum_block_allocate
                0x0001fb10       0x58 examples/pb_remote/server/CMakeFiles/pb_remote_server_nrf52833_xxAA_s113_7.2.0.dir/__/__/__/mesh/core/src/net_state.c.obj
 .text.iv_index_store
                0x0001fb68       0x44 examples/pb_remote/server/CMakeFiles/pb_remote_server_nrf52833_xxAA_s113_7.2.0.dir/__/__/__/mesh/core/src/net_state.c.obj
 .text.net_state_reset
                0x0001fbac       0x30 examples/pb_remote/server/CMakeFiles/pb_remote_server_nrf52833_xxAA_s113_7.2.0.dir/__/__/__/mesh/core/src/net_state.c.obj
                0x0001fbac                net_state_reset
 .text.net_state_init
                0x0001fbdc       0x48 examples/pb_remote/server/CMakeFiles/pb_remote_server_nrf52833_xxAA_s113_7.2.0.dir/__/__/__/mesh/core/src/net_state.c.obj
                0x0001fbdc                net_state_init
 .text.net_state_enable
                0x0001fc24       0xc4 examples/pb_remote/server/CMakeFiles/pb_remote_server_nrf52833_xxAA_s113_7.2.0.dir/__/__/__/mesh/core/src/net_state.c.obj
                0x0001fc24                net_state_enable
 .text.net_state_is_seqnum_block_ready
                0x0001fce8       0x14 examples/pb_remote/server/CMakeFiles/pb_remote_server_nrf52833_xxAA_s113_7.2.0.dir/__/__/__/mesh/core/src/net_state.c.obj
                0x0001fce8                net_state_is_seqnum_block_ready
 .text.net_state_iv_update_start
                0x0001fcfc       0x40 examples/pb_remote/server/CMakeFiles/pb_remote_server_nrf52833_xxAA_s113_7.2.0.dir/__/__/__/mesh/core/src/net_state.c.obj
                0x0001fcfc                net_state_iv_update_start
 .text.iv_update_trigger_if_pending
                0x0001fd3c       0x5c examples/pb_remote/server/CMakeFiles/pb_remote_server_nrf52833_xxAA_s113_7.2.0.dir/__/__/__/mesh/core/src/net_state.c.obj
 .text.iv_update_timer_handler
                0x0001fd98       0x9c examples/pb_remote/server/CMakeFiles/pb_remote_server_nrf52833_xxAA_s113_7.2.0.dir/__/__/__/mesh/core/src/net_state.c.obj
 .text.mesh_evt_handler
                0x0001fe34       0x88 examples/pb_remote/server/CMakeFiles/pb_remote_server_nrf52833_xxAA_s113_7.2.0.dir/__/__/__/mesh/core/src/net_state.c.obj
 .text.net_state_iv_index_lock
                0x0001febc       0x3c examples/pb_remote/server/CMakeFiles/pb_remote_server_nrf52833_xxAA_s113_7.2.0.dir/__/__/__/mesh/core/src/net_state.c.obj
                0x0001febc                net_state_iv_index_lock
 .text.net_state_key_refresh_phase_changed
                0x0001fef8       0x20 examples/pb_remote/server/CMakeFiles/pb_remote_server_nrf52833_xxAA_s113_7.2.0.dir/__/__/__/mesh/core/src/net_state.c.obj
                0x0001fef8                net_state_key_refresh_phase_changed
 .text.net_state_beacon_iv_index_get
                0x0001ff18        0xc examples/pb_remote/server/CMakeFiles/pb_remote_server_nrf52833_xxAA_s113_7.2.0.dir/__/__/__/mesh/core/src/net_state.c.obj
                0x0001ff18                net_state_beacon_iv_index_get
 .text.net_state_tx_iv_index_get
                0x0001ff24       0x14 examples/pb_remote/server/CMakeFiles/pb_remote_server_nrf52833_xxAA_s113_7.2.0.dir/__/__/__/mesh/core/src/net_state.c.obj
                0x0001ff24                net_state_tx_iv_index_get
 .text.net_state_iv_index_and_seqnum_alloc
                0x0001ff38       0x7c examples/pb_remote/server/CMakeFiles/pb_remote_server_nrf52833_xxAA_s113_7.2.0.dir/__/__/__/mesh/core/src/net_state.c.obj
                0x0001ff38                net_state_iv_index_and_seqnum_alloc
 .text.net_state_rx_iv_index_get
                0x0001ffb4       0x18 examples/pb_remote/server/CMakeFiles/pb_remote_server_nrf52833_xxAA_s113_7.2.0.dir/__/__/__/mesh/core/src/net_state.c.obj
                0x0001ffb4                net_state_rx_iv_index_get
 .text.net_state_iv_update_get
                0x0001ffcc        0xc examples/pb_remote/server/CMakeFiles/pb_remote_server_nrf52833_xxAA_s113_7.2.0.dir/__/__/__/mesh/core/src/net_state.c.obj
                0x0001ffcc                net_state_iv_update_get
 .text.net_state_iv_index_and_seqnum_block_set
                0x0001ffd8       0x48 examples/pb_remote/server/CMakeFiles/pb_remote_server_nrf52833_xxAA_s113_7.2.0.dir/__/__/__/mesh/core/src/net_state.c.obj
                0x0001ffd8                net_state_iv_index_and_seqnum_block_set
 .text.net_state_iv_index_set
                0x00020020        0x6 examples/pb_remote/server/CMakeFiles/pb_remote_server_nrf52833_xxAA_s113_7.2.0.dir/__/__/__/mesh/core/src/net_state.c.obj
                0x00020020                net_state_iv_index_set
 *fill*         0x00020026        0x2 
 .text.send_end_events
                0x00020028       0x84 examples/pb_remote/server/CMakeFiles/pb_remote_server_nrf52833_xxAA_s113_7.2.0.dir/__/__/__/mesh/core/src/mesh_flash.c.obj
 .text.flash_op_action_prepare
                0x000200ac       0x78 examples/pb_remote/server/CMakeFiles/pb_remote_server_nrf52833_xxAA_s113_7.2.0.dir/__/__/__/mesh/core/src/mesh_flash.c.obj
 .text.flash_op_schedule
                0x00020124       0x20 examples/pb_remote/server/CMakeFiles/pb_remote_server_nrf52833_xxAA_s113_7.2.0.dir/__/__/__/mesh/core/src/mesh_flash.c.obj
 .text.flash_op_start
                0x00020144      0x138 examples/pb_remote/server/CMakeFiles/pb_remote_server_nrf52833_xxAA_s113_7.2.0.dir/__/__/__/mesh/core/src/mesh_flash.c.obj
 .text.mesh_flash_init
                0x0002027c       0x7c examples/pb_remote/server/CMakeFiles/pb_remote_server_nrf52833_xxAA_s113_7.2.0.dir/__/__/__/mesh/core/src/mesh_flash.c.obj
                0x0002027c                mesh_flash_init
 .text.mesh_flash_user_callback_set
                0x000202f8       0x20 examples/pb_remote/server/CMakeFiles/pb_remote_server_nrf52833_xxAA_s113_7.2.0.dir/__/__/__/mesh/core/src/mesh_flash.c.obj
                0x000202f8                mesh_flash_user_callback_set
 .text.mesh_flash_op_push
                0x00020318      0x10c examples/pb_remote/server/CMakeFiles/pb_remote_server_nrf52833_xxAA_s113_7.2.0.dir/__/__/__/mesh/core/src/mesh_flash.c.obj
                0x00020318                mesh_flash_op_push
 .text.mesh_flash_set_suspended
                0x00020424       0x70 examples/pb_remote/server/CMakeFiles/pb_remote_server_nrf52833_xxAA_s113_7.2.0.dir/__/__/__/mesh/core/src/mesh_flash.c.obj
                0x00020424                mesh_flash_set_suspended
 .text.nrf_mesh_address_type_get
                0x00020494       0x10 examples/pb_remote/server/CMakeFiles/pb_remote_server_nrf52833_xxAA_s113_7.2.0.dir/__/__/__/mesh/core/src/nrf_mesh_utils.c.obj
                0x00020494                nrf_mesh_address_type_get
 .text.sd_softdevice_is_enabled
                0x000204a4        0x4 examples/pb_remote/server/CMakeFiles/pb_remote_server_nrf52833_xxAA_s113_7.2.0.dir/__/__/__/mesh/core/src/nrf_mesh.c.obj
 .text.packet_in
                0x000204a8       0x6c examples/pb_remote/server/CMakeFiles/pb_remote_server_nrf52833_xxAA_s113_7.2.0.dir/__/__/__/mesh/core/src/nrf_mesh.c.obj
 .text.scanner_packet_process_cb
                0x00020514       0x8c examples/pb_remote/server/CMakeFiles/pb_remote_server_nrf52833_xxAA_s113_7.2.0.dir/__/__/__/mesh/core/src/nrf_mesh.c.obj
 .text.nrf_mesh_enabled_be_cb
                0x000205a0       0x50 examples/pb_remote/server/CMakeFiles/pb_remote_server_nrf52833_xxAA_s113_7.2.0.dir/__/__/__/mesh/core/src/nrf_mesh.c.obj
 .text.config_stable_catch
                0x000205f0       0x24 examples/pb_remote/server/CMakeFiles/pb_remote_server_nrf52833_xxAA_s113_7.2.0.dir/__/__/__/mesh/core/src/nrf_mesh.c.obj
 .text.nrf_mesh_init
                0x00020614       0xdc examples/pb_remote/server/CMakeFiles/pb_remote_server_nrf52833_xxAA_s113_7.2.0.dir/__/__/__/mesh/core/src/nrf_mesh.c.obj
                0x00020614                nrf_mesh_init
 .text.nrf_mesh_enable
                0x000206f0       0xb4 examples/pb_remote/server/CMakeFiles/pb_remote_server_nrf52833_xxAA_s113_7.2.0.dir/__/__/__/mesh/core/src/nrf_mesh.c.obj
                0x000206f0                nrf_mesh_enable
 .text.nrf_mesh_packet_send
                0x000207a4        0x4 examples/pb_remote/server/CMakeFiles/pb_remote_server_nrf52833_xxAA_s113_7.2.0.dir/__/__/__/mesh/core/src/nrf_mesh.c.obj
                0x000207a4                nrf_mesh_packet_send
 .text.nrf_mesh_evt_handler_add
                0x000207a8        0x4 examples/pb_remote/server/CMakeFiles/pb_remote_server_nrf52833_xxAA_s113_7.2.0.dir/__/__/__/mesh/core/src/nrf_mesh.c.obj
                0x000207a8                nrf_mesh_evt_handler_add
 .text.nrf_mesh_evt_handler_remove
                0x000207ac        0x4 examples/pb_remote/server/CMakeFiles/pb_remote_server_nrf52833_xxAA_s113_7.2.0.dir/__/__/__/mesh/core/src/nrf_mesh.c.obj
                0x000207ac                nrf_mesh_evt_handler_remove
 .text.nrf_mesh_on_sd_evt
                0x000207b0        0xa examples/pb_remote/server/CMakeFiles/pb_remote_server_nrf52833_xxAA_s113_7.2.0.dir/__/__/__/mesh/core/src/nrf_mesh.c.obj
                0x000207b0                nrf_mesh_on_sd_evt
 .text.nrf_mesh_subnet_added
                0x000207ba        0x2 examples/pb_remote/server/CMakeFiles/pb_remote_server_nrf52833_xxAA_s113_7.2.0.dir/__/__/__/mesh/core/src/nrf_mesh.c.obj
                0x000207ba                nrf_mesh_subnet_added
 .text.nrf_mesh_unique_token_get
                0x000207bc       0x18 examples/pb_remote/server/CMakeFiles/pb_remote_server_nrf52833_xxAA_s113_7.2.0.dir/__/__/__/mesh/core/src/nrf_mesh.c.obj
                0x000207bc                nrf_mesh_unique_token_get
 .text.queue_init
                0x000207d4       0x14 examples/pb_remote/server/CMakeFiles/pb_remote_server_nrf52833_xxAA_s113_7.2.0.dir/__/__/__/mesh/core/src/queue.c.obj
                0x000207d4                queue_init
 .text.queue_push
                0x000207e8       0x34 examples/pb_remote/server/CMakeFiles/pb_remote_server_nrf52833_xxAA_s113_7.2.0.dir/__/__/__/mesh/core/src/queue.c.obj
                0x000207e8                queue_push
 .text.queue_pop
                0x0002081c       0x2a examples/pb_remote/server/CMakeFiles/pb_remote_server_nrf52833_xxAA_s113_7.2.0.dir/__/__/__/mesh/core/src/queue.c.obj
                0x0002081c                queue_pop
 .text.queue_peek
                0x00020846       0x10 examples/pb_remote/server/CMakeFiles/pb_remote_server_nrf52833_xxAA_s113_7.2.0.dir/__/__/__/mesh/core/src/queue.c.obj
                0x00020846                queue_peek
 *fill*         0x00020856        0x2 
 .text.hal_lfclk_ppm_get
                0x00020858       0x14 examples/pb_remote/server/CMakeFiles/pb_remote_server_nrf52833_xxAA_s113_7.2.0.dir/__/__/__/mesh/core/src/hal.c.obj
                0x00020858                hal_lfclk_ppm_get
 .text.hal_irq_active_get
                0x0002086c       0x10 examples/pb_remote/server/CMakeFiles/pb_remote_server_nrf52833_xxAA_s113_7.2.0.dir/__/__/__/mesh/core/src/hal.c.obj
                0x0002086c                hal_irq_active_get
 .text.hal_irq_is_enabled
                0x0002087c       0x30 examples/pb_remote/server/CMakeFiles/pb_remote_server_nrf52833_xxAA_s113_7.2.0.dir/__/__/__/mesh/core/src/hal.c.obj
                0x0002087c                hal_irq_is_enabled
 .text.sd_ecb_block_encrypt
                0x000208ac        0x4 examples/pb_remote/server/CMakeFiles/pb_remote_server_nrf52833_xxAA_s113_7.2.0.dir/__/__/__/mesh/core/src/aes_cmac.c.obj
 .text.utils_xor.constprop.0
                0x000208b0       0x20 examples/pb_remote/server/CMakeFiles/pb_remote_server_nrf52833_xxAA_s113_7.2.0.dir/__/__/__/mesh/core/src/aes_cmac.c.obj
 .text.aes_cmac
                0x000208d0      0x108 examples/pb_remote/server/CMakeFiles/pb_remote_server_nrf52833_xxAA_s113_7.2.0.dir/__/__/__/mesh/core/src/aes_cmac.c.obj
                0x000208d0                aes_cmac
 .text.add_evt  0x000209d8       0x4c examples/pb_remote/server/CMakeFiles/pb_remote_server_nrf52833_xxAA_s113_7.2.0.dir/__/__/__/mesh/core/src/timer_scheduler.c.obj
 .text.remove_evt
                0x00020a24       0x50 examples/pb_remote/server/CMakeFiles/pb_remote_server_nrf52833_xxAA_s113_7.2.0.dir/__/__/__/mesh/core/src/timer_scheduler.c.obj
 .text.timer_cb
                0x00020a74        0xc examples/pb_remote/server/CMakeFiles/pb_remote_server_nrf52833_xxAA_s113_7.2.0.dir/__/__/__/mesh/core/src/timer_scheduler.c.obj
 .text.setup_timeout.isra.0
                0x00020a80       0x1c examples/pb_remote/server/CMakeFiles/pb_remote_server_nrf52833_xxAA_s113_7.2.0.dir/__/__/__/mesh/core/src/timer_scheduler.c.obj
 .text.flag_event_cb
                0x00020a9c       0x98 examples/pb_remote/server/CMakeFiles/pb_remote_server_nrf52833_xxAA_s113_7.2.0.dir/__/__/__/mesh/core/src/timer_scheduler.c.obj
 .text.timer_sch_init
                0x00020b34       0x34 examples/pb_remote/server/CMakeFiles/pb_remote_server_nrf52833_xxAA_s113_7.2.0.dir/__/__/__/mesh/core/src/timer_scheduler.c.obj
                0x00020b34                timer_sch_init
 .text.timer_sch_schedule
                0x00020b68       0x54 examples/pb_remote/server/CMakeFiles/pb_remote_server_nrf52833_xxAA_s113_7.2.0.dir/__/__/__/mesh/core/src/timer_scheduler.c.obj
                0x00020b68                timer_sch_schedule
 .text.timer_sch_abort
                0x00020bbc       0x2e examples/pb_remote/server/CMakeFiles/pb_remote_server_nrf52833_xxAA_s113_7.2.0.dir/__/__/__/mesh/core/src/timer_scheduler.c.obj
                0x00020bbc                timer_sch_abort
 *fill*         0x00020bea        0x2 
 .text.timer_sch_reschedule
                0x00020bec       0x48 examples/pb_remote/server/CMakeFiles/pb_remote_server_nrf52833_xxAA_s113_7.2.0.dir/__/__/__/mesh/core/src/timer_scheduler.c.obj
                0x00020bec                timer_sch_reschedule
 .text.timer_init
                0x00020c34       0x1a examples/pb_remote/server/CMakeFiles/pb_remote_server_nrf52833_xxAA_s113_7.2.0.dir/__/__/__/mesh/core/src/timer.c.obj
                0x00020c34                timer_init
 *fill*         0x00020c4e        0x2 
 .text.timer_now
                0x00020c50       0x48 examples/pb_remote/server/CMakeFiles/pb_remote_server_nrf52833_xxAA_s113_7.2.0.dir/__/__/__/mesh/core/src/timer.c.obj
                0x00020c50                timer_now
 .text.nrf_mesh_timer_tail_handle
                0x00020c98       0x34 examples/pb_remote/server/CMakeFiles/pb_remote_server_nrf52833_xxAA_s113_7.2.0.dir/__/__/__/mesh/core/src/timer.c.obj
                0x00020c98                nrf_mesh_timer_tail_handle
 .text.nrf_mesh_timer_ovfw_handle
                0x00020ccc       0x94 examples/pb_remote/server/CMakeFiles/pb_remote_server_nrf52833_xxAA_s113_7.2.0.dir/__/__/__/mesh/core/src/timer.c.obj
                0x00020ccc                nrf_mesh_timer_ovfw_handle
 .text.timer_start
                0x00020d60       0xac examples/pb_remote/server/CMakeFiles/pb_remote_server_nrf52833_xxAA_s113_7.2.0.dir/__/__/__/mesh/core/src/timer.c.obj
                0x00020d60                timer_start
 .text.timer_stop
                0x00020e0c       0x30 examples/pb_remote/server/CMakeFiles/pb_remote_server_nrf52833_xxAA_s113_7.2.0.dir/__/__/__/mesh/core/src/timer.c.obj
                0x00020e0c                timer_stop
 .text.sd_rand_application_bytes_available_get
                0x00020e3c        0x4 examples/pb_remote/server/CMakeFiles/pb_remote_server_nrf52833_xxAA_s113_7.2.0.dir/__/__/__/mesh/core/src/rand.c.obj
 .text.sd_rand_application_vector_get
                0x00020e40        0x4 examples/pb_remote/server/CMakeFiles/pb_remote_server_nrf52833_xxAA_s113_7.2.0.dir/__/__/__/mesh/core/src/rand.c.obj
 .text.rand_prng_get
                0x00020e44       0x24 examples/pb_remote/server/CMakeFiles/pb_remote_server_nrf52833_xxAA_s113_7.2.0.dir/__/__/__/mesh/core/src/rand.c.obj
                0x00020e44                rand_prng_get
 .text.rand_hw_rng_get
                0x00020e68       0x44 examples/pb_remote/server/CMakeFiles/pb_remote_server_nrf52833_xxAA_s113_7.2.0.dir/__/__/__/mesh/core/src/rand.c.obj
                0x00020e68                rand_hw_rng_get
 .text.rand_prng_seed
                0x00020eac       0x34 examples/pb_remote/server/CMakeFiles/pb_remote_server_nrf52833_xxAA_s113_7.2.0.dir/__/__/__/mesh/core/src/rand.c.obj
                0x00020eac                rand_prng_seed
 .text.mesh_opt_init
                0x00020ee0        0x2 examples/pb_remote/server/CMakeFiles/pb_remote_server_nrf52833_xxAA_s113_7.2.0.dir/__/__/__/mesh/core/src/mesh_opt.c.obj
                0x00020ee0                mesh_opt_init
 .text.mesh_opt_clear
                0x00020ee2        0x6 examples/pb_remote/server/CMakeFiles/pb_remote_server_nrf52833_xxAA_s113_7.2.0.dir/__/__/__/mesh/core/src/mesh_opt.c.obj
                0x00020ee2                mesh_opt_clear
 .text.sd_radio_session_open
                0x00020ee8        0x4 examples/pb_remote/server/CMakeFiles/pb_remote_server_nrf52833_xxAA_s113_7.2.0.dir/__/__/__/mesh/core/src/timeslot.c.obj
 .text.sd_radio_session_close
                0x00020eec        0x4 examples/pb_remote/server/CMakeFiles/pb_remote_server_nrf52833_xxAA_s113_7.2.0.dir/__/__/__/mesh/core/src/timeslot.c.obj
 .text.sd_radio_request
                0x00020ef0        0x4 examples/pb_remote/server/CMakeFiles/pb_remote_server_nrf52833_xxAA_s113_7.2.0.dir/__/__/__/mesh/core/src/timeslot.c.obj
 .text.end_timer_handler
                0x00020ef4       0x28 examples/pb_remote/server/CMakeFiles/pb_remote_server_nrf52833_xxAA_s113_7.2.0.dir/__/__/__/mesh/core/src/timeslot.c.obj
 .text.get_end_time.isra.0
                0x00020f1c       0x20 examples/pb_remote/server/CMakeFiles/pb_remote_server_nrf52833_xxAA_s113_7.2.0.dir/__/__/__/mesh/core/src/timeslot.c.obj
 .text.on_ts_begin.constprop.0
                0x00020f3c       0x48 examples/pb_remote/server/CMakeFiles/pb_remote_server_nrf52833_xxAA_s113_7.2.0.dir/__/__/__/mesh/core/src/timeslot.c.obj
 .text.handle_extend_end.constprop.0
                0x00020f84       0x88 examples/pb_remote/server/CMakeFiles/pb_remote_server_nrf52833_xxAA_s113_7.2.0.dir/__/__/__/mesh/core/src/timeslot.c.obj
 .text.radio_signal_callback
                0x0002100c      0x12c examples/pb_remote/server/CMakeFiles/pb_remote_server_nrf52833_xxAA_s113_7.2.0.dir/__/__/__/mesh/core/src/timeslot.c.obj
 .text.timeslot_sd_event_handler
                0x00021138       0x60 examples/pb_remote/server/CMakeFiles/pb_remote_server_nrf52833_xxAA_s113_7.2.0.dir/__/__/__/mesh/core/src/timeslot.c.obj
                0x00021138                timeslot_sd_event_handler
 .text.timeslot_init
                0x00021198       0x50 examples/pb_remote/server/CMakeFiles/pb_remote_server_nrf52833_xxAA_s113_7.2.0.dir/__/__/__/mesh/core/src/timeslot.c.obj
                0x00021198                timeslot_init
 .text.timeslot_start
                0x000211e8       0x44 examples/pb_remote/server/CMakeFiles/pb_remote_server_nrf52833_xxAA_s113_7.2.0.dir/__/__/__/mesh/core/src/timeslot.c.obj
                0x000211e8                timeslot_start
 .text.timeslot_end_is_pending
                0x0002122c       0x28 examples/pb_remote/server/CMakeFiles/pb_remote_server_nrf52833_xxAA_s113_7.2.0.dir/__/__/__/mesh/core/src/timeslot.c.obj
                0x0002122c                timeslot_end_is_pending
 .text.timeslot_length_get
                0x00021254        0xc examples/pb_remote/server/CMakeFiles/pb_remote_server_nrf52833_xxAA_s113_7.2.0.dir/__/__/__/mesh/core/src/timeslot.c.obj
                0x00021254                timeslot_length_get
 .text.timeslot_remaining_time_get
                0x00021260       0x24 examples/pb_remote/server/CMakeFiles/pb_remote_server_nrf52833_xxAA_s113_7.2.0.dir/__/__/__/mesh/core/src/timeslot.c.obj
                0x00021260                timeslot_remaining_time_get
 .text.timeslot_is_in_cb
                0x00021284        0xc examples/pb_remote/server/CMakeFiles/pb_remote_server_nrf52833_xxAA_s113_7.2.0.dir/__/__/__/mesh/core/src/timeslot.c.obj
                0x00021284                timeslot_is_in_cb
 .text.timeslot_trigger
                0x00021290       0x24 examples/pb_remote/server/CMakeFiles/pb_remote_server_nrf52833_xxAA_s113_7.2.0.dir/__/__/__/mesh/core/src/timeslot.c.obj
                0x00021290                timeslot_trigger
 .text.timeslot_stop
                0x000212b4       0x1c examples/pb_remote/server/CMakeFiles/pb_remote_server_nrf52833_xxAA_s113_7.2.0.dir/__/__/__/mesh/core/src/timeslot.c.obj
                0x000212b4                timeslot_stop
 .text.timeslot_restart
                0x000212d0       0x20 examples/pb_remote/server/CMakeFiles/pb_remote_server_nrf52833_xxAA_s113_7.2.0.dir/__/__/__/mesh/core/src/timeslot.c.obj
                0x000212d0                timeslot_restart
 .text.timeslot_state_lock
                0x000212f0       0x24 examples/pb_remote/server/CMakeFiles/pb_remote_server_nrf52833_xxAA_s113_7.2.0.dir/__/__/__/mesh/core/src/timeslot.c.obj
                0x000212f0                timeslot_state_lock
 .text.timer_mut_unlock
                0x00021314       0x10 examples/pb_remote/server/CMakeFiles/pb_remote_server_nrf52833_xxAA_s113_7.2.0.dir/__/__/__/mesh/core/src/timeslot_timer.c.obj
 .text.ts_timer_order_cb
                0x00021324       0x64 examples/pb_remote/server/CMakeFiles/pb_remote_server_nrf52833_xxAA_s113_7.2.0.dir/__/__/__/mesh/core/src/timeslot_timer.c.obj
                0x00021324                ts_timer_order_cb
 .text.ts_timer_now
                0x00021388       0x40 examples/pb_remote/server/CMakeFiles/pb_remote_server_nrf52833_xxAA_s113_7.2.0.dir/__/__/__/mesh/core/src/timeslot_timer.c.obj
                0x00021388                ts_timer_now
 .text.ts_timer_event_handler
                0x000213c8       0x6c examples/pb_remote/server/CMakeFiles/pb_remote_server_nrf52833_xxAA_s113_7.2.0.dir/__/__/__/mesh/core/src/timeslot_timer.c.obj
                0x000213c8                ts_timer_event_handler
 .text.ts_timer_to_device_time
                0x00021434        0xc examples/pb_remote/server/CMakeFiles/pb_remote_server_nrf52833_xxAA_s113_7.2.0.dir/__/__/__/mesh/core/src/timeslot_timer.c.obj
                0x00021434                ts_timer_to_device_time
 .text.ts_timer_on_ts_begin
                0x00021440       0x64 examples/pb_remote/server/CMakeFiles/pb_remote_server_nrf52833_xxAA_s113_7.2.0.dir/__/__/__/mesh/core/src/timeslot_timer.c.obj
                0x00021440                ts_timer_on_ts_begin
 .text.ts_timer_on_ts_end
                0x000214a4       0x48 examples/pb_remote/server/CMakeFiles/pb_remote_server_nrf52833_xxAA_s113_7.2.0.dir/__/__/__/mesh/core/src/timeslot_timer.c.obj
                0x000214a4                ts_timer_on_ts_end
 .text.trigger_event_handler
                0x000214ec       0x1c examples/pb_remote/server/CMakeFiles/pb_remote_server_nrf52833_xxAA_s113_7.2.0.dir/__/__/__/mesh/core/src/bearer_event.c.obj
 .text.bearer_event_init
                0x00021508       0x58 examples/pb_remote/server/CMakeFiles/pb_remote_server_nrf52833_xxAA_s113_7.2.0.dir/__/__/__/mesh/core/src/bearer_event.c.obj
                0x00021508                bearer_event_init
 .text.bearer_event_start
                0x00021560       0x44 examples/pb_remote/server/CMakeFiles/pb_remote_server_nrf52833_xxAA_s113_7.2.0.dir/__/__/__/mesh/core/src/bearer_event.c.obj
                0x00021560                bearer_event_start
 .text.bearer_event_critical_section_begin
                0x000215a4       0x80 examples/pb_remote/server/CMakeFiles/pb_remote_server_nrf52833_xxAA_s113_7.2.0.dir/__/__/__/mesh/core/src/bearer_event.c.obj
                0x000215a4                bearer_event_critical_section_begin
 .text.bearer_event_critical_section_end
                0x00021624       0x60 examples/pb_remote/server/CMakeFiles/pb_remote_server_nrf52833_xxAA_s113_7.2.0.dir/__/__/__/mesh/core/src/bearer_event.c.obj
                0x00021624                bearer_event_critical_section_end
 .text.bearer_event_flag_add
                0x00021684       0x3c examples/pb_remote/server/CMakeFiles/pb_remote_server_nrf52833_xxAA_s113_7.2.0.dir/__/__/__/mesh/core/src/bearer_event.c.obj
                0x00021684                bearer_event_flag_add
 .text.bearer_event_flag_set
                0x000216c0       0x44 examples/pb_remote/server/CMakeFiles/pb_remote_server_nrf52833_xxAA_s113_7.2.0.dir/__/__/__/mesh/core/src/bearer_event.c.obj
                0x000216c0                bearer_event_flag_set
 .text.bearer_event_sequential_add
                0x00021704       0x2e examples/pb_remote/server/CMakeFiles/pb_remote_server_nrf52833_xxAA_s113_7.2.0.dir/__/__/__/mesh/core/src/bearer_event.c.obj
                0x00021704                bearer_event_sequential_add
 *fill*         0x00021732        0x2 
 .text.bearer_event_sequential_post
                0x00021734       0x44 examples/pb_remote/server/CMakeFiles/pb_remote_server_nrf52833_xxAA_s113_7.2.0.dir/__/__/__/mesh/core/src/bearer_event.c.obj
                0x00021734                bearer_event_sequential_post
 .text.bearer_event_sequential_pending
                0x00021778       0x10 examples/pb_remote/server/CMakeFiles/pb_remote_server_nrf52833_xxAA_s113_7.2.0.dir/__/__/__/mesh/core/src/bearer_event.c.obj
                0x00021778                bearer_event_sequential_pending
 .text.bearer_event_handler
                0x00021788       0xe8 examples/pb_remote/server/CMakeFiles/pb_remote_server_nrf52833_xxAA_s113_7.2.0.dir/__/__/__/mesh/core/src/bearer_event.c.obj
                0x00021788                bearer_event_handler
 .text.QDEC_IRQHandler
                0x00021870        0x4 examples/pb_remote/server/CMakeFiles/pb_remote_server_nrf52833_xxAA_s113_7.2.0.dir/__/__/__/mesh/core/src/bearer_event.c.obj
                0x00021870                QDEC_IRQHandler
 .text.bearer_event_in_correct_irq_priority
                0x00021874       0x74 examples/pb_remote/server/CMakeFiles/pb_remote_server_nrf52833_xxAA_s113_7.2.0.dir/__/__/__/mesh/core/src/bearer_event.c.obj
                0x00021874                bearer_event_in_correct_irq_priority
 .text.sd_ecb_block_encrypt
                0x000218e8        0x4 examples/pb_remote/server/CMakeFiles/pb_remote_server_nrf52833_xxAA_s113_7.2.0.dir/__/__/__/mesh/core/src/enc.c.obj
 .text.enc_aes_encrypt
                0x000218ec       0x32 examples/pb_remote/server/CMakeFiles/pb_remote_server_nrf52833_xxAA_s113_7.2.0.dir/__/__/__/mesh/core/src/enc.c.obj
                0x000218ec                enc_aes_encrypt
 .text.enc_aes_cmac
                0x0002191e        0x4 examples/pb_remote/server/CMakeFiles/pb_remote_server_nrf52833_xxAA_s113_7.2.0.dir/__/__/__/mesh/core/src/enc.c.obj
                0x0002191e                enc_aes_cmac
 .text.enc_aes_ccm_encrypt
                0x00021922        0x4 examples/pb_remote/server/CMakeFiles/pb_remote_server_nrf52833_xxAA_s113_7.2.0.dir/__/__/__/mesh/core/src/enc.c.obj
                0x00021922                enc_aes_ccm_encrypt
 .text.enc_aes_ccm_decrypt
                0x00021926        0x4 examples/pb_remote/server/CMakeFiles/pb_remote_server_nrf52833_xxAA_s113_7.2.0.dir/__/__/__/mesh/core/src/enc.c.obj
                0x00021926                enc_aes_ccm_decrypt
 .text.enc_nonce_generate
                0x0002192a       0xcc examples/pb_remote/server/CMakeFiles/pb_remote_server_nrf52833_xxAA_s113_7.2.0.dir/__/__/__/mesh/core/src/enc.c.obj
                0x0002192a                enc_nonce_generate
 .text.enc_s1   0x000219f6       0x2c examples/pb_remote/server/CMakeFiles/pb_remote_server_nrf52833_xxAA_s113_7.2.0.dir/__/__/__/mesh/core/src/enc.c.obj
                0x000219f6                enc_s1
 .text.enc_k1   0x00021a22       0x42 examples/pb_remote/server/CMakeFiles/pb_remote_server_nrf52833_xxAA_s113_7.2.0.dir/__/__/__/mesh/core/src/enc.c.obj
                0x00021a22                enc_k1
 .text.enc_k2   0x00021a64       0xc0 examples/pb_remote/server/CMakeFiles/pb_remote_server_nrf52833_xxAA_s113_7.2.0.dir/__/__/__/mesh/core/src/enc.c.obj
                0x00021a64                enc_k2
 .text.enc_k3   0x00021b24       0x5c examples/pb_remote/server/CMakeFiles/pb_remote_server_nrf52833_xxAA_s113_7.2.0.dir/__/__/__/mesh/core/src/enc.c.obj
                0x00021b24                enc_k3
 .text.enc_k4   0x00021b80       0x54 examples/pb_remote/server/CMakeFiles/pb_remote_server_nrf52833_xxAA_s113_7.2.0.dir/__/__/__/mesh/core/src/enc.c.obj
                0x00021b80                enc_k4
 .text.allocate_packet
                0x00021bd4       0x6e examples/pb_remote/server/CMakeFiles/pb_remote_server_nrf52833_xxAA_s113_7.2.0.dir/__/__/__/mesh/core/src/network.c.obj
 *fill*         0x00021c42        0x2 
 .text.network_init
                0x00021c44       0x1c examples/pb_remote/server/CMakeFiles/pb_remote_server_nrf52833_xxAA_s113_7.2.0.dir/__/__/__/mesh/core/src/network.c.obj
                0x00021c44                network_init
 .text.network_enable
                0x00021c60        0xe examples/pb_remote/server/CMakeFiles/pb_remote_server_nrf52833_xxAA_s113_7.2.0.dir/__/__/__/mesh/core/src/network.c.obj
                0x00021c60                network_enable
 .text.network_packet_alloc
                0x00021c6e       0x42 examples/pb_remote/server/CMakeFiles/pb_remote_server_nrf52833_xxAA_s113_7.2.0.dir/__/__/__/mesh/core/src/network.c.obj
                0x00021c6e                network_packet_alloc
 .text.network_packet_send
                0x00021cb0       0xec examples/pb_remote/server/CMakeFiles/pb_remote_server_nrf52833_xxAA_s113_7.2.0.dir/__/__/__/mesh/core/src/network.c.obj
                0x00021cb0                network_packet_send
 .text.network_packet_in
                0x00021d9c      0x2bc examples/pb_remote/server/CMakeFiles/pb_remote_server_nrf52833_xxAA_s113_7.2.0.dir/__/__/__/mesh/core/src/network.c.obj
                0x00021d9c                network_packet_in
 .text.nonce_type_get
                0x00022058       0x16 examples/pb_remote/server/CMakeFiles/pb_remote_server_nrf52833_xxAA_s113_7.2.0.dir/__/__/__/mesh/core/src/net_packet.c.obj
 .text.header_transfuscate
                0x0002206e       0x54 examples/pb_remote/server/CMakeFiles/pb_remote_server_nrf52833_xxAA_s113_7.2.0.dir/__/__/__/mesh/core/src/net_packet.c.obj
 *fill*         0x000220c2        0x2 
 .text.try_decrypt
                0x000220c4      0x18c examples/pb_remote/server/CMakeFiles/pb_remote_server_nrf52833_xxAA_s113_7.2.0.dir/__/__/__/mesh/core/src/net_packet.c.obj
 .text.net_packet_decrypt
                0x00022250       0x94 examples/pb_remote/server/CMakeFiles/pb_remote_server_nrf52833_xxAA_s113_7.2.0.dir/__/__/__/mesh/core/src/net_packet.c.obj
                0x00022250                net_packet_decrypt
 .text.net_packet_encrypt
                0x000222e4       0x7e examples/pb_remote/server/CMakeFiles/pb_remote_server_nrf52833_xxAA_s113_7.2.0.dir/__/__/__/mesh/core/src/net_packet.c.obj
                0x000222e4                net_packet_encrypt
 .text.net_packet_header_set
                0x00022362       0xaa examples/pb_remote/server/CMakeFiles/pb_remote_server_nrf52833_xxAA_s113_7.2.0.dir/__/__/__/mesh/core/src/net_packet.c.obj
                0x00022362                net_packet_header_set
 .text.net_packet_payload_len_get
                0x0002240c       0x10 examples/pb_remote/server/CMakeFiles/pb_remote_server_nrf52833_xxAA_s113_7.2.0.dir/__/__/__/mesh/core/src/net_packet.c.obj
                0x0002240c                net_packet_payload_len_get
 .text.net_packet_from_payload
                0x0002241c        0x4 examples/pb_remote/server/CMakeFiles/pb_remote_server_nrf52833_xxAA_s113_7.2.0.dir/__/__/__/mesh/core/src/net_packet.c.obj
                0x0002241c                net_packet_from_payload
 .text.net_packet_obfuscation_start_get
                0x00022420        0x4 examples/pb_remote/server/CMakeFiles/pb_remote_server_nrf52833_xxAA_s113_7.2.0.dir/__/__/__/mesh/core/src/net_packet.c.obj
                0x00022420                net_packet_obfuscation_start_get
 .text.stage_get_available
                0x00022424       0x24 examples/pb_remote/server/CMakeFiles/pb_remote_server_nrf52833_xxAA_s113_7.2.0.dir/__/__/__/mesh/core/src/msqueue.c.obj
 .text.msq_get  0x00022448       0x38 examples/pb_remote/server/CMakeFiles/pb_remote_server_nrf52833_xxAA_s113_7.2.0.dir/__/__/__/mesh/core/src/msqueue.c.obj
                0x00022448                msq_get
 .text.msq_move
                0x00022480       0x2e examples/pb_remote/server/CMakeFiles/pb_remote_server_nrf52833_xxAA_s113_7.2.0.dir/__/__/__/mesh/core/src/msqueue.c.obj
                0x00022480                msq_move
 .text.msq_reset
                0x000224ae       0x20 examples/pb_remote/server/CMakeFiles/pb_remote_server_nrf52833_xxAA_s113_7.2.0.dir/__/__/__/mesh/core/src/msqueue.c.obj
                0x000224ae                msq_reset
 .text.msq_init
                0x000224ce       0x48 examples/pb_remote/server/CMakeFiles/pb_remote_server_nrf52833_xxAA_s113_7.2.0.dir/__/__/__/mesh/core/src/msqueue.c.obj
                0x000224ce                msq_init
 .text.msq_available
                0x00022516       0x26 examples/pb_remote/server/CMakeFiles/pb_remote_server_nrf52833_xxAA_s113_7.2.0.dir/__/__/__/mesh/core/src/msqueue.c.obj
                0x00022516                msq_available
 .text.nrf_mesh_keygen_aid
                0x0002253c       0x12 examples/pb_remote/server/CMakeFiles/pb_remote_server_nrf52833_xxAA_s113_7.2.0.dir/__/__/__/mesh/core/src/nrf_mesh_keygen.c.obj
                0x0002253c                nrf_mesh_keygen_aid
 .text.nrf_mesh_keygen_network_secmat
                0x0002254e       0x22 examples/pb_remote/server/CMakeFiles/pb_remote_server_nrf52833_xxAA_s113_7.2.0.dir/__/__/__/mesh/core/src/nrf_mesh_keygen.c.obj
                0x0002254e                nrf_mesh_keygen_network_secmat
 .text.nrf_mesh_keygen_beacon_secmat
                0x00022570       0x50 examples/pb_remote/server/CMakeFiles/pb_remote_server_nrf52833_xxAA_s113_7.2.0.dir/__/__/__/mesh/core/src/nrf_mesh_keygen.c.obj
                0x00022570                nrf_mesh_keygen_beacon_secmat
 .text.nrf_mesh_keygen_virtual_address
                0x000225c0       0x50 examples/pb_remote/server/CMakeFiles/pb_remote_server_nrf52833_xxAA_s113_7.2.0.dir/__/__/__/mesh/core/src/nrf_mesh_keygen.c.obj
                0x000225c0                nrf_mesh_keygen_virtual_address
 .text.list_insert
                0x00022610       0x1c examples/pb_remote/server/CMakeFiles/pb_remote_server_nrf52833_xxAA_s113_7.2.0.dir/__/__/__/mesh/core/src/list.c.obj
 .text.list_add
                0x0002262c       0x42 examples/pb_remote/server/CMakeFiles/pb_remote_server_nrf52833_xxAA_s113_7.2.0.dir/__/__/__/mesh/core/src/list.c.obj
                0x0002262c                list_add
 .text.list_remove
                0x0002266e       0x3a examples/pb_remote/server/CMakeFiles/pb_remote_server_nrf52833_xxAA_s113_7.2.0.dir/__/__/__/mesh/core/src/list.c.obj
                0x0002266e                list_remove
 .text.list_compare_add
                0x000226a8       0x56 examples/pb_remote/server/CMakeFiles/pb_remote_server_nrf52833_xxAA_s113_7.2.0.dir/__/__/__/mesh/core/src/list.c.obj
                0x000226a8                list_compare_add
 *fill*         0x000226fe        0x2 
 .text.log_callback_rtt
                0x00022700       0x2c examples/pb_remote/server/CMakeFiles/pb_remote_server_nrf52833_xxAA_s113_7.2.0.dir/__/__/__/mesh/core/src/log.c.obj
                0x00022700                log_callback_rtt
 .text.log_init
                0x0002272c       0x1c examples/pb_remote/server/CMakeFiles/pb_remote_server_nrf52833_xxAA_s113_7.2.0.dir/__/__/__/mesh/core/src/log.c.obj
                0x0002272c                log_init
 .text.log_vprintf
                0x00022748       0x1c examples/pb_remote/server/CMakeFiles/pb_remote_server_nrf52833_xxAA_s113_7.2.0.dir/__/__/__/mesh/core/src/log.c.obj
                0x00022748                log_vprintf
 .text.log_printf
                0x00022764       0x18 examples/pb_remote/server/CMakeFiles/pb_remote_server_nrf52833_xxAA_s113_7.2.0.dir/__/__/__/mesh/core/src/log.c.obj
                0x00022764                log_printf
 .text.get_area_end
                0x0002277c        0xc examples/pb_remote/server/CMakeFiles/pb_remote_server_nrf52833_xxAA_s113_7.2.0.dir/__/__/__/mesh/core/src/flash_manager.c.obj
 .text.handle_matches_filter
                0x00022788       0x26 examples/pb_remote/server/CMakeFiles/pb_remote_server_nrf52833_xxAA_s113_7.2.0.dir/__/__/__/mesh/core/src/flash_manager.c.obj
 .text.flash_area_is_blank
                0x000227ae       0x2a examples/pb_remote/server/CMakeFiles/pb_remote_server_nrf52833_xxAA_s113_7.2.0.dir/__/__/__/mesh/core/src/flash_manager.c.obj
 .text.get_packet_buffer
                0x000227d8       0x20 examples/pb_remote/server/CMakeFiles/pb_remote_server_nrf52833_xxAA_s113_7.2.0.dir/__/__/__/mesh/core/src/flash_manager.c.obj
 .text.flash    0x000227f8       0x1c examples/pb_remote/server/CMakeFiles/pb_remote_server_nrf52833_xxAA_s113_7.2.0.dir/__/__/__/mesh/core/src/flash_manager.c.obj
 .text.free_packet_buffer
                0x00022814       0x3c examples/pb_remote/server/CMakeFiles/pb_remote_server_nrf52833_xxAA_s113_7.2.0.dir/__/__/__/mesh/core/src/flash_manager.c.obj
 .text.reserve_action_buffer
                0x00022850       0x24 examples/pb_remote/server/CMakeFiles/pb_remote_server_nrf52833_xxAA_s113_7.2.0.dir/__/__/__/mesh/core/src/flash_manager.c.obj
 .text.commit_action_buffer
                0x00022874       0x18 examples/pb_remote/server/CMakeFiles/pb_remote_server_nrf52833_xxAA_s113_7.2.0.dir/__/__/__/mesh/core/src/flash_manager.c.obj
 .text.schedule_processing
                0x0002288c        0xc examples/pb_remote/server/CMakeFiles/pb_remote_server_nrf52833_xxAA_s113_7.2.0.dir/__/__/__/mesh/core/src/flash_manager.c.obj
 .text.get_next_entry
                0x00022898       0x38 examples/pb_remote/server/CMakeFiles/pb_remote_server_nrf52833_xxAA_s113_7.2.0.dir/__/__/__/mesh/core/src/flash_manager.c.obj
 .text.get_last_entry.isra.0
                0x000228d0       0x30 examples/pb_remote/server/CMakeFiles/pb_remote_server_nrf52833_xxAA_s113_7.2.0.dir/__/__/__/mesh/core/src/flash_manager.c.obj
 .text.recover_seal
                0x00022900       0x58 examples/pb_remote/server/CMakeFiles/pb_remote_server_nrf52833_xxAA_s113_7.2.0.dir/__/__/__/mesh/core/src/flash_manager.c.obj
 .text.process_action_queue
                0x00022958      0x410 examples/pb_remote/server/CMakeFiles/pb_remote_server_nrf52833_xxAA_s113_7.2.0.dir/__/__/__/mesh/core/src/flash_manager.c.obj
 .text.flash_op_ended_callback
                0x00022d68       0x24 examples/pb_remote/server/CMakeFiles/pb_remote_server_nrf52833_xxAA_s113_7.2.0.dir/__/__/__/mesh/core/src/flash_manager.c.obj
 .text.flash_manager_init
                0x00022d8c       0x68 examples/pb_remote/server/CMakeFiles/pb_remote_server_nrf52833_xxAA_s113_7.2.0.dir/__/__/__/mesh/core/src/flash_manager.c.obj
                0x00022d8c                flash_manager_init
 .text.flash_manager_remove
                0x00022df4       0x2e examples/pb_remote/server/CMakeFiles/pb_remote_server_nrf52833_xxAA_s113_7.2.0.dir/__/__/__/mesh/core/src/flash_manager.c.obj
                0x00022df4                flash_manager_remove
 .text.flash_manager_entries_read
                0x00022e22       0xf6 examples/pb_remote/server/CMakeFiles/pb_remote_server_nrf52833_xxAA_s113_7.2.0.dir/__/__/__/mesh/core/src/flash_manager.c.obj
                0x00022e22                flash_manager_entries_read
 .text.flash_manager_entry_count_get
                0x00022f18       0x20 examples/pb_remote/server/CMakeFiles/pb_remote_server_nrf52833_xxAA_s113_7.2.0.dir/__/__/__/mesh/core/src/flash_manager.c.obj
                0x00022f18                flash_manager_entry_count_get
 .text.flash_manager_entry_alloc
                0x00022f38       0x72 examples/pb_remote/server/CMakeFiles/pb_remote_server_nrf52833_xxAA_s113_7.2.0.dir/__/__/__/mesh/core/src/flash_manager.c.obj
                0x00022f38                flash_manager_entry_alloc
 *fill*         0x00022faa        0x2 
 .text.flash_manager_entry_commit
                0x00022fac       0x2c examples/pb_remote/server/CMakeFiles/pb_remote_server_nrf52833_xxAA_s113_7.2.0.dir/__/__/__/mesh/core/src/flash_manager.c.obj
                0x00022fac                flash_manager_entry_commit
 .text.flash_manager_entry_invalidate
                0x00022fd8       0x4e examples/pb_remote/server/CMakeFiles/pb_remote_server_nrf52833_xxAA_s113_7.2.0.dir/__/__/__/mesh/core/src/flash_manager.c.obj
                0x00022fd8                flash_manager_entry_invalidate
 *fill*         0x00023026        0x2 
 .text.flash_manager_add
                0x00023028      0x248 examples/pb_remote/server/CMakeFiles/pb_remote_server_nrf52833_xxAA_s113_7.2.0.dir/__/__/__/mesh/core/src/flash_manager.c.obj
                0x00023028                flash_manager_add
 .text.flash_manager_mem_listener_register
                0x00023270       0x30 examples/pb_remote/server/CMakeFiles/pb_remote_server_nrf52833_xxAA_s113_7.2.0.dir/__/__/__/mesh/core/src/flash_manager.c.obj
                0x00023270                flash_manager_mem_listener_register
 .text.flash_manager_is_stable
                0x000232a0       0x20 examples/pb_remote/server/CMakeFiles/pb_remote_server_nrf52833_xxAA_s113_7.2.0.dir/__/__/__/mesh/core/src/flash_manager.c.obj
                0x000232a0                flash_manager_is_stable
 .text.flash_manager_on_defrag_end
                0x000232c0       0x54 examples/pb_remote/server/CMakeFiles/pb_remote_server_nrf52833_xxAA_s113_7.2.0.dir/__/__/__/mesh/core/src/flash_manager.c.obj
                0x000232c0                flash_manager_on_defrag_end
 .text.flash_manager_recovery_page_get
                0x00023314        0x4 examples/pb_remote/server/CMakeFiles/pb_remote_server_nrf52833_xxAA_s113_7.2.0.dir/__/__/__/mesh/core/src/flash_manager.c.obj
                0x00023314                flash_manager_recovery_page_get
 .text.flash_manager_action_queue_empty_cb_set
                0x00023318       0x1c examples/pb_remote/server/CMakeFiles/pb_remote_server_nrf52833_xxAA_s113_7.2.0.dir/__/__/__/mesh/core/src/flash_manager.c.obj
                0x00023318                flash_manager_action_queue_empty_cb_set
 .text.flash_manager_is_building
                0x00023334        0xa examples/pb_remote/server/CMakeFiles/pb_remote_server_nrf52833_xxAA_s113_7.2.0.dir/__/__/__/mesh/core/src/flash_manager.c.obj
                0x00023334                flash_manager_is_building
 .text.flash_manager_is_removing
                0x0002333e        0xa examples/pb_remote/server/CMakeFiles/pb_remote_server_nrf52833_xxAA_s113_7.2.0.dir/__/__/__/mesh/core/src/flash_manager.c.obj
                0x0002333e                flash_manager_is_removing
 .text.utils_xor
                0x00023348       0x14 examples/pb_remote/server/CMakeFiles/pb_remote_server_nrf52833_xxAA_s113_7.2.0.dir/__/__/__/mesh/core/src/ccm_soft.c.obj
 .text.sd_ecb_block_encrypt
                0x0002335c        0x4 examples/pb_remote/server/CMakeFiles/pb_remote_server_nrf52833_xxAA_s113_7.2.0.dir/__/__/__/mesh/core/src/ccm_soft.c.obj
 .text.ccm_soft_crypt
                0x00023360       0x4e examples/pb_remote/server/CMakeFiles/pb_remote_server_nrf52833_xxAA_s113_7.2.0.dir/__/__/__/mesh/core/src/ccm_soft.c.obj
 .text.ccm_soft_authenticate_blocks
                0x000233ae       0x6a examples/pb_remote/server/CMakeFiles/pb_remote_server_nrf52833_xxAA_s113_7.2.0.dir/__/__/__/mesh/core/src/ccm_soft.c.obj
 .text.ccm_soft_authenticate
                0x00023418       0x90 examples/pb_remote/server/CMakeFiles/pb_remote_server_nrf52833_xxAA_s113_7.2.0.dir/__/__/__/mesh/core/src/ccm_soft.c.obj
 .text.ccm_soft_encrypt
                0x000234a8       0x54 examples/pb_remote/server/CMakeFiles/pb_remote_server_nrf52833_xxAA_s113_7.2.0.dir/__/__/__/mesh/core/src/ccm_soft.c.obj
                0x000234a8                ccm_soft_encrypt
 .text.ccm_soft_decrypt
                0x000234fc       0x9c examples/pb_remote/server/CMakeFiles/pb_remote_server_nrf52833_xxAA_s113_7.2.0.dir/__/__/__/mesh/core/src/ccm_soft.c.obj
                0x000234fc                ccm_soft_decrypt
 .text.transport_sar_first_seq_num_get
                0x00023598       0x12 examples/pb_remote/server/CMakeFiles/pb_remote_server_nrf52833_xxAA_s113_7.2.0.dir/__/__/__/mesh/core/src/replay_cache.c.obj
 *fill*         0x000235aa        0x2 
 .text.replay_cache_getter
                0x000235ac       0x30 examples/pb_remote/server/CMakeFiles/pb_remote_server_nrf52833_xxAA_s113_7.2.0.dir/__/__/__/mesh/core/src/replay_cache.c.obj
 .text.seqzero_cache_getter
                0x000235dc       0x30 examples/pb_remote/server/CMakeFiles/pb_remote_server_nrf52833_xxAA_s113_7.2.0.dir/__/__/__/mesh/core/src/replay_cache.c.obj
 .text.seqzero_cache_setter
                0x0002360c       0x30 examples/pb_remote/server/CMakeFiles/pb_remote_server_nrf52833_xxAA_s113_7.2.0.dir/__/__/__/mesh/core/src/replay_cache.c.obj
 .text.iv_index_get.isra.0
                0x0002363c       0x34 examples/pb_remote/server/CMakeFiles/pb_remote_server_nrf52833_xxAA_s113_7.2.0.dir/__/__/__/mesh/core/src/replay_cache.c.obj
 .text.entry_add
                0x00023670       0xf0 examples/pb_remote/server/CMakeFiles/pb_remote_server_nrf52833_xxAA_s113_7.2.0.dir/__/__/__/mesh/core/src/replay_cache.c.obj
 .text.seqauth_is_new
                0x00023760       0x64 examples/pb_remote/server/CMakeFiles/pb_remote_server_nrf52833_xxAA_s113_7.2.0.dir/__/__/__/mesh/core/src/replay_cache.c.obj
 .text.evt_handler
                0x000237c4       0xcc examples/pb_remote/server/CMakeFiles/pb_remote_server_nrf52833_xxAA_s113_7.2.0.dir/__/__/__/mesh/core/src/replay_cache.c.obj
 .text.replay_cache_setter
                0x00023890       0x48 examples/pb_remote/server/CMakeFiles/pb_remote_server_nrf52833_xxAA_s113_7.2.0.dir/__/__/__/mesh/core/src/replay_cache.c.obj
 .text.replay_cache_init
                0x000238d8       0x40 examples/pb_remote/server/CMakeFiles/pb_remote_server_nrf52833_xxAA_s113_7.2.0.dir/__/__/__/mesh/core/src/replay_cache.c.obj
                0x000238d8                replay_cache_init
 .text.replay_cache_enable
                0x00023918       0x1c examples/pb_remote/server/CMakeFiles/pb_remote_server_nrf52833_xxAA_s113_7.2.0.dir/__/__/__/mesh/core/src/replay_cache.c.obj
                0x00023918                replay_cache_enable
 .text.replay_cache_add
                0x00023934        0x6 examples/pb_remote/server/CMakeFiles/pb_remote_server_nrf52833_xxAA_s113_7.2.0.dir/__/__/__/mesh/core/src/replay_cache.c.obj
                0x00023934                replay_cache_add
 *fill*         0x0002393a        0x2 
 .text.replay_cache_seqauth_add
                0x0002393c       0x74 examples/pb_remote/server/CMakeFiles/pb_remote_server_nrf52833_xxAA_s113_7.2.0.dir/__/__/__/mesh/core/src/replay_cache.c.obj
                0x0002393c                replay_cache_seqauth_add
 .text.replay_cache_has_elem
                0x000239b0       0x54 examples/pb_remote/server/CMakeFiles/pb_remote_server_nrf52833_xxAA_s113_7.2.0.dir/__/__/__/mesh/core/src/replay_cache.c.obj
                0x000239b0                replay_cache_has_elem
 .text.replay_cache_has_seqauth
                0x00023a04       0x60 examples/pb_remote/server/CMakeFiles/pb_remote_server_nrf52833_xxAA_s113_7.2.0.dir/__/__/__/mesh/core/src/replay_cache.c.obj
                0x00023a04                replay_cache_has_seqauth
 .text.replay_cache_is_seqauth_last
                0x00023a64       0x94 examples/pb_remote/server/CMakeFiles/pb_remote_server_nrf52833_xxAA_s113_7.2.0.dir/__/__/__/mesh/core/src/replay_cache.c.obj
                0x00023a64                replay_cache_is_seqauth_last
 .text.replay_cache_clear
                0x00023af8       0x34 examples/pb_remote/server/CMakeFiles/pb_remote_server_nrf52833_xxAA_s113_7.2.0.dir/__/__/__/mesh/core/src/replay_cache.c.obj
                0x00023af8                replay_cache_clear
 .text.beacon_packet_in.part.0
                0x00023b2c       0xfc examples/pb_remote/server/CMakeFiles/pb_remote_server_nrf52833_xxAA_s113_7.2.0.dir/__/__/__/mesh/core/src/beacon.c.obj
 .text.beacon_packet_in
                0x00023c28       0x4a examples/pb_remote/server/CMakeFiles/pb_remote_server_nrf52833_xxAA_s113_7.2.0.dir/__/__/__/mesh/core/src/beacon.c.obj
 .text.beacon_create
                0x00023c72       0x4c examples/pb_remote/server/CMakeFiles/pb_remote_server_nrf52833_xxAA_s113_7.2.0.dir/__/__/__/mesh/core/src/beacon.c.obj
                0x00023c72                beacon_create
 *fill*         0x00023cbe        0x2 
 .text.entry_get
                0x00023cc0       0x78 examples/pb_remote/server/CMakeFiles/pb_remote_server_nrf52833_xxAA_s113_7.2.0.dir/__/__/__/mesh/core/src/flash_manager_internal.c.obj
                0x00023cc0                entry_get
 .text.core_tx_complete_cb_set
                0x00023d38        0xc examples/pb_remote/server/CMakeFiles/pb_remote_server_nrf52833_xxAA_s113_7.2.0.dir/__/__/__/mesh/core/src/core_tx.c.obj
                0x00023d38                core_tx_complete_cb_set
 .text.core_tx_packet_alloc
                0x00023d44       0xcc examples/pb_remote/server/CMakeFiles/pb_remote_server_nrf52833_xxAA_s113_7.2.0.dir/__/__/__/mesh/core/src/core_tx.c.obj
                0x00023d44                core_tx_packet_alloc
 .text.core_tx_packet_send
                0x00023e10       0x78 examples/pb_remote/server/CMakeFiles/pb_remote_server_nrf52833_xxAA_s113_7.2.0.dir/__/__/__/mesh/core/src/core_tx.c.obj
                0x00023e10                core_tx_packet_send
 .text.core_tx_packet_discard
                0x00023e88       0x6c examples/pb_remote/server/CMakeFiles/pb_remote_server_nrf52833_xxAA_s113_7.2.0.dir/__/__/__/mesh/core/src/core_tx.c.obj
                0x00023e88                core_tx_packet_discard
 .text.core_tx_complete
                0x00023ef4       0x34 examples/pb_remote/server/CMakeFiles/pb_remote_server_nrf52833_xxAA_s113_7.2.0.dir/__/__/__/mesh/core/src/core_tx.c.obj
                0x00023ef4                core_tx_complete
 .text.core_tx_bearer_add
                0x00023f28       0x74 examples/pb_remote/server/CMakeFiles/pb_remote_server_nrf52833_xxAA_s113_7.2.0.dir/__/__/__/mesh/core/src/core_tx.c.obj
                0x00023f28                core_tx_bearer_add
 .text.hb_pub_deleter
                0x00023f9c       0x28 examples/pb_remote/server/CMakeFiles/pb_remote_server_nrf52833_xxAA_s113_7.2.0.dir/__/__/__/mesh/core/src/heartbeat.c.obj
 .text.hb_pub_getter
                0x00023fc4       0x2c examples/pb_remote/server/CMakeFiles/pb_remote_server_nrf52833_xxAA_s113_7.2.0.dir/__/__/__/mesh/core/src/heartbeat.c.obj
 .text.heartbeat_opcode_handle
                0x00023ff0       0x88 examples/pb_remote/server/CMakeFiles/pb_remote_server_nrf52833_xxAA_s113_7.2.0.dir/__/__/__/mesh/core/src/heartbeat.c.obj
 .text.hb_pub_setter
                0x00024078       0xd0 examples/pb_remote/server/CMakeFiles/pb_remote_server_nrf52833_xxAA_s113_7.2.0.dir/__/__/__/mesh/core/src/heartbeat.c.obj
 .text.heartbeat_subscription_timer_cb
                0x00024148       0x3c examples/pb_remote/server/CMakeFiles/pb_remote_server_nrf52833_xxAA_s113_7.2.0.dir/__/__/__/mesh/core/src/heartbeat.c.obj
 .text.heartbeat_publish
                0x00024184       0xb8 examples/pb_remote/server/CMakeFiles/pb_remote_server_nrf52833_xxAA_s113_7.2.0.dir/__/__/__/mesh/core/src/heartbeat.c.obj
 .text.heartbeat_core_evt_cb
                0x0002423c       0x18 examples/pb_remote/server/CMakeFiles/pb_remote_server_nrf52833_xxAA_s113_7.2.0.dir/__/__/__/mesh/core/src/heartbeat.c.obj
 .text.heartbeat_publication_timer_cb
                0x00024254       0x54 examples/pb_remote/server/CMakeFiles/pb_remote_server_nrf52833_xxAA_s113_7.2.0.dir/__/__/__/mesh/core/src/heartbeat.c.obj
 .text.heartbeat_relay_listener_cb
                0x000242a8       0x48 examples/pb_remote/server/CMakeFiles/pb_remote_server_nrf52833_xxAA_s113_7.2.0.dir/__/__/__/mesh/core/src/heartbeat.c.obj
 .text.heartbeat_init
                0x000242f0       0x58 examples/pb_remote/server/CMakeFiles/pb_remote_server_nrf52833_xxAA_s113_7.2.0.dir/__/__/__/mesh/core/src/heartbeat.c.obj
                0x000242f0                heartbeat_init
 .text.heartbeat_subscription_set
                0x00024348       0xd0 examples/pb_remote/server/CMakeFiles/pb_remote_server_nrf52833_xxAA_s113_7.2.0.dir/__/__/__/mesh/core/src/heartbeat.c.obj
                0x00024348                heartbeat_subscription_set
 .text.heartbeat_subscription_get
                0x00024418        0x8 examples/pb_remote/server/CMakeFiles/pb_remote_server_nrf52833_xxAA_s113_7.2.0.dir/__/__/__/mesh/core/src/heartbeat.c.obj
                0x00024418                heartbeat_subscription_get
 .text.heartbeat_publication_get
                0x00024420        0x8 examples/pb_remote/server/CMakeFiles/pb_remote_server_nrf52833_xxAA_s113_7.2.0.dir/__/__/__/mesh/core/src/heartbeat.c.obj
                0x00024420                heartbeat_publication_get
 .text.heartbeat_publication_set
                0x00024428       0x18 examples/pb_remote/server/CMakeFiles/pb_remote_server_nrf52833_xxAA_s113_7.2.0.dir/__/__/__/mesh/core/src/heartbeat.c.obj
                0x00024428                heartbeat_publication_set
 .text.heartbeat_public_info_getter_register
                0x00024440       0x14 examples/pb_remote/server/CMakeFiles/pb_remote_server_nrf52833_xxAA_s113_7.2.0.dir/__/__/__/mesh/core/src/heartbeat.c.obj
                0x00024440                heartbeat_public_info_getter_register
 .text.beacon_deleter
                0x00024454       0x34 examples/pb_remote/server/CMakeFiles/pb_remote_server_nrf52833_xxAA_s113_7.2.0.dir/__/__/__/mesh/core/src/net_beacon.c.obj
 .text.beacon_getter
                0x00024488       0x24 examples/pb_remote/server/CMakeFiles/pb_remote_server_nrf52833_xxAA_s113_7.2.0.dir/__/__/__/mesh/core/src/net_beacon.c.obj
 .text.beacon_setter
                0x000244ac       0x5c examples/pb_remote/server/CMakeFiles/pb_remote_server_nrf52833_xxAA_s113_7.2.0.dir/__/__/__/mesh/core/src/net_beacon.c.obj
 .text.make_network_beacon_packet
                0x00024508       0x44 examples/pb_remote/server/CMakeFiles/pb_remote_server_nrf52833_xxAA_s113_7.2.0.dir/__/__/__/mesh/core/src/net_beacon.c.obj
 .text.beacon_tx
                0x0002454c      0x188 examples/pb_remote/server/CMakeFiles/pb_remote_server_nrf52833_xxAA_s113_7.2.0.dir/__/__/__/mesh/core/src/net_beacon.c.obj
 .text.tx_complete_cb
                0x000246d4        0xe examples/pb_remote/server/CMakeFiles/pb_remote_server_nrf52833_xxAA_s113_7.2.0.dir/__/__/__/mesh/core/src/net_beacon.c.obj
 .text.beacon_tx_timeout
                0x000246e2        0x4 examples/pb_remote/server/CMakeFiles/pb_remote_server_nrf52833_xxAA_s113_7.2.0.dir/__/__/__/mesh/core/src/net_beacon.c.obj
 .text.is_valid_beacon_pkt.part.0
                0x000246e6       0x30 examples/pb_remote/server/CMakeFiles/pb_remote_server_nrf52833_xxAA_s113_7.2.0.dir/__/__/__/mesh/core/src/net_beacon.c.obj
 *fill*         0x00024716        0x2 
 .text.net_beacon_init
                0x00024718       0x7c examples/pb_remote/server/CMakeFiles/pb_remote_server_nrf52833_xxAA_s113_7.2.0.dir/__/__/__/mesh/core/src/net_beacon.c.obj
                0x00024718                net_beacon_init
 .text.net_beacon_enable
                0x00024794       0x28 examples/pb_remote/server/CMakeFiles/pb_remote_server_nrf52833_xxAA_s113_7.2.0.dir/__/__/__/mesh/core/src/net_beacon.c.obj
                0x00024794                net_beacon_enable
 .text.net_beacon_state_set
                0x000247bc       0x24 examples/pb_remote/server/CMakeFiles/pb_remote_server_nrf52833_xxAA_s113_7.2.0.dir/__/__/__/mesh/core/src/net_beacon.c.obj
                0x000247bc                net_beacon_state_set
 .text.net_beacon_state_get
                0x000247e0       0x24 examples/pb_remote/server/CMakeFiles/pb_remote_server_nrf52833_xxAA_s113_7.2.0.dir/__/__/__/mesh/core/src/net_beacon.c.obj
                0x000247e0                net_beacon_state_get
 .text.net_beacon_packet_in
                0x00024804      0x16c examples/pb_remote/server/CMakeFiles/pb_remote_server_nrf52833_xxAA_s113_7.2.0.dir/__/__/__/mesh/core/src/net_beacon.c.obj
                0x00024804                net_beacon_packet_in
 .text.file_params_find
                0x00024970       0x20 examples/pb_remote/server/CMakeFiles/pb_remote_server_nrf52833_xxAA_s113_7.2.0.dir/__/__/__/mesh/core/src/mesh_config.c.obj
 .text.listeners_notify
                0x00024990       0x50 examples/pb_remote/server/CMakeFiles/pb_remote_server_nrf52833_xxAA_s113_7.2.0.dir/__/__/__/mesh/core/src/mesh_config.c.obj
 .text.entry_flags_get.isra.0
                0x000249e0       0x1c examples/pb_remote/server/CMakeFiles/pb_remote_server_nrf52833_xxAA_s113_7.2.0.dir/__/__/__/mesh/core/src/mesh_config.c.obj
 .text.dirty_entries_process
                0x000249fc       0xf8 examples/pb_remote/server/CMakeFiles/pb_remote_server_nrf52833_xxAA_s113_7.2.0.dir/__/__/__/mesh/core/src/mesh_config.c.obj
 .text.entry_params_find
                0x00024af4       0x38 examples/pb_remote/server/CMakeFiles/pb_remote_server_nrf52833_xxAA_s113_7.2.0.dir/__/__/__/mesh/core/src/mesh_config.c.obj
 .text.backend_evt_handler
                0x00024b2c      0x104 examples/pb_remote/server/CMakeFiles/pb_remote_server_nrf52833_xxAA_s113_7.2.0.dir/__/__/__/mesh/core/src/mesh_config.c.obj
 .text.restore_callback
                0x00024c30       0x98 examples/pb_remote/server/CMakeFiles/pb_remote_server_nrf52833_xxAA_s113_7.2.0.dir/__/__/__/mesh/core/src/mesh_config.c.obj
 .text.mesh_config_init
                0x00024cc8       0xac examples/pb_remote/server/CMakeFiles/pb_remote_server_nrf52833_xxAA_s113_7.2.0.dir/__/__/__/mesh/core/src/mesh_config.c.obj
                0x00024cc8                mesh_config_init
 .text.mesh_config_entry_set
                0x00024d74       0x68 examples/pb_remote/server/CMakeFiles/pb_remote_server_nrf52833_xxAA_s113_7.2.0.dir/__/__/__/mesh/core/src/mesh_config.c.obj
                0x00024d74                mesh_config_entry_set
 .text.mesh_config_entry_get
                0x00024ddc       0x3c examples/pb_remote/server/CMakeFiles/pb_remote_server_nrf52833_xxAA_s113_7.2.0.dir/__/__/__/mesh/core/src/mesh_config.c.obj
                0x00024ddc                mesh_config_entry_get
 .text.mesh_config_entry_delete
                0x00024e18       0x4a examples/pb_remote/server/CMakeFiles/pb_remote_server_nrf52833_xxAA_s113_7.2.0.dir/__/__/__/mesh/core/src/mesh_config.c.obj
                0x00024e18                mesh_config_entry_delete
 *fill*         0x00024e62        0x2 
 .text.mesh_config_file_clear