Component: ARM Compiler 5.06 update 1 (build 61) Tool: armlink [4d35a8]

==============================================================================

Section Cross References

    main.o(.text) refers to rt_memcpy_w.o(.text) for __aeabi_memcpy4
    main.o(.text) refers to mesh_stack.o(.text) for mesh_stack_init
    main.o(.text) refers to app_error_handler_keil.o(.emb_text) for app_error_handler
    main.o(.text) refers to log.o(.text) for log_printf
    main.o(.text) refers to prov_utils.o(.text) for mesh_opt_prov_ecdh_offloading_set
    main.o(.text) refers to nrf_mesh_serial.o(.text) for nrf_mesh_serial_init
    main.o(.text) refers to app_timer_mesh.o(.text) for app_timer_init
    main.o(.text) refers to simple_hal.o(.text) for hal_leds_init
    main.o(.text) refers to ble_softdevice_support.o(.text) for ble_stack_init
    main.o(.text) refers to nrf_mesh_configure.o(.text) for nrf_mesh_configure_device_uuid_get
    main.o(.text) refers to mesh_app_utils.o(.text) for mesh_app_uuid_print
    main.o(.text) refers to main.o(.constdata) for .constdata
    main.o(.text) refers to main.o(.data) for .data
    main.o(.text) refers to log.o(.data) for g_log_dbg_msk
    main.o(.text) refers to main.o(.conststring) for .conststring
    mesh_stack.o(.text) refers to rt_memcpy_w.o(.text) for __aeabi_memcpy4
    mesh_stack.o(.text) refers to event.o(.text) for event_handle
    mesh_stack.o(.text) refers to bearer_handler.o(.text) for bearer_handler_force_mode_disable
    mesh_stack.o(.text) refers to nrf_mesh.o(.text) for nrf_mesh_disable
    mesh_stack.o(.text) refers to assertion_handler_weak.o(.text) for mesh_assertion_handler
    mesh_stack.o(.text) refers to device_state_manager.o(.text) for nrf_mesh_is_device_provisioned
    mesh_stack.o(.text) refers to mesh_opt.o(.text) for mesh_opt_clear
    mesh_stack.o(.text) refers to access.o(.text) for access_clear
    mesh_stack.o(.text) refers to net_state.o(.text) for net_state_reset
    mesh_stack.o(.text) refers to replay_cache.o(.text) for replay_cache_clear
    mesh_stack.o(.text) refers to config_server.o(.text) for config_server_init
    mesh_stack.o(.text) refers to health_server.o(.text) for health_server_init
    mesh_stack.o(.text) refers to mesh_config.o(.text) for mesh_config_load
    mesh_stack.o(.text) refers to log.o(.text) for log_printf
    mesh_stack.o(.text) refers to hal.o(.text) for hal_device_reset
    mesh_stack.o(.text) refers to scanner.o(.text) for scanner_disable
    mesh_stack.o(.text) refers to timer_scheduler.o(.text) for timer_sch_stop
    mesh_stack.o(.text) refers to mesh_stack.o(.constdata) for .constdata
    mesh_stack.o(.text) refers to mesh_stack.o(.data) for .data
    mesh_stack.o(.text) refers to mesh_stack.o(.bss) for .bss
    mesh_stack.o(.text) refers to log.o(.data) for g_log_dbg_msk
    mesh_stack.o(.data) refers to mesh_stack.o(.text) for load_monitor
    simple_hal.o(.text) refers to timer.o(.text) for timer_now
    simple_hal.o(.text) refers to nrfx_gpiote.o(.text) for nrfx_gpiote_out_clear
    simple_hal.o(.text) refers to app_error.o(.text) for app_error_handler_bare
    simple_hal.o(.text) refers to app_timer_mesh.o(.text) for app_timer_stop
    simple_hal.o(.text) refers to lludivv7m.o(.text) for __aeabi_uldivmod
    simple_hal.o(.text) refers to simple_hal.o(.data) for .data
    simple_hal.o(.text) refers to simple_hal.o(.constdata) for .constdata
    simple_hal.o(.constdata) refers to simple_hal.o(.bss) for m_blink_timer_data
    nrfx_gpiote.o(.text) refers to nrfx_gpiote.o(.bss) for .bss
    nrfx_gpiote.o(.text) refers to nrfx_gpiote.o(.constdata) for .constdata
    mesh_app_utils.o(.text) refers to log.o(.text) for log_printf
    mesh_app_utils.o(.text) refers to mesh_app_utils.o(.rev16_text) for __asm___16_mesh_app_utils_c_72fc5aff____REV16
    mesh_app_utils.o(.text) refers to log.o(.data) for g_log_dbg_msk
    mesh_app_utils.o(.text) refers to log.o(.data) for g_log_hex_digits
    mesh_adv.o(.text) refers to rt_memclr_w.o(.text) for __aeabi_memclr4
    mesh_adv.o(.text) refers to ble_advdata.o(.text) for ble_advdata_encode
    mesh_adv.o(.text) refers to app_error.o(.text) for app_error_handler_bare
    mesh_adv.o(.text) refers to timeslot.o(.text) for timeslot_restart
    mesh_adv.o(.text) refers to mesh_adv.o(.bss) for .bss
    mesh_adv.o(.text) refers to mesh_adv.o(.data) for .data
    mesh_adv.o(.text) refers to mesh_adv.o(.constdata) for .constdata
    ble_softdevice_support.o(.text) refers to nrf_mesh.o(.text) for nrf_mesh_on_sd_evt
    ble_softdevice_support.o(.text) refers to nrf_sdh.o(.text) for nrf_sdh_enable_request
    ble_softdevice_support.o(.text) refers to app_error.o(.text) for app_error_handler_bare
    ble_softdevice_support.o(.text) refers to log.o(.text) for log_printf
    ble_softdevice_support.o(.text) refers to log.o(.data) for g_log_dbg_msk
    ble_softdevice_support.o(sdh_soc_observers0) refers to ble_softdevice_support.o(.text) for on_sd_evt
[...]
    core_tx_bearer_add                       0x00039d7d   Thumb Code   114  core_tx.o(.text)
    heartbeat_init                           0x0003a06f   Thumb Code    62  heartbeat.o(.text)
    heartbeat_subscription_set               0x0003a0ad   Thumb Code   194  heartbeat.o(.text)
    heartbeat_subscription_get               0x0003a16f   Thumb Code     4  heartbeat.o(.text)
    heartbeat_publication_get                0x0003a173   Thumb Code     6  heartbeat.o(.text)
    heartbeat_publication_set                0x0003a179   Thumb Code    18  heartbeat.o(.text)
    heartbeat_public_info_getter_register    0x0003a18b   Thumb Code    16  heartbeat.o(.text)
    net_beacon_init                          0x0003a47b   Thumb Code    90  net_beacon.o(.text)
    net_beacon_enable                        0x0003a4d5   Thumb Code    32  net_beacon.o(.text)
    net_beacon_state_set                     0x0003a4f5   Thumb Code    24  net_beacon.o(.text)
    net_beacon_state_get                     0x0003a50d   Thumb Code    26  net_beacon.o(.text)
    net_beacon_build                         0x0003a527   Thumb Code    34  net_beacon.o(.text)
    net_beacon_packet_in                     0x0003a549   Thumb Code   248  net_beacon.o(.text)
    mesh_config_init                         0x0003a7eb   Thumb Code    28  mesh_config.o(.text)
    mesh_config_file_clear                   0x0003a807   Thumb Code   102  mesh_config.o(.text)
    mesh_config_load                         0x0003a86d   Thumb Code    68  mesh_config.o(.text)
    mesh_config_is_busy                      0x0003a8b1   Thumb Code    18  mesh_config.o(.text)
    mesh_config_power_down                   0x0003a8c3   Thumb Code    42  mesh_config.o(.text)
    mesh_config_entry_available_id           0x0003a8ed   Thumb Code    54  mesh_config.o(.text)
    mesh_config_entry_set                    0x0003a923   Thumb Code    96  mesh_config.o(.text)
    mesh_config_entry_get                    0x0003a983   Thumb Code    60  mesh_config.o(.text)
    mesh_config_entry_delete                 0x0003a9bf   Thumb Code    74  mesh_config.o(.text)
    mesh_config_power_down_time_get          0x0003aa09   Thumb Code     4  mesh_config.o(.text)
    mesh_config_clear                        0x0003aa0d   Thumb Code    26  mesh_config.o(.text)
    mesh_config_backend_init                 0x0003ab2b   Thumb Code   256  mesh_config_backend.o(.text)
    mesh_config_backend_store                0x0003ac2b   Thumb Code    74  mesh_config_backend.o(.text)
    mesh_config_backend_erase                0x0003ac75   Thumb Code    48  mesh_config_backend.o(.text)
    mesh_config_backend_read                 0x0003aca5   Thumb Code    84  mesh_config_backend.o(.text)
    mesh_config_backend_read_all             0x0003acf9   Thumb Code    46  mesh_config_backend.o(.text)
    mesh_config_backend_power_down_time_get  0x0003ad27   Thumb Code     6  mesh_config_backend.o(.text)
    mesh_config_backend_glue_init            0x0003aee1   Thumb Code    24  mesh_config_flashman_glue.o(.text)
    mesh_config_backend_file_create          0x0003aef9   Thumb Code   122  mesh_config_flashman_glue.o(.text)
    mesh_config_backend_file_clean           0x0003af73   Thumb Code     2  mesh_config_flashman_glue.o(.text)
    mesh_config_backend_record_write         0x0003af75   Thumb Code    42  mesh_config_flashman_glue.o(.text)
    mesh_config_backend_record_erase         0x0003af9f   Thumb Code    44  mesh_config_flashman_glue.o(.text)
    mesh_config_backend_record_read          0x0003afcb   Thumb Code    50  mesh_config_flashman_glue.o(.text)
    mesh_config_backend_records_read         0x0003affd   Thumb Code    42  mesh_config_flashman_glue.o(.text)
    mesh_config_record_size_calculate        0x0003b027   Thumb Code    10  mesh_config_flashman_glue.o(.text)
    mesh_config_backend_flash_usage_get      0x0003b031   Thumb Code    32  mesh_config_flashman_glue.o(.text)
    mesh_config_backend_file_power_down_time_get 0x0003b051   Thumb Code    46  mesh_config_flashman_glue.o(.text)
    mesh_config_backend_power_down           0x0003b07f   Thumb Code     4  mesh_config_flashman_glue.o(.text)
    mesh_config_backend_is_there_power_down_place 0x0003b083   Thumb Code    30  mesh_config_flashman_glue.o(.text)
    core_tx_local_init                       0x0003b227   Thumb Code    36  core_tx_local.o(.text)
    emergency_cache_item_store               0x0003b263   Thumb Code    48  emergency_cache.o(.text)
    emergency_cache_item_init                0x0003b293   Thumb Code     8  emergency_cache.o(.text)
    mesh_opt_core_adv_set                    0x0003b56d   Thumb Code    26  core_tx_adv.o(.text)
    mesh_opt_core_adv_get                    0x0003b587   Thumb Code    26  core_tx_adv.o(.text)
    mesh_opt_core_adv_delete                 0x0003b5a1   Thumb Code    26  core_tx_adv.o(.text)
    mesh_opt_core_adv_addr_set               0x0003b5bb   Thumb Code    26  core_tx_adv.o(.text)
    mesh_opt_core_adv_addr_get               0x0003b5d5   Thumb Code    26  core_tx_adv.o(.text)
    mesh_opt_core_adv_addr_delete            0x0003b5ef   Thumb Code    26  core_tx_adv.o(.text)
    mesh_opt_core_tx_power_set               0x0003b609   Thumb Code    32  core_tx_adv.o(.text)
    mesh_opt_core_tx_power_get               0x0003b629   Thumb Code    26  core_tx_adv.o(.text)
    mesh_opt_core_tx_power_delete            0x0003b643   Thumb Code    26  core_tx_adv.o(.text)
    core_tx_adv_init                         0x0003b65d   Thumb Code    96  core_tx_adv.o(.text)
    core_tx_adv_is_enabled                   0x0003b6bd   Thumb Code    28  core_tx_adv.o(.text)
    mesh_mem_init                            0x0003b6dd   Thumb Code     2  mesh_mem_stdlib.o(.text)
    mesh_mem_alloc                           0x0003b6df   Thumb Code     4  mesh_mem_stdlib.o(.text)
    mesh_mem_free                            0x0003b6e3   Thumb Code     4  mesh_mem_stdlib.o(.text)
    mesh_mem_calloc                          0x0003b6e7   Thumb Code     4  mesh_mem_stdlib.o(.text)
    ad_listener_init                         0x0003b6ed   Thumb Code    76  ad_listener.o(.text)
    ad_listener_process                      0x0003b739   Thumb Code    78  ad_listener.o(.text)
    bearer_adtype_filtering_set              0x0003b803   Thumb Code    22  ad_type_filter.o(.text)
    bearer_adtype_add                        0x0003b819   Thumb Code    28  ad_type_filter.o(.text)
    bearer_adtype_remove                     0x0003b835   Thumb Code    28  ad_type_filter.o(.text)
    bearer_adtype_clear                      0x0003b851   Thumb Code    10  ad_type_filter.o(.text)
    bearer_adtype_mode_set                   0x0003b85b   Thumb Code    22  ad_type_filter.o(.text)
    bearer_invalid_length_amount_get         0x0003b871   Thumb Code     6  ad_type_filter.o(.text)
    bearer_adtype_filtered_amount_get        0x0003b877   Thumb Code     6  ad_type_filter.o(.text)
    advertiser_address_default_get           0x0003b961   Thumb Code    78  advertiser.o(.text)
    advertiser_init                          0x0003b9d3   Thumb Code     6  advertiser.o(.text)
    advertiser_instance_init                 0x0003b9d9   Thumb Code   156  advertiser.o(.text)
    advertiser_enable                        0x0003ba75   Thumb Code    50  advertiser.o(.text)
    advertiser_disable                       0x0003baa7   Thumb Code    10  advertiser.o(.text)
    advertiser_packet_alloc                  0x0003bab1   Thumb Code   112  advertiser.o(.text)
    advertiser_packet_send                   0x0003bb21   Thumb Code    86  advertiser.o(.text)
    advertiser_packet_discard                0x0003bb77   Thumb Code    30  advertiser.o(.text)
    advertiser_interval_set                  0x0003bb95   Thumb Code    80  advertiser.o(.text)
    advertiser_address_set                   0x0003bbe5   Thumb Code    78  advertiser.o(.text)
    advertiser_channels_set                  0x0003bc33   Thumb Code    94  advertiser.o(.text)
    advertiser_config_set                    0x0003bc91   Thumb Code    84  advertiser.o(.text)
    advertiser_config_get                    0x0003bce5   Thumb Code    32  advertiser.o(.text)
    advertiser_tx_power_set                  0x0003bd05   Thumb Code    20  advertiser.o(.text)
    advertiser_flush                         0x0003bd19   Thumb Code    36  advertiser.o(.text)
    TIMER2_IRQHandler                        0x0003bf71   Thumb Code    68  bearer_handler.o(.text)
    bearer_handler_init                      0x0003bfb5   Thumb Code    34  bearer_handler.o(.text)
    bearer_handler_wake_up                   0x0003bfd7   Thumb Code    44  bearer_handler.o(.text)
    bearer_handler_start                     0x0003c003   Thumb Code    28  bearer_handler.o(.text)
    bearer_handler_stop                      0x0003c01f   Thumb Code    56  bearer_handler.o(.text)
    bearer_handler_action_enqueue            0x0003c057   Thumb Code    88  bearer_handler.o(.text)
    bearer_handler_action_fire               0x0003c0af   Thumb Code    88  bearer_handler.o(.text)
    bearer_handler_action_end                0x0003c107   Thumb Code    54  bearer_handler.o(.text)
    bearer_handler_radio_irq_handler         0x0003c13d   Thumb Code    92  bearer_handler.o(.text)
    bearer_handler_timer_irq_handler         0x0003c199   Thumb Code    44  bearer_handler.o(.text)
    bearer_handler_on_ts_begin               0x0003c1c5   Thumb Code    46  bearer_handler.o(.text)
    bearer_handler_on_ts_end                 0x0003c1f3   Thumb Code   102  bearer_handler.o(.text)
    bearer_handler_on_ts_session_closed      0x0003c259   Thumb Code    14  bearer_handler.o(.text)
    bearer_handler_force_mode_enable         0x0003c267   Thumb Code     8  bearer_handler.o(.text)
    bearer_handler_force_mode_disable        0x0003c26f   Thumb Code     8  bearer_handler.o(.text)
    broadcast_send                           0x0003c48f   Thumb Code    94  broadcast.o(.text)
    fen_filter_start                         0x0003c525   Thumb Code    56  filter_engine.o(.text)
    fen_filter_stop                          0x0003c55d   Thumb Code    46  filter_engine.o(.text)
    fen_filters_apply                        0x0003c58b   Thumb Code    76  filter_engine.o(.text)
    fen_accepted_amount_get                  0x0003c5d7   Thumb Code    26  filter_engine.o(.text)
    radio_config_reset                       0x0003c5f5   Thumb Code    54  radio_config.o(.text)
    radio_config_channel_set                 0x0003c62b   Thumb Code    32  radio_config.o(.text)
    radio_config_config                      0x0003c64b   Thumb Code   136  radio_config.o(.text)
    radio_config_access_addr_set             0x0003c6d3   Thumb Code    76  radio_config.o(.text)
    radio_config_access_addr_get             0x0003c71f   Thumb Code    82  radio_config.o(.text)
    scanner_radio_start                      0x0003c9a5   Thumb Code    36  scanner.o(.text)
    scanner_radio_stop                       0x0003c9c9   Thumb Code     8  scanner.o(.text)
    scanner_radio_irq_handler                0x0003c9d1   Thumb Code    32  scanner.o(.text)
    scanner_timer_irq_handler                0x0003c9f1   Thumb Code    42  scanner.o(.text)
    scanner_config_scan_time_set             0x0003ca6d   Thumb Code    66  scanner.o(.text)
    scanner_config_radio_mode_set            0x0003caaf   Thumb Code    12  scanner.o(.text)
    scanner_config_access_addresses_set      0x0003cabb   Thumb Code    48  scanner.o(.text)
    scanner_config_channels_set              0x0003caeb   Thumb Code   100  scanner.o(.text)
    scanner_config_reset                     0x0003cb4f   Thumb Code   102  scanner.o(.text)
    scanner_init                             0x0003cbb5   Thumb Code    70  scanner.o(.text)
    scanner_rx_callback_set                  0x0003cbfb   Thumb Code    26  scanner.o(.text)
    scanner_enable                           0x0003cc15   Thumb Code    38  scanner.o(.text)
    scanner_disable                          0x0003cc3b   Thumb Code    48  scanner.o(.text)
    scanner_is_enabled                       0x0003cc6b   Thumb Code    16  scanner.o(.text)
    scanner_packet_release                   0x0003cc7b   Thumb Code    38  scanner.o(.text)
    scanner_rx                               0x0003cca1   Thumb Code    48  scanner.o(.text)
    scanner_stats_get                        0x0003ccd1   Thumb Code     6  scanner.o(.text)
    scanner_rx_pending                       0x0003ccd7   Thumb Code     8  scanner.o(.text)
    mesh_pa_lna_gpiote_enable                0x0003cdb1   Thumb Code   104  mesh_pa_lna.o(.text)
    mesh_pa_lna_cleanup                      0x0003ce19   Thumb Code    60  mesh_pa_lna.o(.text)
    mesh_pa_lna_gpiote_disable               0x0003ce55   Thumb Code    34  mesh_pa_lna.o(.text)
    mesh_pa_lna_gpiote_params_get            0x0003ce77   Thumb Code    12  mesh_pa_lna.o(.text)
    mesh_pa_setup_start                      0x0003ce83   Thumb Code    52  mesh_pa_lna.o(.text)
    mesh_lna_setup_start                     0x0003ceb7   Thumb Code    54  mesh_pa_lna.o(.text)
    mesh_pa_lna_disable_start                0x0003ceed   Thumb Code    22  mesh_pa_lna.o(.text)
    mesh_pa_lna_setup_stop                   0x0003cf03   Thumb Code    54  mesh_pa_lna.o(.text)
    RTC1_IRQHandler                          0x0003d137   Thumb Code    72  app_timer_mesh.o(.text)
    SWI0_EGU0_IRQHandler                     0x0003d17f   Thumb Code     4  app_timer_mesh.o(.text)
    app_timer_init                           0x0003d183   Thumb Code   158  app_timer_mesh.o(.text)
    app_timer_create                         0x0003d221   Thumb Code    32  app_timer_mesh.o(.text)
    app_timer_start                          0x0003d241   Thumb Code   130  app_timer_mesh.o(.text)
    app_timer_stop                           0x0003d2c3   Thumb Code    24  app_timer_mesh.o(.text)
    app_timer_stop_all                       0x0003d2db   Thumb Code    16  app_timer_mesh.o(.text)
    app_timer_cnt_get                        0x0003d2eb   Thumb Code     8  app_timer_mesh.o(.text)
    app_timer_cnt_diff_compute               0x0003d2f3   Thumb Code     8  app_timer_mesh.o(.text)
    app_timer_pause                          0x0003d2fb   Thumb Code     8  app_timer_mesh.o(.text)
    app_timer_resume                         0x0003d303   Thumb Code     8  app_timer_mesh.o(.text)
    is_app_timer_init                        0x0003d30b   Thumb Code     6  app_timer_mesh.o(.text)
    app_timer_workaround_apply               0x0003d56f   Thumb Code    52  app_timer_workaround.o(.text)
    SystemCoreClockUpdate                    0x0003d5e1   Thumb Code     8  system_nrf52.o(.text)
    SystemInit                               0x0003d5e9   Thumb Code   754  system_nrf52.o(.text)
    Reset_Handler                            0x0003d925   Thumb Code     8  arm_startup_nrf52.o(.text)
    NMI_Handler                              0x0003d92d   Thumb Code     2  arm_startup_nrf52.o(.text)
    HardFault_Handler                        0x0003d92f   Thumb Code     2  arm_startup_nrf52.o(.text)
    MemoryManagement_Handler                 0x0003d931   Thumb Code     2  arm_startup_nrf52.o(.text)
    BusFault_Handler                         0x0003d933   Thumb Code     2  arm_startup_nrf52.o(.text)
    UsageFault_Handler                       0x0003d935   Thumb Code     2  arm_startup_nrf52.o(.text)
    SVC_Handler                              0x0003d937   Thumb Code     2  arm_startup_nrf52.o(.text)
    DebugMon_Handler                         0x0003d939   Thumb Code     2  arm_startup_nrf52.o(.text)
    PendSV_Handler                           0x0003d93b   Thumb Code     2  arm_startup_nrf52.o(.text)
    SysTick_Handler                          0x0003d93d   Thumb Code     2  arm_startup_nrf52.o(.text)
    CCM_AAR_IRQHandler                       0x0003d93f   Thumb Code     0  arm_startup_nrf52.o(.text)
    COMP_LPCOMP_IRQHandler                   0x0003d93f   Thumb Code     0  arm_startup_nrf52.o(.text)
    ECB_IRQHandler                           0x0003d93f   Thumb Code     0  arm_startup_nrf52.o(.text)
    FPU_IRQHandler                           0x0003d93f   Thumb Code     0  arm_startup_nrf52.o(.text)
    I2S_IRQHandler                           0x0003d93f   Thumb Code     0  arm_startup_nrf52.o(.text)
    MWU_IRQHandler                           0x0003d93f   Thumb Code     0  arm_startup_nrf52.o(.text)
    NFCT_IRQHandler                          0x0003d93f   Thumb Code     0  arm_startup_nrf52.o(.text)
    PDM_IRQHandler                           0x0003d93f   Thumb Code     0  arm_startup_nrf52.o(.text)
    POWER_CLOCK_IRQHandler                   0x0003d93f   Thumb Code     0  arm_startup_nrf52.o(.text)
    PWM0_IRQHandler                          0x0003d93f   Thumb Code     0  arm_startup_nrf52.o(.text)
    PWM1_IRQHandler                          0x0003d93f   Thumb Code     0  arm_startup_nrf52.o(.text)
    PWM2_IRQHandler                          0x0003d93f   Thumb Code     0  arm_startup_nrf52.o(.text)
    RADIO_IRQHandler                         0x0003d93f   Thumb Code     0  arm_startup_nrf52.o(.text)
    RNG_IRQHandler                           0x0003d93f   Thumb Code     0  arm_startup_nrf52.o(.text)
    RTC0_IRQHandler                          0x0003d93f   Thumb Code     0  arm_startup_nrf52.o(.text)
    RTC2_IRQHandler                          0x0003d93f   Thumb Code     0  arm_startup_nrf52.o(.text)
    SAADC_IRQHandler                         0x0003d93f   Thumb Code     0  arm_startup_nrf52.o(.text)
    SPIM0_SPIS0_TWIM0_TWIS0_SPI0_TWI0_IRQHandler 0x0003d93f   Thumb Code     0  arm_startup_nrf52.o(.text)
    SPIM1_SPIS1_TWIM1_TWIS1_SPI1_TWI1_IRQHandler 0x0003d93f   Thumb Code     0  arm_startup_nrf52.o(.text)
    SPIM2_SPIS2_SPI2_IRQHandler              0x0003d93f   Thumb Code     0  arm_startup_nrf52.o(.text)
    SWI1_EGU1_IRQHandler                     0x0003d93f   Thumb Code     0  arm_startup_nrf52.o(.text)
    SWI3_EGU3_IRQHandler                     0x0003d93f   Thumb Code     0  arm_startup_nrf52.o(.text)
    SWI4_EGU4_IRQHandler                     0x0003d93f   Thumb Code     0  arm_startup_nrf52.o(.text)
    SWI5_EGU5_IRQHandler                     0x0003d93f   Thumb Code     0  arm_startup_nrf52.o(.text)
    TEMP_IRQHandler                          0x0003d93f   Thumb Code     0  arm_startup_nrf52.o(.text)
    TIMER0_IRQHandler                        0x0003d93f   Thumb Code     0  arm_startup_nrf52.o(.text)
    TIMER1_IRQHandler                        0x0003d93f   Thumb Code     0  arm_startup_nrf52.o(.text)
    TIMER3_IRQHandler                        0x0003d93f   Thumb Code     0  arm_startup_nrf52.o(.text)
    TIMER4_IRQHandler                        0x0003d93f   Thumb Code     0  arm_startup_nrf52.o(.text)
    WDT_IRQHandler                           0x0003d93f   Thumb Code     0  arm_startup_nrf52.o(.text)
    __user_initial_stackheap                 0x0003d941   Thumb Code    10  arm_startup_nrf52.o(.text)
    app_error_handler_bare                   0x0003d965   Thumb Code    22  app_error.o(.text)
    app_error_save_and_stop                  0x0003d97b   Thumb Code    94  app_error.o(.text)
    uECC_set_rng                             0x0003d9e9   Thumb Code     6  uECC.o(.text)
    uECC_get_rng                             0x0003d9ef   Thumb Code     6  uECC.o(.text)
    uECC_curve_private_key_size              0x0003d9f5   Thumb Code    16  uECC.o(.text)
    uECC_curve_public_key_size               0x0003da05   Thumb Code     8  uECC.o(.text)
    uECC_secp256r1                           0x0003dfe9   Thumb Code     6  uECC.o(.text)
    uECC_make_key                            0x0003e667   Thumb Code   128  uECC.o(.text)
    uECC_shared_secret                       0x0003e6e7   Thumb Code   188  uECC.o(.text)
    uECC_valid_point                         0x0003e7a3   Thumb Code    96  uECC.o(.text)
    uECC_valid_public_key                    0x0003e803   Thumb Code    52  uECC.o(.text)
    uECC_compute_public_key                  0x0003e837   Thumb Code   140  uECC.o(.text)
    uECC_sign                                0x0003eacb   Thumb Code    84  uECC.o(.text)
    uECC_sign_deterministic                  0x0003ebc1   Thumb Code   368  uECC.o(.text)
    uECC_verify                              0x0003ed31   Thumb Code   674  uECC.o(.text)
    SEGGER_RTT_ReadNoLock                    0x0003f2a9   Thumb Code   114  SEGGER_RTT.o(.text)
    SEGGER_RTT_Read                          0x0003f31b   Thumb Code    24  SEGGER_RTT.o(.text)
    SEGGER_RTT_WriteWithOverwriteNoLock      0x0003f333   Thumb Code   142  SEGGER_RTT.o(.text)
    SEGGER_RTT_WriteSkipNoLock               0x0003f3c1   Thumb Code   108  SEGGER_RTT.o(.text)
    SEGGER_RTT_WriteNoLock                   0x0003f42d   Thumb Code    86  SEGGER_RTT.o(.text)
    SEGGER_RTT_Write                         0x0003f483   Thumb Code    48  SEGGER_RTT.o(.text)
    SEGGER_RTT_WriteString                   0x0003f4b3   Thumb Code    24  SEGGER_RTT.o(.text)
    SEGGER_RTT_PutCharSkipNoLock             0x0003f4cb   Thumb Code    48  SEGGER_RTT.o(.text)
    SEGGER_RTT_PutCharSkip                   0x0003f4fb   Thumb Code    76  SEGGER_RTT.o(.text)
    SEGGER_RTT_PutChar                       0x0003f547   Thumb Code   118  SEGGER_RTT.o(.text)
    SEGGER_RTT_GetKey                        0x0003f5bd   Thumb Code    28  SEGGER_RTT.o(.text)
    SEGGER_RTT_WaitKey                       0x0003f5d9   Thumb Code    12  SEGGER_RTT.o(.text)
    SEGGER_RTT_HasKey                        0x0003f5e5   Thumb Code    28  SEGGER_RTT.o(.text)
    SEGGER_RTT_HasData                       0x0003f601   Thumb Code    18  SEGGER_RTT.o(.text)
    SEGGER_RTT_HasDataUp                     0x0003f613   Thumb Code    18  SEGGER_RTT.o(.text)
    SEGGER_RTT_AllocDownBuffer               0x0003f625   Thumb Code    96  SEGGER_RTT.o(.text)
    SEGGER_RTT_AllocUpBuffer                 0x0003f685   Thumb Code    96  SEGGER_RTT.o(.text)
    SEGGER_RTT_ConfigUpBuffer                0x0003f6e5   Thumb Code    46  SEGGER_RTT.o(.text)
    SEGGER_RTT_ConfigDownBuffer              0x0003f713   Thumb Code    46  SEGGER_RTT.o(.text)
    SEGGER_RTT_SetNameUpBuffer               0x0003f741   Thumb Code    58  SEGGER_RTT.o(.text)
    SEGGER_RTT_SetNameDownBuffer             0x0003f77b   Thumb Code    58  SEGGER_RTT.o(.text)
    SEGGER_RTT_SetFlagsUpBuffer              0x0003f7b5   Thumb Code    58  SEGGER_RTT.o(.text)
    SEGGER_RTT_SetFlagsDownBuffer            0x0003f7ef   Thumb Code    58  SEGGER_RTT.o(.text)
    SEGGER_RTT_Init                          0x0003f829   Thumb Code     2  SEGGER_RTT.o(.text)
    SEGGER_RTT_SetTerminal                   0x0003f82b   Thumb Code   132  SEGGER_RTT.o(.text)
    SEGGER_RTT_TerminalOut                   0x0003f8af   Thumb Code   170  SEGGER_RTT.o(.text)
    SEGGER_RTT_vprintf                       0x0003fa97   Thumb Code   382  SEGGER_RTT_printf.o(.text)
    SEGGER_RTT_printf                        0x0003fc15   Thumb Code    22  SEGGER_RTT_printf.o(.text)
    calloc                                   0x0003fcf5   Thumb Code    40  calloc.o(.text)
    malloc                                   0x0003fd1d   Thumb Code    94  h1_alloc.o(.text)
    free                                     0x0003fd7b   Thumb Code    78  h1_free.o(.text)
    __aeabi_uldivmod                         0x0003fdc9   Thumb Code     0  lludivv7m.o(.text)
    _ll_udiv                                 0x0003fdc9   Thumb Code   238  lludivv7m.o(.text)
    __aeabi_llsl                             0x0003feb7   Thumb Code     0  llshl.o(.text)
    _ll_shift_l                              0x0003feb7   Thumb Code    38  llshl.o(.text)
    memcmp                                   0x0003fedd   Thumb Code    88  memcmp.o(.text)
    strcpy                                   0x0003ff35   Thumb Code    72  strcpy.o(.text)
    strlen                                   0x0003ff7d   Thumb Code    62  strlen.o(.text)
    __aeabi_memcpy                           0x0003ffbb   Thumb Code     0  rt_memcpy_v6.o(.text)
    __rt_memcpy                              0x0003ffbb   Thumb Code   138  rt_memcpy_v6.o(.text)
    _memcpy_lastbytes                        0x00040021   Thumb Code     0  rt_memcpy_v6.o(.text)
    __aeabi_memcpy4                          0x00040045   Thumb Code     0  rt_memcpy_w.o(.text)
    __aeabi_memcpy8                          0x00040045   Thumb Code     0  rt_memcpy_w.o(.text)
    __rt_memcpy_w                            0x00040045   Thumb Code   100  rt_memcpy_w.o(.text)
    _memcpy_lastbytes_aligned                0x0004008d   Thumb Code     0  rt_memcpy_w.o(.text)
    __aeabi_memclr                           0x000400a9   Thumb Code     0  rt_memclr.o(.text)
    __rt_memclr                              0x000400a9   Thumb Code    68  rt_memclr.o(.text)
    _memset                                  0x000400ad   Thumb Code     0  rt_memclr.o(.text)
    __aeabi_memclr4                          0x000400ed   Thumb Code     0  rt_memclr_w.o(.text)
    __aeabi_memclr8                          0x000400ed   Thumb Code     0  rt_memclr_w.o(.text)
    __rt_memclr_w                            0x000400ed   Thumb Code    78  rt_memclr_w.o(.text)
    _memset_w                                0x000400f1   Thumb Code     0  rt_memclr_w.o(.text)
    __use_two_region_memory                  0x0004013b   Thumb Code     2  heapauxi.o(.text)
    __rt_heap_escrow                         0x0004013d   Thumb Code     2  heapauxi.o(.text)
    __rt_heap_expand                         0x0004013f   Thumb Code     2  heapauxi.o(.text)
    __rt_heap_descriptor                     0x00040141   Thumb Code     8  rt_heap_descriptor_intlibspace.o(.text)
    __use_no_heap                            0x00040149   Thumb Code     2  hguard.o(.text)
    __heap$guard                             0x0004014b   Thumb Code     2  hguard.o(.text)
    _terminate_user_alloc                    0x0004014d   Thumb Code     2  init_alloc.o(.text)
    _init_user_alloc                         0x0004014f   Thumb Code     2  init_alloc.o(.text)
    __Heap_Full                              0x00040151   Thumb Code    34  init_alloc.o(.text)
    __Heap_Broken                            0x00040173   Thumb Code     6  init_alloc.o(.text)
    _init_alloc                              0x00040179   Thumb Code    94  init_alloc.o(.text)
    __Heap_Initialize                        0x000401d7   Thumb Code    10  h1_init.o(.text)
    __Heap_DescSize                          0x000401e1   Thumb Code     4  h1_init.o(.text)
    __user_libspace                          0x000401e5   Thumb Code     8  libspace.o(.text)
    __user_perproc_libspace                  0x000401e5   Thumb Code     0  libspace.o(.text)
    __user_perthread_libspace                0x000401e5   Thumb Code     0  libspace.o(.text)
    __Heap_ProvideMemory                     0x000401ed   Thumb Code    52  h1_extend.o(.text)
    __rt_SIGRTMEM                            0x00040221   Thumb Code    14  defsig_rtmem_outer.o(.text)
    __I$use$semihosting                      0x0004022f   Thumb Code     0  use_no_semi.o(.text)
    __use_no_semihosting_swi                 0x0004022f   Thumb Code     2  use_no_semi.o(.text)
    __semihosting_library_function           0x00040231   Thumb Code     0  indicate_semi.o(.text)
    __user_setup_stackheap                   0x00040231   Thumb Code    74  sys_stackheap_outer.o(.text)
    exit                                     0x0004027b   Thumb Code    18  exit.o(.text)
    __sig_exit                               0x0004028d   Thumb Code    10  defsig_exit.o(.text)
    __rt_SIGRTMEM_inner                      0x00040299   Thumb Code    22  defsig_rtmem_inner.o(.text)
    _sys_exit                                0x000402e9   Thumb Code     8  sys_exit.o(.text)
    __default_signal_display                 0x000402f5   Thumb Code    50  defsig_general.o(.text)
    _ttywrch                                 0x00040327   Thumb Code    14  sys_wrch.o(.text)
    _fp_init                                 0x00040335   Thumb Code    10  fpinit.o(x$fpl$fpinit)
    __fplib_config_fpu_vfp                   0x0004033d   Thumb Code     0  fpinit.o(x$fpl$fpinit)
    __fplib_config_pureend_doubles           0x0004033d   Thumb Code     0  fpinit.o(x$fpl$fpinit)
    m_ram_start                              0x000403e0   Data           4  nrf_sdh_ble.o(.constdata)
    INVALID_HEADER                           0x00040d14   Data           4  flash_manager.o(.constdata)
    PADDING_HEADER                           0x00040d18   Data           4  flash_manager.o(.constdata)
    SEAL_HEADER                              0x00040d1c   Data           4  flash_manager.o(.constdata)
    Region$$Table$$Base                      0x000412a4   Number         0  anon$$obj.o(Region$$Table)
    Region$$Table$$Limit                     0x000412c4   Number         0  anon$$obj.o(Region$$Table)
    ad_listeners$$Base                       0x000412c4   Number         0  prov_bearer_adv.o(ad_listeners)
    m_pb_adv_ad_listener                     0x000412c4   Data           8  prov_bearer_adv.o(ad_listeners)
    m_mesh_packet_listener                   0x000412cc   Data           8  nrf_mesh.o(ad_listeners)
    m_beacon_listener                        0x000412d4   Data           8  beacon.o(ad_listeners)
    ad_listeners$$Limit                      0x000412dc   Number         0  beacon.o(ad_listeners)
    m_ecdh_offloading_params                 0x000412dc   Data          28  prov_utils.o(mesh_config_entries)
    mesh_config_entries$$Base                0x000412dc   Number         0  prov_utils.o(mesh_config_entries)
    m_access_metadata_params                 0x000412f8   Data          28  access.o(mesh_config_entries)
    m_subscriptions_params                   0x00041314   Data          28  access.o(mesh_config_entries)
    m_elements_params                        0x00041330   Data          28  access.o(mesh_config_entries)
    m_models_params                          0x0004134c   Data          28  access.o(mesh_config_entries)
    m_default_ttl_params                     0x00041368   Data          28  access.o(mesh_config_entries)
    m_dsm_metadata_params                    0x00041384   Data          28  device_state_manager.o(mesh_config_entries)
    m_dsm_unicast_addr_params                0x000413a0   Data          28  device_state_manager.o(mesh_config_entries)
    m_dsm_nonvirtual_addr_params             0x000413bc   Data          28  device_state_manager.o(mesh_config_entries)
    m_dsm_virtual_addr_params                0x000413d8   Data          28  device_state_manager.o(mesh_config_entries)
    m_dsm_subnet_params                      0x000413f4   Data          28  device_state_manager.o(mesh_config_entries)
    m_dsm_appkey_params                      0x00041410   Data          28  device_state_manager.o(mesh_config_entries)
    m_dsm_devkey_params                      0x0004142c   Data          28  device_state_manager.o(mesh_config_entries)
    m_dsm_legacy_subnet_params               0x00041448   Data          28  device_state_manager.o(mesh_config_entries)
    m_dsm_reduced_legacy_appkey_params       0x00041464   Data          28  device_state_manager.o(mesh_config_entries)
    m_dsm_full_legacy_appkey_params          0x00041480   Data          28  device_state_manager.o(mesh_config_entries)
    m_mesh_opt_health_params                 0x0004149c   Data          28  health_server.o(mesh_config_entries)
    m_seqnum_block_legacy_params             0x000414b8   Data          28  net_state.o(mesh_config_entries)
    m_iv_index_legacy_params                 0x000414d4   Data          28  net_state.o(mesh_config_entries)
    m_seqnum_block_params                    0x000414f0   Data          28  net_state.o(mesh_config_entries)
    m_iv_index_params                        0x0004150c   Data          28  net_state.o(mesh_config_entries)
    m_replay_cache_params                    0x00041528   Data          28  replay_cache.o(mesh_config_entries)
    m_seqzero_cache_params                   0x00041544   Data          28  replay_cache.o(mesh_config_entries)
    m_heartbeat_publication_params           0x00041560   Data          28  heartbeat.o(mesh_config_entries)
    m_net_beacon_enable_params               0x0004157c   Data          28  net_beacon.o(mesh_config_entries)
    m_fake_items_pool_params                 0x00041598   Data          28  emergency_cache.o(mesh_config_entries)
    m_mesh_opt_core_adv_params               0x000415b4   Data          28  core_tx_adv.o(mesh_config_entries)
    m_mesh_opt_core_tx_power_params          0x000415d0   Data          28  core_tx_adv.o(mesh_config_entries)
    m_mesh_opt_core_adv_addr_params          0x000415ec   Data          28  core_tx_adv.o(mesh_config_entries)
    m_seqnum_listener                        0x00041608   Data           8  serial_handler_mesh.o(mesh_config_entry_listeners)
    mesh_config_entries$$Limit               0x00041608   Number         0  core_tx_adv.o(mesh_config_entries)
    mesh_config_entry_listeners$$Base        0x00041608   Number         0  serial_handler_mesh.o(mesh_config_entry_listeners)
    m_iv_index_listener                      0x00041610   Data           8  serial_handler_mesh.o(mesh_config_entry_listeners)
    m_heartbeat_relay_listener               0x00041618   Data           8  heartbeat.o(mesh_config_entry_listeners)
    m_access_file                            0x00041620   Data           8  access.o(mesh_config_files)
    mesh_config_entry_listeners$$Limit       0x00041620   Number         0  heartbeat.o(mesh_config_entry_listeners)
    mesh_config_files$$Base                  0x00041620   Number         0  access.o(mesh_config_files)
    m_dsm_file                               0x00041628   Data           8  device_state_manager.o(mesh_config_files)
    m_net_state_file                         0x00041630   Data           8  net_state.o(mesh_config_files)
    m_mesh_opt_core_file                     0x00041638   Data           8  mesh_opt.o(mesh_config_files)
    m_replay_cache_file                      0x00041640   Data           8  replay_cache.o(mesh_config_files)
    m_emergency_cache_file                   0x00041648   Data           8  emergency_cache.o(mesh_config_files)
    mesh_config_files$$Limit                 0x00041650   Number         0  emergency_cache.o(mesh_config_files)
    sdh_soc_observers0$$Base                 0x00041650   Number         0  ble_softdevice_support.o(sdh_soc_observers0)
    sdh_soc_observers0$$Limit                0x00041658   Number         0  ble_softdevice_support.o(sdh_soc_observers0)
    sdh_stack_observers0$$Base               0x00041658   Number         0  nrf_sdh_soc.o(sdh_stack_observers0)
    sdh_stack_observers0$$Limit              0x00041668   Number         0  nrf_sdh_ble.o(sdh_stack_observers0)
    Image$$RW_IRAM1$$Base                    0x20002df0   Number         0  anon$$obj.o ABSOLUTE
    g_log_hex_digits                         0x20002fcc   Data           4  log.o(.data)
    g_log_dbg_msk                            0x20002fd0   Data           4  log.o(.data)
    g_log_dbg_lvl                            0x20002fd4   Data           4  log.o(.data)
    m_log_callback                           0x20002fd8   Data           4  log.o(.data)
    SystemCoreClock                          0x200030c0   Data           4  system_nrf52.o(.data)
    nrf_nvic_state                           0x200031bc   Data          12  app_util_platform.o(.bss)
    m_packet                                 0x200053f8   Data          40  core_tx.o(.bss)
    _SEGGER_RTT                              0x20005d04   Data          72  SEGGER_RTT.o(.bss)
    __libspace_start                         0x200065cc   Data          96  libspace.o(.bss)
    __temporary_stack_top$libspace           0x2000662c   Data           0  libspace.o(.bss)



==============================================================================

Memory Map of the image

  Image Entry point : 0x00026201

  Load Region LR_IROM1 (Base: 0x00026000, Size: 0x0001b954, Max: 0x00051000, ABSOLUTE, COMPRESSED[0x0001b6bc])

    Execution Region ER_IROM1 (Base: 0x00026000, Size: 0x0001b668, Max: 0x00051000, ABSOLUTE)

    Base Addr    Size         Type   Attr      Idx    E Section Name        Object

    0x00026000   0x00000200   Data   RO         4525    RESET               arm_startup_nrf52.o
    0x00026200   0x00000008   Code   RO         4730  * !!!main             c_w.l(__main.o)
    0x00026208   0x00000034   Code   RO         4943    !!!scatter          c_w.l(__scatter.o)
    0x0002623c   0x0000003a   Code   RO         4941    !!dczerorl          c_w.l(__dczerorl.o)
    0x00026276   0x00000002   PAD
    0x00026278   0x0000001c   Code   RO         4945    !!handler_zi        c_w.l(__scatter_zi.o)
    0x00026294   0x00000002   Code   RO         4880    .ARM.Collect$$libinit$$00000000  c_w.l(libinit.o)
    0x00026296   0x00000004   Code   RO         4766    .ARM.Collect$$libinit$$00000001  c_w.l(libinit2.o)
    0x0002629a   0x00000000   Code   RO         4769    .ARM.Collect$$libinit$$00000004  c_w.l(libinit2.o)
    0x0002629a   0x00000008   Code   RO         4770    .ARM.Collect$$libinit$$00000005  c_w.l(libinit2.o)
    0x000262a2   0x00000000   Code   RO         4772    .ARM.Collect$$libinit$$0000000A  c_w.l(libinit2.o)
    0x000262a2   0x00000000   Code   RO         4774    .ARM.Collect$$libinit$$0000000C  c_w.l(libinit2.o)
    0x000262a2   0x00000000   Code   RO         4776    .ARM.Collect$$libinit$$0000000E  c_w.l(libinit2.o)
    0x000262a2   0x00000000   Code   RO         4779    .ARM.Collect$$libinit$$00000011  c_w.l(libinit2.o)
    0x000262a2   0x00000000   Code   RO         4781    .ARM.Collect$$libinit$$00000013  c_w.l(libinit2.o)
    0x000262a2   0x00000000   Code   RO         4783    .ARM.Collect$$libinit$$00000015  c_w.l(libinit2.o)
    0x000262a2   0x00000000   Code   RO         4785    .ARM.Collect$$libinit$$00000017  c_w.l(libinit2.o)
    0x000262a2   0x00000000   Code   RO         4787    .ARM.Collect$$libinit$$00000019  c_w.l(libinit2.o)
    0x000262a2   0x00000000   Code   RO         4789    .ARM.Collect$$libinit$$0000001B  c_w.l(libinit2.o)
    0x000262a2   0x00000000   Code   RO         4791    .ARM.Collect$$libinit$$0000001D  c_w.l(libinit2.o)
    0x000262a2   0x00000000   Code   RO         4793    .ARM.Collect$$libinit$$0000001F  c_w.l(libinit2.o)
    0x000262a2   0x00000000   Code   RO         4795    .ARM.Collect$$libinit$$00000021  c_w.l(libinit2.o)
    0x000262a2   0x00000000   Code   RO         4797    .ARM.Collect$$libinit$$00000023  c_w.l(libinit2.o)
    0x000262a2   0x00000000   Code   RO         4799    .ARM.Collect$$libinit$$00000025  c_w.l(libinit2.o)
    0x000262a2   0x00000000   Code   RO         4803    .ARM.Collect$$libinit$$0000002C  c_w.l(libinit2.o)
    0x000262a2   0x00000000   Code   RO         4805    .ARM.Collect$$libinit$$0000002E  c_w.l(libinit2.o)
    0x000262a2   0x00000000   Code   RO         4807    .ARM.Collect$$libinit$$00000030  c_w.l(libinit2.o)
    0x000262a2   0x00000000   Code   RO         4809    .ARM.Collect$$libinit$$00000032  c_w.l(libinit2.o)
    0x000262a2   0x00000002   Code   RO         4810    .ARM.Collect$$libinit$$00000033  c_w.l(libinit2.o)
    0x000262a4   0x00000002   Code   RO         4938    .ARM.Collect$$libshutdown$$00000000  c_w.l(libshutdown.o)
    0x000262a6   0x00000000   Code   RO         4896    .ARM.Collect$$libshutdown$$00000002  c_w.l(libshutdown2.o)
    0x000262a6   0x00000000   Code   RO         4898    .ARM.Collect$$libshutdown$$00000004  c_w.l(libshutdown2.o)
    0x000262a6   0x00000000   Code   RO         4901    .ARM.Collect$$libshutdown$$00000007  c_w.l(libshutdown2.o)
    0x000262a6   0x00000000   Code   RO         4904    .ARM.Collect$$libshutdown$$0000000A  c_w.l(libshutdown2.o)
    0x000262a6   0x00000000   Code   RO         4906    .ARM.Collect$$libshutdown$$0000000C  c_w.l(libshutdown2.o)
    0x000262a6   0x00000000   Code   RO         4909    .ARM.Collect$$libshutdown$$0000000F  c_w.l(libshutdown2.o)
    0x000262a6   0x00000002   Code   RO         4910    .ARM.Collect$$libshutdown$$00000010  c_w.l(libshutdown2.o)
    0x000262a8   0x00000000   Code   RO         4734    .ARM.Collect$$rtentry$$00000000  c_w.l(__rtentry.o)
    0x000262a8   0x00000000   Code   RO         4817    .ARM.Collect$$rtentry$$00000002  c_w.l(__rtentry2.o)
    0x000262a8   0x00000006   Code   RO         4829    .ARM.Collect$$rtentry$$00000004  c_w.l(__rtentry4.o)
    0x000262ae   0x00000000   Code   RO         4819    .ARM.Collect$$rtentry$$00000009  c_w.l(__rtentry2.o)
    0x000262ae   0x00000004   Code   RO         4820    .ARM.Collect$$rtentry$$0000000A  c_w.l(__rtentry2.o)
    0x000262b2   0x00000000   Code   RO         4822    .ARM.Collect$$rtentry$$0000000C  c_w.l(__rtentry2.o)
    0x000262b2   0x00000008   Code   RO         4823    .ARM.Collect$$rtentry$$0000000D  c_w.l(__rtentry2.o)
    0x000262ba   0x00000002   Code   RO         4883    .ARM.Collect$$rtexit$$00000000  c_w.l(rtexit.o)
    0x000262bc   0x00000000   Code   RO         4914    .ARM.Collect$$rtexit$$00000002  c_w.l(rtexit2.o)
    0x000262bc   0x00000004   Code   RO         4915    .ARM.Collect$$rtexit$$00000003  c_w.l(rtexit2.o)
    0x000262c0   0x00000006   Code   RO         4916    .ARM.Collect$$rtexit$$00000004  c_w.l(rtexit2.o)
    0x000262c6   0x00000002   PAD
    0x000262c8   0x0000001a   Code   RO         4559    .emb_text           app_error_handler_keil.o
    0x000262e2   0x00000002   PAD
    0x000262e4   0x00000000   Code   RO         4835    .emb_text           c_w.l(maybetermalloc1.o)
    0x000262e4   0x00000004   Code   RO          640    .rev16_text         mesh_app_utils.o
    0x000262e8   0x00000004   Code   RO         1087    .rev16_text         prov_provisioner.o
    0x000262ec   0x00000004   Code   RO         1155    .rev16_text         prov_provisionee.o
    0x000262f0   0x00000004   Code   RO         1256    .rev16_text         prov_beacon.o
    0x000262f4   0x00000004   Code   RO         1323    .rev16_text         prov_bearer_adv.o
    0x000262f8   0x00000004   Code   RO         3180    .rev16_text         enc.o
    0x000262fc   0x00000004   Code   RO         3310    .rev16_text         nrf_mesh_keygen.o
    0x00026300   0x00000004   Code   RO         3448    .rev16_text         ccm_soft.o
    0x00026304   0x00000310   Code   RO            4    .text               main.o
    0x00026614   0x00000238   Code   RO          392    .text               mesh_stack.o
    0x0002684c   0x00000240   Code   RO          496    .text               simple_hal.o
    0x00026a8c   0x00000800   Code   RO          564    .text               nrfx_gpiote.o
    0x0002728c   0x00000148   Code   RO          643    .text               mesh_app_utils.o
    0x000273d4   0x000000f0   Code   RO          729    .text               ble_softdevice_support.o
    0x000274c4   0x000000dc   Code   RO          789    .text               app_util_platform.o
    0x000275a0   0x0000004a   Code   RO          862    .text               nrf_section_iter.o
    0x000275ea   0x00000002   PAD
    0x000275ec   0x0000003c   Code   RO          889    .text               nrf_sdh_soc.o
    0x00027628   0x000000fc   Code   RO          928    .text               nrf_sdh_ble.o
    0x00027724   0x00000274   Code   RO          966    .text               nrf_sdh.o
    0x00027998   0x000005d0   Code   RO         1090    .text               prov_provisioner.o
    0x00027f68   0x0000073a   Code   RO         1158    .text               prov_provisionee.o
    0x000286a2   0x00000002   PAD
    0x000286a4   0x00000360   Code   RO         1190    .text               nrf_mesh_prov.o
    0x00028a04   0x00000130   Code   RO         1231    .text               provisioning.o
    0x00028b34   0x000000e0   Code   RO         1259    .text               prov_beacon.o
    0x00028c14   0x00000424   Code   RO         1288    .text               prov_utils.o
    0x00029038   0x00000fbe   Code   RO         1326    .text               prov_bearer_adv.o
    0x00029ff6   0x00000002   PAD
    0x00029ff8   0x00000360   Code   RO         1360    .text               access_publish.o
    0x0002a358   0x0000028c   Code   RO         1390    .text               access_publish_retransmission.o
    0x0002a5e4   0x00001790   Code   RO         1437    .text               access.o
    0x0002bd74   0x00000608   Code   RO         1526    .text               access_reliable.o
    0x0002c37c   0x00002098   Code   RO         1559    .text               device_state_manager.o
    0x0002e414   0x0000017c   Code   RO         1621    .text               composition_data.o
    0x0002e590   0x000022f4   Code   RO         1648    .text               config_server.o
    0x00030884   0x00000036   Code   RO         1716    .text               packed_index_list.o
    0x000308ba   0x00000002   PAD
    0x000308bc   0x00000668   Code   RO         1731    .text               health_server.o
    0x00030f24   0x00000148   Code   RO         1776    .text               serial_uart.o
    0x0003106c   0x000002fc   Code   RO         1815    .text               serial_bearer.o
    0x00031368   0x00000078   Code   RO         1895    .text               serial_handler_common.o
    0x000313e0   0x0000035c   Code   RO         1922    .text               serial_handler_access.o
    0x0003173c   0x000000b4   Code   RO         1954    .text               serial_handler_config.o
    0x000317f0   0x00000032   Code   RO         1981    .text               serial_handler_openmesh.o
    0x00031822   0x00000002   PAD
    0x00031824   0x000002e0   Code   RO         2008    .text               serial.o
    0x00031b04   0x00000568   Code   RO         2054    .text               serial_handler_prov.o
    0x0003206c   0x000002b0   Code   RO         2097    .text               serial_handler_dfu.o
    0x0003231c   0x0000074c   Code   RO         2124    .text               serial_handler_mesh.o
    0x00032a68   0x00000184   Code   RO         2198    .text               serial_handler_models.o
    0x00032bec   0x000002ac   Code   RO         2225    .text               serial_handler_device.o
    0x00032e98   0x00000088   Code   RO         2253    .text               nrf_mesh_serial.o
    0x00032f20   0x00000038   Code   RO         2277    .text               serial_handler_app.o
    0x00032f58   0x00000008   Code   RO         2303    .text               nrf_mesh_weak.o
    0x00032f60   0x000001a8   Code   RO         2327    .text               app_error_weak.o
    0x00033108   0x00000020   Code   RO         2355    .text               assertion_handler_weak.o
    0x00033128   0x00000048   Code   RO         2399    .text               nrf_mesh_configure.o
    0x00033170   0x00000090   Code   RO         2446    .text               msg_cache.o
    0x00033200   0x00001520   Code   RO         2476    .text               transport.o
    0x00034720   0x000000a0   Code   RO         2518    .text               event.o
    0x000347c0   0x0000040e   Code   RO         2544    .text               packet_buffer.o
    0x00034bce   0x00000002   PAD
    0x00034bd0   0x00000618   Code   RO         2568    .text               flash_manager_defrag.o
    0x000351e8   0x0000015a   Code   RO         2606    .text               fifo.o
    0x00035342   0x00000002   PAD
    0x00035344   0x000000a4   Code   RO         2634    .text               nrf_flash.o
    0x000353e8   0x00000668   Code   RO         2661    .text               net_state.o
    0x00035a50   0x000004a4   Code   RO         2705    .text               mesh_flash.o
    0x00035ef4   0x00000054   Code   RO         2736    .text               nrf_mesh_utils.o
    0x00035f48   0x00000334   Code   RO         2761    .text               nrf_mesh.o
    0x0003627c   0x00000152   Code   RO         2814    .text               queue.o
    0x000363ce   0x00000002   PAD
    0x000363d0   0x0000009c   Code   RO         2842    .text               hal.o
    0x0003646c   0x0000014e   Code   RO         2874    .text               aes_cmac.o
    0x000365ba   0x00000002   PAD
    0x000365bc   0x00000268   Code   RO         2904    .text               timer_scheduler.o
    0x00036824   0x000001d0   Code   RO         2930    .text               timer.o
    0x000369f4   0x00000094   Code   RO         2983    .text               rand.o
    0x00036a88   0x00000008   Code   RO         3031    .text               mesh_opt.o
    0x00036a90   0x000003d4   Code   RO         3059    .text               timeslot.o
    0x00036e64   0x000002b0   Code   RO         3111    .text               timeslot_timer.o
    0x00037114   0x00000448   Code   RO         3142    .text               bearer_event.o
    0x0003755c   0x000002a4   Code   RO         3183    .text               enc.o
    0x00037800   0x000005a4   Code   RO         3208    .text               network.o
    0x00037da4   0x000003d0   Code   RO         3253    .text               net_packet.o
    0x00038174   0x00000114   Code   RO         3285    .text               msqueue.o
    0x00038288   0x00000168   Code   RO         3313    .text               nrf_mesh_keygen.o
    0x000383f0   0x00000178   Code   RO         3349    .text               list.o
    0x00038568   0x000000b4   Code   RO         3376    .text               log.o
    0x0003861c   0x00000ce8   Code   RO         3416    .text               flash_manager.o
    0x00039304   0x0000023c   Code   RO         3451    .text               ccm_soft.o
    0x00039540   0x00000498   Code   RO         3493    .text               replay_cache.o
    0x000399d8   0x00000174   Code   RO         3532    .text               beacon.o
    0x00039b4c   0x0000006c   Code   RO         3560    .text               flash_manager_internal.o
    0x00039bb8   0x00000240   Code   RO         3588    .text               core_tx.o
    0x00039df8   0x0000045e   Code   RO         3616    .text               heartbeat.o
    0x0003a256   0x00000002   PAD
    0x0003a258   0x00000494   Code   RO         3659    .text               net_beacon.o
    0x0003a6ec   0x00000414   Code   RO         3704    .text               mesh_config.o
    0x0003ab00   0x00000234   Code   RO         3765    .text               mesh_config_backend.o
    0x0003ad34   0x000003f0   Code   RO         3800    .text               mesh_config_flashman_glue.o
    0x0003b124   0x00000138   Code   RO         3915    .text               core_tx_local.o
    0x0003b25c   0x00000048   Code   RO         3943    .text               emergency_cache.o
    0x0003b2a4   0x00000438   Code   RO         3985    .text               core_tx_adv.o
    0x0003b6dc   0x0000000e   Code   RO         4021    .text               mesh_mem_stdlib.o
    0x0003b6ea   0x00000002   PAD
    0x0003b6ec   0x000000a4   Code   RO         4036    .text               ad_listener.o
    0x0003b790   0x000000f4   Code   RO         4070    .text               ad_type_filter.o
    0x0003b884   0x000005c4   Code   RO         4140    .text               advertiser.o
    0x0003be48   0x00000518   Code   RO         4179    .text               bearer_handler.o
    0x0003c360   0x000001c4   Code   RO         4213    .text               broadcast.o
    0x0003c524   0x000000d0   Code   RO         4246    .text               filter_engine.o
    0x0003c5f4   0x00000194   Code   RO         4301    .text               radio_config.o
    0x0003c788   0x000005dc   Code   RO         4355    .text               scanner.o
    0x0003cd64   0x00000244   Code   RO         4389    .text               mesh_pa_lna.o
    0x0003cfa8   0x000005c4   Code   RO         4418    .text               app_timer_mesh.o
    0x0003d56c   0x00000074   Code   RO         4453    .text               app_timer_workaround.o
    0x0003d5e0   0x00000344   Code   RO         4480    .text               system_nrf52.o
    0x0003d924   0x00000040   Code   RO         4526    .text               arm_startup_nrf52.o
    0x0003d964   0x00000078   Code   RO         4531    .text               app_error.o
    0x0003d9dc   0x000017e2   Code   RO         4578    .text               libuECC_nrf52832_xxAA.a(uECC.o)
    0x0003f1be   0x00000002   PAD
    0x0003f1c0   0x000007d0   Code   RO         4611    .text               librtt_nrf52832_xxAA.a(SEGGER_RTT.o)
    0x0003f990   0x00000364   Code   RO         4631    .text               librtt_nrf52832_xxAA.a(SEGGER_RTT_printf.o)
    0x0003fcf4   0x00000028   Code   RO         4650    .text               c_w.l(calloc.o)
    0x0003fd1c   0x0000005e   Code   RO         4652    .text               c_w.l(h1_alloc.o)
    0x0003fd7a   0x0000004e   Code   RO         4654    .text               c_w.l(h1_free.o)
    0x0003fdc8   0x000000ee   Code   RO         4710    .text               c_w.l(lludivv7m.o)
    0x0003feb6   0x00000026   Code   RO         4712    .text               c_w.l(llshl.o)
    0x0003fedc   0x00000058   Code   RO         4714    .text               c_w.l(memcmp.o)
    0x0003ff34   0x00000048   Code   RO         4716    .text               c_w.l(strcpy.o)
    0x0003ff7c   0x0000003e   Code   RO         4718    .text               c_w.l(strlen.o)
    0x0003ffba   0x0000008a   Code   RO         4720    .text               c_w.l(rt_memcpy_v6.o)
    0x00040044   0x00000064   Code   RO         4722    .text               c_w.l(rt_memcpy_w.o)
    0x000400a8   0x00000044   Code   RO         4724    .text               c_w.l(rt_memclr.o)
    0x000400ec   0x0000004e   Code   RO         4726    .text               c_w.l(rt_memclr_w.o)
    0x0004013a   0x00000006   Code   RO         4728    .text               c_w.l(heapauxi.o)
    0x00040140   0x00000008   Code   RO         4742    .text               c_w.l(rt_heap_descriptor_intlibspace.o)
    0x00040148   0x00000004   Code   RO         4744    .text               c_w.l(hguard.o)
    0x0004014c   0x0000008a   Code   RO         4746    .text               c_w.l(init_alloc.o)
    0x000401d6   0x0000000e   Code   RO         4750    .text               c_w.l(h1_init.o)
    0x000401e4   0x00000008   Code   RO         4813    .text               c_w.l(libspace.o)
    0x000401ec   0x00000034   Code   RO         4837    .text               c_w.l(h1_extend.o)
    0x00040220   0x0000000e   Code   RO         4841    .text               c_w.l(defsig_rtmem_outer.o)
    0x0004022e   0x00000002   Code   RO         4852    .text               c_w.l(use_no_semi.o)
    0x00040230   0x00000000   Code   RO         4854    .text               c_w.l(indicate_semi.o)
    0x00040230   0x0000004a   Code   RO         4855    .text               c_w.l(sys_stackheap_outer.o)
    0x0004027a   0x00000012   Code   RO         4861    .text               c_w.l(exit.o)
    0x0004028c   0x0000000a   Code   RO         4863    .text               c_w.l(defsig_exit.o)
    0x00040296   0x00000002   PAD
    0x00040298   0x00000050   Code   RO         4869    .text               c_w.l(defsig_rtmem_inner.o)
    0x000402e8   0x0000000c   Code   RO         4881    .text               c_w.l(sys_exit.o)
    0x000402f4   0x00000032   Code   RO         4891    .text               c_w.l(defsig_general.o)
    0x00040326   0x0000000e   Code   RO         4911    .text               c_w.l(sys_wrch.o)
    0x00040334   0x0000000a   Code   RO         4850    x$fpl$fpinit        fz_wm.l(fpinit.o)
    0x0004033e   0x00000002   PAD
    0x00040340   0x00000024   Data   RO            5    .constdata          main.o
    0x00040364   0x0000002c   Data   RO          394    .constdata          mesh_stack.o
    0x00040390   0x00000010   Data   RO          498    .constdata          simple_hal.o
    0x000403a0   0x00000004   Data   RO          566    .constdata          nrfx_gpiote.o
    0x000403a4   0x00000010   Data   RO          890    .constdata          nrf_sdh_soc.o
    0x000403b4   0x0000000c   Data   RO          891    .constdata          nrf_sdh_soc.o
    0x000403c0   0x00000020   Data   RO          929    .constdata          nrf_sdh_ble.o
    0x000403e0   0x00000010   Data   RO          930    .constdata          nrf_sdh_ble.o
    0x000403f0   0x00000010   Data   RO          967    .constdata          nrf_sdh.o
    0x00040400   0x00000028   Data   RO          968    .constdata          nrf_sdh.o
    0x00040428   0x00000010   Data   RO          969    .constdata          nrf_sdh.o
    0x00040438   0x00000010   Data   RO          970    .constdata          nrf_sdh.o
    0x00040448   0x00000010   Data   RO         1091    .constdata          prov_provisioner.o
    0x00040458   0x00000010   Data   RO         1159    .constdata          prov_provisionee.o
    0x00040468   0x00000020   Data   RO         1191    .constdata          nrf_mesh_prov.o
    0x00040488   0x0000000a   Data   RO         1232    .constdata          provisioning.o
    0x00040492   0x00000004   Data   RO         1289    .constdata          prov_utils.o
    0x00040496   0x00000002   PAD
    0x00040498   0x00000067   Data   RO         1290    .constdata          prov_utils.o
    0x000404ff   0x00000001   PAD
    0x00040500   0x00000114   Data   RO         1327    .constdata          prov_bearer_adv.o
    0x00040614   0x00000004   Data   RO         1440    .constdata          access.o
    0x00040618   0x00000004   Data   RO         1441    .constdata          access.o
    0x0004061c   0x00000004   Data   RO         1442    .constdata          access.o
    0x00040620   0x00000004   Data   RO         1443    .constdata          access.o
    0x00040624   0x00000004   Data   RO         1444    .constdata          access.o
    0x00040628   0x0000003e   Data   RO         1445    .constdata          access.o
    0x00040666   0x00000004   Data   RO         1564    .constdata          device_state_manager.o
    0x0004066a   0x00000004   Data   RO         1565    .constdata          device_state_manager.o
    0x0004066e   0x00000004   Data   RO         1566    .constdata          device_state_manager.o
    0x00040672   0x00000004   Data   RO         1567    .constdata          device_state_manager.o
    0x00040676   0x00000004   Data   RO         1568    .constdata          device_state_manager.o
    0x0004067a   0x00000004   Data   RO         1569    .constdata          device_state_manager.o
    0x0004067e   0x00000004   Data   RO         1570    .constdata          device_state_manager.o
    0x00040682   0x00000004   Data   RO         1571    .constdata          device_state_manager.o
    0x00040686   0x00000004   Data   RO         1572    .constdata          device_state_manager.o
    0x0004068a   0x00000004   Data   RO         1573    .constdata          device_state_manager.o
    0x0004068e   0x00000002   PAD
    0x00040690   0x00000036   Data   RO         1574    .constdata          device_state_manager.o
    0x000406c6   0x00000002   PAD
    0x000406c8   0x00000178   Data   RO         1649    .constdata          config_server.o
    0x00040840   0x00000054   Data   RO         1650    .constdata          config_server.o
    0x00040894   0x00000004   Data   RO         1733    .constdata          health_server.o
    0x00040898   0x00000058   Data   RO         1734    .constdata          health_server.o
    0x000408f0   0x00000074   Data   RO         1735    .constdata          health_server.o
    0x00040964   0x000000a8   Data   RO         1923    .constdata          serial_handler_access.o
    0x00040a0c   0x00000048   Data   RO         2009    .constdata          serial.o
    0x00040a54   0x00000007   Data   RO         2099    .constdata          serial_handler_dfu.o
    0x00040a5b   0x00000001   PAD
    0x00040a5c   0x00000004   Data   RO         2126    .constdata          serial_handler_mesh.o
    0x00040a60   0x00000004   Data   RO         2127    .constdata          serial_handler_mesh.o
    0x00040a64   0x00000108   Data   RO         2128    .constdata          serial_handler_mesh.o
    0x00040b6c   0x00000018   Data   RO         2200    .constdata          serial_handler_models.o
    0x00040b84   0x00000058   Data   RO         2227    .constdata          serial_handler_device.o
    0x00040bdc   0x00000008   Data   RO         2356    .constdata          assertion_handler_weak.o
    0x00040be4   0x00000070   Data   RO         2478    .constdata          transport.o
    0x00040c54   0x0000002c   Data   RO         2570    .constdata          flash_manager_defrag.o
    0x00040c80   0x00000004   Data   RO         2664    .constdata          net_state.o
    0x00040c84   0x00000004   Data   RO         2665    .constdata          net_state.o
    0x00040c88   0x00000004   Data   RO         2666    .constdata          net_state.o
    0x00040c8c   0x00000004   Data   RO         2667    .constdata          net_state.o
    0x00040c90   0x00000014   Data   RO         2668    .constdata          net_state.o
    0x00040ca4   0x00000010   Data   RO         2707    .constdata          mesh_flash.o
    0x00040cb4   0x00000004   Data   RO         2737    .constdata          nrf_mesh_utils.o
    0x00040cb8   0x00000058   Data   RO         2762    .constdata          nrf_mesh.o
    0x00040d10   0x00000004   Data   RO         3254    .constdata          net_packet.o
    0x00040d14   0x0000001c   Data   RO         3418    .constdata          flash_manager.o
    0x00040d30   0x00000004   Data   RO         3498    .constdata          replay_cache.o
    0x00040d34   0x00000004   Data   RO         3499    .constdata          replay_cache.o
    0x00040d38   0x00000018   Data   RO         3500    .constdata          replay_cache.o
    0x00040d50   0x00000004   Data   RO         3618    .constdata          heartbeat.o
    0x00040d54   0x00000004   Data   RO         3619    .constdata          heartbeat.o
    0x00040d58   0x00000064   Data   RO         3620    .constdata          heartbeat.o
    0x00040dbc   0x00000004   Data   RO         3661    .constdata          net_beacon.o
    0x00040dc0   0x00000008   Data   RO         3662    .constdata          net_beacon.o
    0x00040dc8   0x00000084   Data   RO         3705    .constdata          mesh_config.o
    0x00040e4c   0x00000038   Data   RO         3801    .constdata          mesh_config_flashman_glue.o
    0x00040e84   0x00000024   Data   RO         3917    .constdata          core_tx_local.o
    0x00040ea8   0x00000004   Data   RO         3946    .constdata          emergency_cache.o
    0x00040eac   0x00000004   Data   RO         3947    .constdata          emergency_cache.o
    0x00040eb0   0x00000004   Data   RO         3987    .constdata          core_tx_adv.o
    0x00040eb4   0x00000004   Data   RO         3988    .constdata          core_tx_adv.o
    0x00040eb8   0x00000004   Data   RO         3989    .constdata          core_tx_adv.o
    0x00040ebc   0x00000030   Data   RO         3990    .constdata          core_tx_adv.o
    0x00040eec   0x00000003   Data   RO         4142    .constdata          advertiser.o
    0x00040eef   0x00000006   Data   RO         4214    .constdata          broadcast.o
    0x00040ef5   0x00000028   Data   RO         4302    .constdata          radio_config.o
    0x00040f1d   0x00000003   PAD
    0x00040f20   0x00000006   Data   RO         4420    .constdata          app_timer_mesh.o
    0x00040f26   0x00000002   PAD
    0x00040f28   0x00000004   Data   RO         4455    .constdata          app_timer_workaround.o
    0x00040f2c   0x000000b4   Data   RO         4579    .constdata          libuECC_nrf52832_xxAA.a(uECC.o)
    0x00040fe0   0x00000010   Data   RO         4632    .constdata          librtt_nrf52832_xxAA.a(SEGGER_RTT_printf.o)
    0x00040ff0   0x0000004e   Data   RO            6    .conststring        main.o
    0x0004103e   0x00000002   PAD
    0x00041040   0x000000e4   Data   RO         1328    .conststring        prov_bearer_adv.o
    0x00041124   0x00000055   Data   RO         1446    .conststring        access.o
    0x00041179   0x00000003   PAD
    0x0004117c   0x00000045   Data   RO         1651    .conststring        config_server.o
    0x000411c1   0x00000003   PAD
    0x000411c4   0x00000041   Data   RO         2479    .conststring        transport.o
    0x00041205   0x00000003   PAD
    0x00041208   0x00000011   Data   RO         3377    .conststring        log.o
    0x00041219   0x00000003   PAD
    0x0004121c   0x00000087   Data   RO         3663    .conststring        net_beacon.o
    0x000412a3   0x00000001   PAD
    0x000412a4   0x00000020   Data   RO         4939    Region$$Table       anon$$obj.o
    0x000412c4   0x00000008   Data   RO         1330    ad_listeners        prov_bearer_adv.o
    0x000412cc   0x00000008   Data   RO         2764    ad_listeners        nrf_mesh.o
    0x000412d4   0x00000008   Data   RO         3533    ad_listeners        beacon.o
    0x000412dc   0x0000001c   Data   RO         1293    mesh_config_entries  prov_utils.o
    0x000412f8   0x0000008c   Data   RO         1453    mesh_config_entries  access.o
    0x00041384   0x00000118   Data   RO         1584    mesh_config_entries  device_state_manager.o
    0x0004149c   0x0000001c   Data   RO         1738    mesh_config_entries  health_server.o
    0x000414b8   0x00000070   Data   RO         2674    mesh_config_entries  net_state.o
    0x00041528   0x00000038   Data   RO         3502    mesh_config_entries  replay_cache.o
    0x00041560   0x0000001c   Data   RO         3623    mesh_config_entries  heartbeat.o
    0x0004157c   0x0000001c   Data   RO         3666    mesh_config_entries  net_beacon.o
    0x00041598   0x0000001c   Data   RO         3949    mesh_config_entries  emergency_cache.o
    0x000415b4   0x00000054   Data   RO         3995    mesh_config_entries  core_tx_adv.o
    0x00041608   0x00000010   Data   RO         2130    mesh_config_entry_listeners  serial_handler_mesh.o
    0x00041618   0x00000008   Data   RO         3624    mesh_config_entry_listeners  heartbeat.o
    0x00041620   0x00000008   Data   RO         1454    mesh_config_files   access.o
    0x00041628   0x00000008   Data   RO         1585    mesh_config_files   device_state_manager.o
    0x00041630   0x00000008   Data   RO         2675    mesh_config_files   net_state.o
    0x00041638   0x00000008   Data   RO         3033    mesh_config_files   mesh_opt.o
    0x00041640   0x00000008   Data   RO         3503    mesh_config_files   replay_cache.o
    0x00041648   0x00000008   Data   RO         3950    mesh_config_files   emergency_cache.o
    0x00041650   0x00000008   Data   RO          730    sdh_soc_observers0  ble_softdevice_support.o
    0x00041658   0x00000008   Data   RO          892    sdh_stack_observers0  nrf_sdh_soc.o
    0x00041660   0x00000008   Data   RO          932    sdh_stack_observers0  nrf_sdh_ble.o


    Execution Region RW_IRAM1 (Base: 0x20002df0, Size: 0x00004c40, Max: 0x0000cf10, ABSOLUTE, COMPRESSED[0x00000054])

    Base Addr    Size         Type   Attr      Idx    E Section Name        Object

    0x20002df0   0x00000001   Data   RW            7    .data               main.o
    0x20002df1   0x00000003   PAD
    0x20002df4   0x00000010   Data   RW          395    .data               mesh_stack.o
    0x20002e04   0x00000018   Data   RW          499    .data               simple_hal.o
    0x20002e1c   0x00000004   Data   RW          791    .data               app_util_platform.o
    0x20002e20   0x00000001   Data   RW          931    .data               nrf_sdh_ble.o
    0x20002e21   0x00000003   Data   RW          971    .data               nrf_sdh.o
    0x20002e24   0x00000004   Data   RW         1260    .data               prov_beacon.o
    0x20002e28   0x00000001   Data   RW         1291    .data               prov_utils.o
    0x20002e29   0x00000001   Data   RW         1292    .data               prov_utils.o
    0x20002e2a   0x00000002   PAD
    0x20002e2c   0x00000008   Data   RW         1329    .data               prov_bearer_adv.o
    0x20002e34   0x0000000c   Data   RW         1362    .data               access_publish.o
    0x20002e40   0x00000008   Data   RW         1447    .data               access.o
    0x20002e48   0x00000001   Data   RW         1448    .data               access.o
    0x20002e49   0x00000002   Data   RW         1449    .data               access.o
    0x20002e4b   0x00000001   Data   RW         1450    .data               access.o
    0x20002e4c   0x00000002   Data   RW         1451    .data               access.o
    0x20002e4e   0x00000001   Data   RW         1452    .data               access.o
    0x20002e4f   0x00000001   Data   RW         1528    .data               access_reliable.o
    0x20002e50   0x00000020   Data   RW         1575    .data               device_state_manager.o
    0x20002e70   0x00000001   Data   RW         1576    .data               device_state_manager.o
    0x20002e71   0x00000001   Data   RW         1577    .data               device_state_manager.o
    0x20002e72   0x00000008   Data   RW         1578    .data               device_state_manager.o
    0x20002e7a   0x00000008   Data   RW         1579    .data               device_state_manager.o
    0x20002e82   0x00000008   Data   RW         1580    .data               device_state_manager.o
    0x20002e8a   0x00000008   Data   RW         1581    .data               device_state_manager.o
    0x20002e92   0x00000008   Data   RW         1582    .data               device_state_manager.o
    0x20002e9a   0x00000008   Data   RW         1583    .data               device_state_manager.o
    0x20002ea2   0x00000002   PAD
    0x20002ea4   0x00000018   Data   RW         1652    .data               config_server.o
    0x20002ebc   0x00000008   Data   RW         1736    .data               health_server.o
    0x20002ec4   0x00000001   Data   RW         1737    .data               health_server.o
    0x20002ec5   0x00000003   PAD
    0x20002ec8   0x0000000c   Data   RW         1777    .data               serial_uart.o
    0x20002ed4   0x00000018   Data   RW         1817    .data               serial_bearer.o
    0x20002eec   0x00000002   Data   RW         2010    .data               serial.o
    0x20002eee   0x00000001   Data   RW         2056    .data               serial_handler_prov.o
    0x20002eef   0x00000001   PAD
    0x20002ef0   0x00000008   Data   RW         2129    .data               serial_handler_mesh.o
    0x20002ef8   0x00000004   Data   RW         2228    .data               serial_handler_device.o
    0x20002efc   0x00000004   Data   RW         2278    .data               serial_handler_app.o
    0x20002f00   0x00000001   Data   RW         2328    .data               app_error_weak.o
    0x20002f01   0x00000003   PAD
    0x20002f04   0x00000004   Data   RW         2448    .data               msg_cache.o
    0x20002f08   0x00000014   Data   RW         2480    .data               transport.o
    0x20002f1c   0x00000008   Data   RW         2519    .data               event.o
    0x20002f24   0x0000000c   Data   RW         2571    .data               flash_manager_defrag.o
    0x20002f30   0x00000015   Data   RW         2669    .data               net_state.o
    0x20002f45   0x00000001   Data   RW         2670    .data               net_state.o
    0x20002f46   0x00000001   Data   RW         2671    .data               net_state.o
    0x20002f47   0x00000001   Data   RW         2672    .data               net_state.o
    0x20002f48   0x00000001   Data   RW         2673    .data               net_state.o
    0x20002f49   0x00000003   PAD
    0x20002f4c   0x0000000c   Data   RW         2708    .data               mesh_flash.o
    0x20002f58   0x0000001c   Data   RW         2763    .data               nrf_mesh.o
    0x20002f74   0x00000010   Data   RW         2905    .data               timer_scheduler.o
    0x20002f84   0x00000010   Data   RW         2931    .data               timer.o
    0x20002f94   0x0000000c   Data   RW         3061    .data               timeslot.o
    0x20002fa0   0x00000010   Data   RW         3113    .data               timeslot_timer.o
    0x20002fb0   0x00000018   Data   RW         3144    .data               bearer_event.o
    0x20002fc8   0x00000004   Data   RW         3209    .data               network.o
    0x20002fcc   0x00000004   Data   RW         3378    .data               log.o
    0x20002fd0   0x0000000c   Data   RW         3379    .data               log.o
    0x20002fdc   0x0000001c   Data   RW         3419    .data               flash_manager.o
    0x20002ff8   0x00000018   Data   RW         3501    .data               replay_cache.o
    0x20003010   0x0000000c   Data   RW         3590    .data               core_tx.o
    0x2000301c   0x00000008   Data   RW         3621    .data               heartbeat.o
    0x20003024   0x00000001   Data   RW         3622    .data               heartbeat.o
    0x20003025   0x00000003   PAD
    0x20003028   0x00000008   Data   RW         3664    .data               net_beacon.o
    0x20003030   0x00000001   Data   RW         3665    .data               net_beacon.o
    0x20003031   0x00000003   PAD
    0x20003034   0x00000010   Data   RW         3706    .data               mesh_config.o
    0x20003044   0x0000000c   Data   RW         3766    .data               mesh_config_backend.o
    0x20003050   0x00000008   Data   RW         3802    .data               mesh_config_flashman_glue.o
    0x20003058   0x00000010   Data   RW         3918    .data               core_tx_local.o
    0x20003068   0x00000002   Data   RW         3948    .data               emergency_cache.o
    0x2000306a   0x00000002   PAD
    0x2000306c   0x00000008   Data   RW         3991    .data               core_tx_adv.o
    0x20003074   0x00000002   Data   RW         3992    .data               core_tx_adv.o
    0x20003076   0x00000002   Data   RW         3993    .data               core_tx_adv.o
    0x20003078   0x00000002   Data   RW         3994    .data               core_tx_adv.o
    0x2000307a   0x00000002   PAD
    0x2000307c   0x0000001c   Data   RW         4180    .data               bearer_handler.o
    0x20003098   0x00000008   Data   RW         4215    .data               broadcast.o
    0x200030a0   0x00000006   Data   RW         4390    .data               mesh_pa_lna.o
    0x200030a6   0x00000002   PAD
    0x200030a8   0x00000018   Data   RW         4421    .data               app_timer_mesh.o
    0x200030c0   0x00000004   Data   RW         4481    .data               system_nrf52.o
    0x200030c4   0x00000004   Data   RW         4580    .data               libuECC_nrf52832_xxAA.a(uECC.o)
    0x200030c8   0x00000011   Data   RW         4613    .data               librtt_nrf52832_xxAA.a(SEGGER_RTT.o)
    0x200030d9   0x00000003   PAD
    0x200030dc   0x00000064   Zero   RW          393    .bss                mesh_stack.o
    0x20003140   0x00000020   Zero   RW          497    .bss                simple_hal.o
    0x20003160   0x0000005c   Zero   RW          565    .bss                nrfx_gpiote.o
    0x200031bc   0x0000000c   Zero   RW          790    .bss                app_util_platform.o
    0x200031c8   0x00000018   Zero   RW         1361    .bss                access_publish.o
    0x200031e0   0x00000064   Zero   RW         1391    .bss                access_publish_retransmission.o
    0x20003244   0x00000094   Zero   RW         1438    .bss                access.o
    0x200032d8   0x0000003c   Zero   RW         1439    .bss                access.o
    0x20003314   0x00000074   Zero   RW         1527    .bss                access_reliable.o
    0x20003388   0x000008b8   Zero   RW         1560    .bss                device_state_manager.o
    0x20003c40   0x00000020   Zero   RW         1561    .bss                device_state_manager.o
    0x20003c60   0x0000000a   Zero   RW         1562    .bss                device_state_manager.o
    0x20003c6a   0x00000002   PAD
    0x20003c6c   0x0000003c   Zero   RW         1563    .bss                device_state_manager.o
    0x20003ca8   0x00000018   Zero   RW         1732    .bss                health_server.o
    0x20003cc0   0x00000428   Zero   RW         1816    .bss                serial_bearer.o
    0x200040e8   0x00000664   Zero   RW         2055    .bss                serial_handler_prov.o
    0x2000474c   0x0000000c   Zero   RW         2098    .bss                serial_handler_dfu.o
    0x20004758   0x0000000c   Zero   RW         2125    .bss                serial_handler_mesh.o
    0x20004764   0x00000018   Zero   RW         2199    .bss                serial_handler_models.o
    0x2000477c   0x0000013c   Zero   RW         2226    .bss                serial_handler_device.o
    0x200048b8   0x00000010   Zero   RW         2400    .bss                nrf_mesh_configure.o
    0x200048c8   0x00000100   Zero   RW         2447    .bss                msg_cache.o
    0x200049c8   0x00000258   Zero   RW         2477    .bss                transport.o
    0x20004c20   0x0000001c   Zero   RW         2569    .bss                flash_manager_defrag.o
    0x20004c3c   0x00000044   Zero   RW         2662    .bss                net_state.o
    0x20004c80   0x0000003c   Zero   RW         2663    .bss                net_state.o
    0x20004cbc   0x00000234   Zero   RW         2706    .bss                mesh_flash.o
    0x20004ef0   0x0000003c   Zero   RW         3032    .bss                mesh_opt.o
    0x20004f2c   0x0000002c   Zero   RW         3060    .bss                timeslot.o
    0x20004f58   0x00000018   Zero   RW         3112    .bss                timeslot_timer.o
    0x20004f70   0x00000158   Zero   RW         3143    .bss                bearer_event.o
    0x200050c8   0x00000110   Zero   RW         3417    .bss                flash_manager.o
    0x200051d8   0x00000190   Zero   RW         3494    .bss                replay_cache.o
    0x20005368   0x00000028   Zero   RW         3495    .bss                replay_cache.o
    0x20005390   0x00000028   Zero   RW         3496    .bss                replay_cache.o
    0x200053b8   0x0000003c   Zero   RW         3497    .bss                replay_cache.o
    0x200053f4   0x00000004   PAD
    0x200053f8   0x00000028   Zero   RW         3589    .bss                core_tx.o
    0x20005420   0x00000064   Zero   RW         3617    .bss                heartbeat.o
    0x20005484   0x000000f8   Zero   RW         3660    .bss                net_beacon.o
    0x2000557c   0x0000000c   Zero   RW         3916    .bss                core_tx_local.o
    0x20005588   0x00000038   Zero   RW         3944    .bss                emergency_cache.o
    0x200055c0   0x0000003c   Zero   RW         3945    .bss                emergency_cache.o
    0x200055fc   0x000002cc   Zero   RW         3986    .bss                core_tx_adv.o
    0x200058c8   0x0000003c   Zero   RW         4071    .bss                ad_type_filter.o
    0x20005904   0x00000010   Zero   RW         4141    .bss                advertiser.o
    0x20005914   0x00000010   Zero   RW         4247    .bss                filter_engine.o
    0x20005924   0x00000294   Zero   RW         4356    .bss                scanner.o
    0x20005bb8   0x0000010c   Zero   RW         4419    .bss                app_timer_mesh.o
    0x20005cc4   0x00000020   Zero   RW         4454    .bss                app_timer_workaround.o
    0x20005ce4   0x00000020   Zero   RW         4532    .bss                app_error.o
    0x20005d04   0x000008c8   Zero   RW         4612    .bss                librtt_nrf52832_xxAA.a(SEGGER_RTT.o)
    0x200065cc   0x00000060   Zero   RW         4814    .bss                c_w.l(libspace.o)
    0x2000662c   0x00000004   PAD
    0x20006630   0x00000400   Zero   RW         4524    HEAP                arm_startup_nrf52.o
    0x20006a30   0x00001000   Zero   RW         4523    STACK               arm_startup_nrf52.o


==============================================================================

Image component sizes


      Code (inc. data)   RO Data    RW Data    ZI Data      Debug   Object Name

      6032        182        315         15        208      55929   access.o
       864         28          0         12         24       5931   access_publish.o
       652         10          0          0        100      11487   access_publish_retransmission.o
      1544        102          0          1        116       9089   access_reliable.o
       164         10          0          0          0       4848   ad_listener.o
       244          8          0          0         60       8663   ad_type_filter.o
         0          0          0          0          0        656   adv_packet_filter.o
      1476         32          3          0         16      14744   advertiser.o
         0          0          0          0          0        536   aes.o
       334          0          0          0          0       5263   aes_cmac.o
       120          4          0          0         32       3493   app_error.o
        26          0          0          0          0        528   app_error_handler_keil.o
       424        202          0          1          0       2038   app_error_weak.o
      1476         46          6         24        268      43794   app_timer_mesh.o
       116         62          4          0         32       1509   app_timer_workaround.o
       220         14          0          4         12      40825   app_util_platform.o
        64         26        512          0       5120        292   arm_startup_nrf52.o
        32          6          8          0          0        605   assertion_handler_weak.o
       372         96          8          0          0       2871   beacon.o
      1096         32          0         24        344      47690   bearer_event.o
      1304         50          0         28          0      37773   bearer_handler.o
       240        106          8          0          0       8049   ble_softdevice_support.o
       452         44          6          8          0       3725   broadcast.o
       576          0          0          0          0       4564   ccm_soft.o
       380          0          0          0          0       3938   composition_data.o
      8948        162        529         24          0      65008   config_server.o
       576         10          0         12         40       4402   core_tx.o
      1080         26        144         14        716      10840   core_tx_adv.o
       312         18         36         16         12       2637   core_tx_local.o
      8344        268        382         82       2334      52450   device_state_manager.o
        72         10         44          2        116       6681   emergency_cache.o
       680         26          0          0          0       5368   enc.o
       160          4          0          8          0       2122   event.o
       346          0          0          0          0       4247   fifo.o
       208          4          0          0         16       2269   filter_engine.o
      3304        104         28         28        272      25747   flash_manager.o
      1560        138         44         12         28      11965   flash_manager_defrag.o
       108          0          0          0          0       2824   flash_manager_internal.o
       156         20          0          0          0      33991   hal.o
      1640         38        236          9         24      17064   health_server.o
      1118         28        144          9        100      31269   heartbeat.o
       376          0          0          0          0       3794   list.o
       180         50         17         16          0       5661   log.o
       784        382        114          1          0     166021   main.o
       332        130          0          0          0       2329   mesh_app_utils.o
      1044         42        132         16          0      15449   mesh_config.o
       564          8          0         12          0       4629   mesh_config_backend.o
      1008        132         56          8          0      24038   mesh_config_flashman_glue.o
      1188         28         16         12        564       8244   mesh_flash.o
        14          0          0          0          0       1029   mesh_mem_stdlib.o
         8          0          8          0         60       1266   mesh_opt.o
       580         40          0          6          0       4415   mesh_pa_lna.o
       568         76         44         16        100      24107   mesh_stack.o
       144          8          0          4        256       2252   msg_cache.o
       276          0          0          0          0       5194   msqueue.o
      1172         70        175          9        248      10385   net_beacon.o
       976         66          4          0          0      26013   net_packet.o
      1640         50        156         25        128      13937   net_state.o
      1444        160          0          4          0      26619   network.o
       164         10          0          0          0       1858   nrf_flash.o
       820        130         96         28          0       6940   nrf_mesh.o
        72          8          0          0         16       2353   nrf_mesh_configure.o
       364         22          0          0          0       3921   nrf_mesh_keygen.o
       864         12         32          0          0      12301   nrf_mesh_prov.o
       136          0          0          0          0       2075   nrf_mesh_serial.o
        84          4          4          0          0       1848   nrf_mesh_utils.o
         8          0          0          0          0        630   nrf_mesh_weak.o
       628         26         88          3          0      39192   nrf_sdh.o
       252         10         56          1          0       4137   nrf_sdh_ble.o
        60          4         36          0          0       3956   nrf_sdh_soc.o
        74          0          0          0          0       3198   nrf_section_iter.o
      2048         34          4          0         92      64990   nrfx_gpiote.o
        54          0          0          0          0       1139   packed_index_list.o
      1038          0          0          0          0       8730   packet_buffer.o
       228          6          0          4          0       4261   prov_beacon.o
      4034        618        512          8          0      19597   prov_bearer_adv.o
      1854        180         16          0          0       9336   prov_provisionee.o
      1492         86         16          0          0      25464   prov_provisioner.o
      1060         46        135          2          0       9295   prov_utils.o
       304          4         10          0          0       4496   provisioning.o
       338          0          0          0          0       4148   queue.o
       404         24         40          0          0       2880   radio_config.o
       148          6          0          0          0       1867   rand.o
      1176         30         96         24        540      10544   replay_cache.o
      1500         80          0          0        660      39728   scanner.o
       736        150         72          2          0       5603   serial.o
       764         36          0         24       1064      73611   serial_bearer.o
       860          4        168          0          0       7051   serial_handler_access.o
        56          6          0          4          0       1450   serial_handler_app.o
       120          0          0          0          0       2341   serial_handler_common.o
       180          0          0          0          0       1279   serial_handler_config.o
       684         14         88          4        316       5106   serial_handler_device.o
       688         28          7          0         12       2492   serial_handler_dfu.o
      1868         22        288          8         12      43134   serial_handler_mesh.o
       388         10         24          0         24       3982   serial_handler_models.o
        50          0          0          0          0       1125   serial_handler_openmesh.o
      1384        120          0          1       1636      16824   serial_handler_prov.o
       328         20          0         12          0      36862   serial_uart.o
       576         22         16         24         32      45000   simple_hal.o
       836         74          0          4          0      13419   system_nrf52.o
       464         20          0         16          0       3524   timer.o
       616         12          0         16          0       4311   timer_scheduler.o
       980         44          0         12         44      44624   timeslot.o
       688         28          0         16         24      35186   timeslot_timer.o
      5408        482        177         20        600      53141   transport.o

    ----------------------------------------------------------------------
     96020       5590       5220        724      16424    1632055   Object Totals
         0          0         32          0          0          0   (incl. Generated)
        24          0         28         29          6          0   (incl. Padding)

    ----------------------------------------------------------------------

      Code (inc. data)   RO Data    RW Data    ZI Data      Debug   Library Member Name

        58          0          0          0          0          0   __dczerorl.o
         8          0          0          0          0         68   __main.o
         0          0          0          0          0          0   __rtentry.o
        12          0          0          0          0          0   __rtentry2.o
         6          0          0          0          0          0   __rtentry4.o
        52          8          0          0          0          0   __scatter.o
        28          0          0          0          0          0   __scatter_zi.o
        40          0          0          0          0         80   calloc.o
        10          0          0          0          0         68   defsig_exit.o
        50          0          0          0          0         88   defsig_general.o
        80         58          0          0          0         76   defsig_rtmem_inner.o
        14          0          0          0          0         80   defsig_rtmem_outer.o
        18          0          0          0          0         80   exit.o
        94          0          0          0          0         80   h1_alloc.o
        52          0          0          0          0         68   h1_extend.o
        78          0          0          0          0         80   h1_free.o
        14          0          0          0          0         84   h1_init.o
         6          0          0          0          0        152   heapauxi.o
         4          0          0          0          0        136   hguard.o
         0          0          0          0          0          0   indicate_semi.o
       138          0          0          0          0        168   init_alloc.o
         2          0          0          0          0          0   libinit.o
        14          0          0          0          0          0   libinit2.o
         2          0          0          0          0          0   libshutdown.o
         2          0          0          0          0          0   libshutdown2.o
         8          4          0          0         96         68   libspace.o
        38          0          0          0          0         68   llshl.o
       238          0          0          0          0        100   lludivv7m.o
         0          0          0          0          0          0   maybetermalloc1.o
        88          0          0          0          0         76   memcmp.o
         8          4          0          0          0         68   rt_heap_descriptor_intlibspace.o
        68          0          0          0          0         68   rt_memclr.o
        78          0          0          0          0         80   rt_memclr_w.o
       138          0          0          0          0         68   rt_memcpy_v6.o
       100          0          0          0          0         80   rt_memcpy_w.o
         2          0          0          0          0          0   rtexit.o
        10          0          0          0          0          0   rtexit2.o
        72          0          0          0          0         80   strcpy.o
        62          0          0          0          0         76   strlen.o
        12          4          0          0          0         68   sys_exit.o
        74          0          0          0          0         80   sys_stackheap_outer.o
        14          0          0          0          0         76   sys_wrch.o
         2          0          0          0          0         68   use_no_semi.o
        10          0          0          0          0        116   fpinit.o
      2000         38          0         17       2248      17106   SEGGER_RTT.o
       868          6         16          0          0       4259   SEGGER_RTT_printf.o
      6114         12        180          4          0      30816   uECC.o

    ----------------------------------------------------------------------
     10796        134        196         24       2348      54729   Library Totals
        10          0          0          3          4          0   (incl. Padding)

    ----------------------------------------------------------------------

      Code (inc. data)   RO Data    RW Data    ZI Data      Debug   Library Name

      1794         78          0          0         96       2432   c_w.l
        10          0          0          0          0        116   fz_wm.l
      2868         44         16         17       2248      21365   librtt_nrf52832_xxAA.a
      6114         12        180          4          0      30816   libuECC_nrf52832_xxAA.a

    ----------------------------------------------------------------------
     10796        134        196         24       2348      54729   Library Totals

    ----------------------------------------------------------------------

==============================================================================


      Code (inc. data)   RO Data    RW Data    ZI Data      Debug   

    106816       5724       5416        748      18772    1665332   Grand Totals
    106816       5724       5416         84      18772    1665332   ELF Image Totals (compressed)
    106816       5724       5416         84          0          0   ROM Totals

==============================================================================

    Total RO  Size (Code + RO Data)               112232 ( 109.60kB)
    Total RW  Size (RW Data + ZI Data)             19520 (  19.06kB)
    Total ROM Size (Code + RO Data + RW Data)     112316 ( 109.68kB)

==============================================================================

